2022-04-13 15:10:07.451795-0500 0x4246e    Default     0x6c7fb              7859   0    pkd: [com.apple.PlugInKit:discovery] [d 4AA3C8C7-CACA-4ED8-866F-2841A9CA5811] [u 1F2062AF-2D5E-4C72-A924-B3A15BD88CF1] [com.apple.PeopleViewService.PeopleWidget-iOS(1.0)] Created plugin
2022-04-13 15:10:07.453666-0500 0x4229d    Default     0x6c20d              7831   0    callservicesd: (PlugInKit) [com.apple.PlugInKit:discovery] <PKDiscoveryDriver:0x600003635560> delivering update to host (0 plugins)
2022-04-13 15:10:07.452023-0500 0x42182    Default     0x6c63f              7792   0    SpringBoard: (UserNotificationsUI) [com.apple.UserNotificationsUI:Extensions] Loaded extension com.apple.BarcodeSupport.BarcodeNotificationExtension for categories [ barcodeNotificationCategory ] with attributes: {
    NSExtensionPointName = "com.apple.usernotifications.content-extension";
    NSExtensionPointVersion = "1.0";
    NSExtensionVersion = "1.0";
    UNNotificationExtensionCategory = barcodeNotificationCategory;
    UNNotificationExtensionCustomSectionIdentifier =     (
        "com.apple.barcodesupport.qrcode",
        "com.apple.barcodesupport.nfc"
    );
    UNNotificationExtensionDefaultContentHidden = 1;
    UNNotificationExtensionInitialContentSizeRatio = 1;
}
2022-04-13 15:10:07.451888-0500 0x423cb    Default     0x6c20d              7859   0    pkd: [com.apple.PlugInKit:discovery] [d E32C94BA-BB3E-4B0C-87AF-EC2EDA7F662E] Final plugin count: 0
2022-04-13 15:10:07.453723-0500 0x4229d    Activity    0x6c20e              7831   0    callservicesd: (ExtensionFoundation) discovering extensions
2022-04-13 15:10:07.454374-0500 0x4225b    Default     0x0                  7784   0    healthd: (HealthDaemon) [com.apple.HealthKit:default] Ignoring LaunchServices notification for placeholder
2022-04-13 15:10:07.452559-0500 0x42182    Default     0x6c63f              7792   0    SpringBoard: (UserNotificationsUI) [com.apple.UserNotificationsUI:Extensions] Loaded extension com.apple.shortcuts.AutomationNotificationContent for categories [ triggerPromptCategory ] with attributes: {
    NSExtensionPointName = "com.apple.usernotifications.content-extension";
    NSExtensionPointVersion = "1.0";
    NSExtensionVersion = "5.0";
    UNNotificationExtensionCategory =     (
        triggerPromptCategory
    );
    UNNotificationExtensionDefaultContentHidden = 1;
    UNNotificationExtensionInitialContentSizeRatio = "0.25";
}
2022-04-13 15:10:07.454046-0500 0x4229d    Default     0x6c20e              7831   0    callservicesd: (CallKit) [com.apple.calls.callkit:Default] matchingExtensions=(
)
2022-04-13 15:10:07.452763-0500 0x4246e    Default     0x6c7fb              7859   0    pkd: [com.apple.PlugInKit:discovery] [d 4AA3C8C7-CACA-4ED8-866F-2841A9CA5811] [u 16A76885-0AF9-43E7-A318-78F4D332D0E7] [com.apple.reminders.WidgetExtension(7.0)] Created plugin
2022-04-13 15:10:07.454129-0500 0x4229d    Default     0x6c20e              7831   0    callservicesd: [com.apple.calls.callservicesd:Default] Beginning transaction for extensionsChangedForCallDirectoryExtensionManager-16. Transaction count is now 0. Added transaction: <OS_os_transaction: com.apple.calls.callservicesd.CXCallDirectoryNSExtensionManagerDelegate:extensionsChangedForCallDirectoryExtensionManager-16>
2022-04-13 15:10:07.455136-0500 0x41df7    Default     0x0                  7919   0    Spotlight: (SpringBoardHome) [com.apple.SpringBoard:SelectedApplicationDataSource] Install progress did change: <_NSProgressProxy: 0x600001e61200> : Parent: 0x0 (portion: 0) / Fraction completed: 0.0000 / Completed: 0 of 100
2022-04-13 15:10:07.452992-0500 0x42465    Default     0x6cca6              7859   0    pkd: [com.apple.PlugInKit:discovery] [d DEDB4D31-2E3A-4198-8FA4-20EF4C3E239C] Final plugin count: 0
2022-04-13 15:10:07.453942-0500 0x42182    Default     0x6c63f              7792   0    SpringBoard: (UserNotificationsUI) [com.apple.UserNotificationsUI:Extensions] Loaded extension com.apple.SleepHealthUI.SleepNotificationContentExtension for categories [ BedtimeReminderCategory, WindDownReminderCategory ] with attributes: {
    NSExtensionPointName = "com.apple.usernotifications.content-extension";
    NSExtensionPointVersion = "1.0";
    NSExtensionVersion = "1.0";
    UNNotificationExtensionCategory =     (
        BedtimeReminderCategory,
        WindDownReminderCategory
    );
    UNNotificationExtensionCustomSectionIdentifier = "com.apple.Health";
    UNNotificationExtensionInitialContentSizeRatio = "0.001";
}
2022-04-13 15:10:07.454128-0500 0x4247e    Default     0x6cca6              7792   0    SpringBoard: (PlugInKit) [com.apple.PlugInKit:discovery] [d DEDB4D31-2E3A-4198-8FA4-20EF4C3E239C] <PKHost:0x600003437c80> Completed discovery. Final # of matches: 0
2022-04-13 15:10:07.456608-0500 0x423bd    Activity    0x6ccd5              7873   0    installd: (libsystem_containermanager.dylib) container_create_or_lookup_for_current_user
2022-04-13 15:10:07.456054-0500 0x42395    Default     0x6c4bb              7901   0    fileproviderd: (PlugInKit) [com.apple.PlugInKit:lifecycle] [u 0A907F45-CF7E-46DD-BA1E-8F75BB634CE1:m (null)] [com.apple.FileProvider.LocalStorage(1.0)] Ready plugins sent as euid = 501, uid = 501, (persona not available)
2022-04-13 15:10:07.456651-0500 0x42451    Default     0x0                  7849   0    installcoordinationd: [com.apple.installcoordination:daemon] -[IXSClientConnection _client_coordinatorWithUUID:didUpdateProgress:forPhase:overallProgress:]: Client SpringBoard (pid 7792) was not interested in UUID 296ADE2F-0C14-48B0-8A1F-B9EF4CB3B631
2022-04-13 15:10:07.450969-0500 0x42463    Default     0x6bd8e              7859   0    pkd: [com.apple.PlugInKit:discovery] [d 0570766B-5E1F-4C52-B20C-D0A845B41BD1] [u A8F64A5B-54D0-4156-94A8-25F9E69368A8] [com.apple.contacts.ContactsCoreSpotlightExtension(1.0)] Created plugin
2022-04-13 15:10:07.455945-0500 0x41df7    Default     0x0                  7919   0    Spotlight: (SpringBoardHome) [com.apple.SpringBoard:SelectedApplicationDataSource] Install progress did change: <_NSProgressProxy: 0x600001e61200> : Parent: 0x0 (portion: 0) / Fraction completed: 0.0000 / Completed: 0 of 100
2022-04-13 15:10:07.456777-0500 0x41a4f    Default     0x0                  7804   0    CoreSimulatorBridge: (InstallCoordination) [com.apple.installcoordination:framework] -[IXAppInstallCoordinator _clientDelegate_didUpdateProgress:forPhase:overallProgress:]: <IXUpdatingAppInstallCoordinator<0x6000024ee900> identifier:me.nesslab.com.PerformanceVisibility uuid:296ADE2F-0C14-48B0-8A1F-B9EF4CB3B631 creator:InstallCoordination Simple SPI>: Got did update progress delegate with percentComplete 40.000000 phase IXCoordinatorProgressPhaseInstalling overallProgress 80.200001
2022-04-13 15:10:07.456625-0500 0x423bd    Activity    0x6ccd6              7873   0    installd: (libsystem_containermanager.dylib) container_create_or_lookup_for_platform
2022-04-13 15:10:07.456666-0500 0x42451    Default     0x0                  7849   0    installcoordinationd: [com.apple.installcoordination:daemon] -[IXSClientConnection _client_coordinatorWithUUID:didUpdateProgress:forPhase:overallProgress:]: Client appstored (pid 7842) was not interested in UUID 296ADE2F-0C14-48B0-8A1F-B9EF4CB3B631
2022-04-13 15:10:07.454445-0500 0x4246e    Default     0x6c7fb              7859   0    pkd: [com.apple.PlugInKit:discovery] [d 4AA3C8C7-CACA-4ED8-866F-2841A9CA5811] [u BA669885-F808-4F2F-AF79-FC3CC75CE67E] [com.apple.ScreenTimeWidgetApplication.ScreenTimeWidgetExtension(3.0)] Created plugin
2022-04-13 15:10:07.457133-0500 0x423c2    Default     0x6c20e              7871   0    com.apple.CallKit.CallDirectoryMaintenance: (CallKit) [com.apple.calls.callkit:Default] 
2022-04-13 15:10:07.456848-0500 0x41df7    Default     0x0                  7919   0    Spotlight: (SpringBoardHome) [com.apple.SpringBoard:SelectedApplicationDataSource] Install progress did change: <_NSProgressProxy: 0x600001e61200> : Parent: 0x0 (portion: 0) / Fraction completed: 0.0000 / Completed: 0 of 100
2022-04-13 15:10:07.454529-0500 0x4247e    Default     0x6cca6              7792   0    SpringBoard: (PlugInKit) [com.apple.PlugInKit:discovery] <PKDiscoveryDriver:0x600000520060> delivering update to host (0 plugins)
2022-04-13 15:10:07.456999-0500 0x423df    Error       0x6ccd6              7799   0    containermanagerd: [com.apple.containermanager:xpc] [501] command=0, client=<com.apple.installd, u=<501/20/501/2/501>, uid=501, pid=7873, sandboxed=0, platform=7 (1/1/1) [(null)]>, error=21 (CONTAINER_NOT_FOUND)
2022-04-13 15:10:07.456639-0500 0x423bd    Default     0x6ccd6              7873   0    installd: (libsystem_containermanager.dylib) [com.apple.containermanager:xpc] Requesting container lookup; class = 6, identifier = me.nesslab.com.PerformanceVisibility, temp = 0, create = 0, euid = 501, uid = 501
2022-04-13 15:10:07.456702-0500 0x42451    Default     0x0                  7849   0    installcoordinationd: [com.apple.installcoordination:daemon] -[IXSClientConnection _client_coordinatorWithUUID:didUpdateProgress:forPhase:overallProgress:]: Dispatching _client_coordinatorWithUUID:uuid didUpdateProgress:percentComplete forPhase:phase overallProgress:overallProgress to <IXSClientConnection<0x6000035c4690> client:CoreSimulatorBridge (pid 7804)>
2022-04-13 15:10:07.457069-0500 0x41df7    Default     0x0                  7919   0    Spotlight: (SpringBoardHome) [com.apple.SpringBoard:SelectedApplicationDataSource] Install progress did change: <_NSProgressProxy: 0x600001e61200> : Parent: 0x0 (portion: 0) / Fraction completed: 0.0000 / Completed: 0 of 100
2022-04-13 15:10:07.454714-0500 0x42182    Default     0x6c63f              7792   0    SpringBoard: (UserNotificationsUI) [com.apple.UserNotificationsUI:Extensions] Loaded extension com.apple.news.marketingnotificationextension for categories [ extension-marketing ] with attributes: {
    NSExtensionPointName = "com.apple.usernotifications.content-extension";
    NSExtensionPointVersion = "1.0";
    NSExtensionVersion = "1.0";
    UNNotificationExtensionCategory =     (
        "extension-marketing"
    );
    UNNotificationExtensionDefaultContentHidden = 1;
    UNNotificationExtensionInitialContentSizeRatio = "0.1";
}
2022-04-13 15:10:07.457805-0500 0x4246a    Default     0x6c4b9              7901   0    fileproviderd: (PlugInKit) [com.apple.PlugInKit:discovery] [d 5913040D-82CD-4BA6-AE42-3A0FF2805FA9] <PKHost:0x600002b7cd40> Completed discovery. Final # of matches: 4
2022-04-13 15:10:07.457037-0500 0x423bd    Default     0x6ccd5              7873   0    installd: (libsystem_containermanager.dylib) [com.apple.containermanager:unspecified] container_create_or_lookup_for_platform: error = ((container_error_t)21) CONTAINER_NOT_FOUND
2022-04-13 15:10:07.457228-0500 0x41df7    Default     0x0                  7919   0    Spotlight: (SpringBoardHome) [com.apple.SpringBoard:SelectedApplicationDataSource] Install progress did change: <_NSProgressProxy: 0x600001e61200> : Parent: 0x0 (portion: 0) / Fraction completed: 0.0000 / Completed: 0 of 100
2022-04-13 15:10:07.458096-0500 0x41c33    Default     0x6c20e              7871   0    com.apple.CallKit.CallDirectoryMaintenance: [com.apple.calls.calldirectory:Default] requested to synchronize extensions
2022-04-13 15:10:07.455202-0500 0x4247e    Activity    0x6cca8              7792   0    SpringBoard: (ExtensionFoundation) discovering extensions
2022-04-13 15:10:07.457231-0500 0x423df    Error       0x6ccd8              7799   0    containermanagerd: [com.apple.containermanager:xpc] [501] command=0, client=<com.apple.installd, u=<501/20/501/2/501>, uid=501, pid=7873, sandboxed=0, platform=7 (1/1/1) [(null)]>, error=21 (CONTAINER_NOT_FOUND)
2022-04-13 15:10:07.457061-0500 0x423bd    Activity    0x6ccd7              7873   0    installd: (libsystem_containermanager.dylib) container_create_or_lookup_for_current_user
2022-04-13 15:10:07.455559-0500 0x42463    Default     0x6bd8e              7859   0    pkd: [com.apple.PlugInKit:discovery] [d 0570766B-5E1F-4C52-B20C-D0A845B41BD1] [u 07B1791D-693B-492A-9333-935D1FC3002D] [com.apple.PassKit.PassKitSpotlightIndexExtension(1.0)] Created plugin
2022-04-13 15:10:07.457370-0500 0x41df7    Default     0x0                  7919   0    Spotlight: (SpringBoardHome) [com.apple.SpringBoard:SelectedApplicationDataSource] Install progress did change: <_NSProgressProxy: 0x600001e61200> : Parent: 0x0 (portion: 0) / Fraction completed: 0.0000 / Completed: 0 of 100
2022-04-13 15:10:07.458593-0500 0x41c33    Error       0x6c20e              7871   0    com.apple.CallKit.CallDirectoryMaintenance: [com.apple.calls.calldirectory:Default] Unable to initialize CXCallDirectoryStore for reading and writing: Error Domain=NSCocoaErrorDomain Code=513 "You dont have permission to save the file CallDirectory in the folder Library." UserInfo={NSFilePath=/var/mobile/Library/CallDirectory, NSUnderlyingError=0x60000310c6f0 {Error Domain=NSPOSIXErrorDomain Code=13 "Permission denied"}}
2022-04-13 15:10:07.457070-0500 0x423bd    Activity    0x6ccd8              7873   0    installd: (libsystem_containermanager.dylib) container_create_or_lookup_for_platform
2022-04-13 15:10:07.455764-0500 0x4246e    Default     0x6c7fb              7859   0    pkd: [com.apple.PlugInKit:discovery] [d 4AA3C8C7-CACA-4ED8-866F-2841A9CA5811] [u 317F5476-1661-40BC-B389-376682F08A98] [com.apple.Health.Sleep.SleepWidgetExtension(1.0)] Created plugin
2022-04-13 15:10:07.457522-0500 0x41df7    Default     0x0                  7919   0    Spotlight: (SpringBoardHome) [com.apple.SpringBoard:SelectedApplicationDataSource] Install progress did change: <_NSProgressProxy: 0x600001e61200> : Parent: 0x0 (portion: 0) / Fraction completed: 0.0000 / Completed: 0 of 100
2022-04-13 15:10:07.458792-0500 0x4245e    Error       0x6c20e              7831   0    callservicesd: [com.apple.calls.callservicesd:Default] Error synchronizing call directory extensions: Error Domain=com.apple.CallKit.error.calldirectorymanager Code=0 "(null)"
2022-04-13 15:10:07.458483-0500 0x423df    Error       0x6ccda              7799   0    containermanagerd: [com.apple.containermanager:xpc] [501] command=0, client=<com.apple.installd, u=<501/20/501/2/501>, uid=501, pid=7873, sandboxed=0, platform=7 (1/1/1) [(null)]>, error=21 (CONTAINER_NOT_FOUND)
2022-04-13 15:10:07.457080-0500 0x423bd    Default     0x6ccd8              7873   0    installd: (libsystem_containermanager.dylib) [com.apple.containermanager:xpc] Requesting container lookup; class = 6, identifier = me.nesslab.com.PerformanceVisibility, temp = 0, create = 0, euid = 501, uid = 501
2022-04-13 15:10:07.457801-0500 0x41df7    Default     0x0                  7919   0    Spotlight: (SpringBoardHome) [com.apple.SpringBoard:SelectedApplicationDataSource] Install progress did change: <_NSProgressProxy: 0x600001e61200> : Parent: 0x0 (portion: 0) / Fraction completed: 0.0000 / Completed: 0 of 100
2022-04-13 15:10:07.458898-0500 0x4245e    Default     0x6c20e              7831   0    callservicesd: [com.apple.calls.callservicesd:Default] Ending transaction for extensionsChangedForCallDirectoryExtensionManager-16. Transaction count is now 0. Ended transaction: <OS_os_transaction: com.apple.calls.callservicesd.CXCallDirectoryNSExtensionManagerDelegate:extensionsChangedForCallDirectoryExtensionManager-16>
2022-04-13 15:10:07.457256-0500 0x423bd    Default     0x6ccd7              7873   0    installd: (libsystem_containermanager.dylib) [com.apple.containermanager:unspecified] container_create_or_lookup_for_platform: error = ((container_error_t)21) CONTAINER_NOT_FOUND
2022-04-13 15:10:07.458101-0500 0x41df7    Default     0x0                  7919   0    Spotlight: (SpringBoardHome) [com.apple.SpringBoard:SelectedApplicationDataSource] Install progress did change: <_NSProgressProxy: 0x600001e61200> : Parent: 0x0 (portion: 0) / Fraction completed: 0.0000 / Completed: 0 of 100
2022-04-13 15:10:07.457041-0500 0x42182    Default     0x6c63f              7792   0    SpringBoard: (UserNotificationsUI) [com.apple.UserNotificationsUI:Extensions] Loaded extension com.apple.accessibility.RTTUI.RTTNotifications for categories [ com.apple.RTTNotifications.message ] with attributes: {
    NSExtensionPointName = "com.apple.usernotifications.content-extension";
    NSExtensionPointVersion = "1.0";
    NSExtensionVersion = 1;
    UNNotificationExtensionCategory =     (
        "com.apple.RTTNotifications.message"
    );
    UNNotificationExtensionCustomSectionIdentifier = "com.apple.RTTNotifications";
    UNNotificationExtensionDefaultContentHidden = 1;
    UNNotificationExtensionInitialContentSizeRatio = 1;
    UNNotificationExtensionOverridesDefaultTitle = 1;
    UNNotificationExtensionUserInteractionEnabled = 1;
}
2022-04-13 15:10:07.456515-0500 0x4219a    Activity    0x6c48e              7835   0    useractivityd: (RunningBoardServices) observedProcessStatesDidChange
2022-04-13 15:10:07.457270-0500 0x423bd    Activity    0x6ccd9              7873   0    installd: (libsystem_containermanager.dylib) container_create_or_lookup_for_current_user
2022-04-13 15:10:07.456999-0500 0x42463    Default     0x6bd8e              7859   0    pkd: [com.apple.PlugInKit:discovery] [d 0570766B-5E1F-4C52-B20C-D0A845B41BD1] [u 30F1CA73-10DC-43A2-AB5B-B2E77FF35C3A] [com.apple.mobileslideshow.PhotosFileProvider(1.0)] Created plugin
2022-04-13 15:10:07.458232-0500 0x41df7    Default     0x0                  7919   0    Spotlight: (SpringBoardHome) [com.apple.SpringBoard:SelectedApplicationDataSource] Install progress did change: <_NSProgressProxy: 0x600001e61200> : Parent: 0x0 (portion: 0) / Fraction completed: 0.0000 / Completed: 0 of 100
2022-04-13 15:10:07.459882-0500 0x4219a    Default     0x6c48e              7835   0    useractivityd: (RunningBoardServices) [com.apple.runningboard:monitor] Received state update for 7928
2022-04-13 15:10:07.457482-0500 0x423bd    Activity    0x6ccda              7873   0    installd: (libsystem_containermanager.dylib) container_create_or_lookup_for_platform
2022-04-13 15:10:07.457424-0500 0x4246e    Default     0x6c7fb              7859   0    pkd: [com.apple.PlugInKit:discovery] [d 4AA3C8C7-CACA-4ED8-866F-2841A9CA5811] [u 40871B86-2016-4EA9-ACF1-139329D970CF] [com.apple.news.tag(7.2)] Created plugin
2022-04-13 15:10:07.458497-0500 0x41df7    Default     0x0                  7919   0    Spotlight: (SpringBoardHome) [com.apple.SpringBoard:SelectedApplicationDataSource] Install progress did change: <_NSProgressProxy: 0x600001e61200> : Parent: 0x0 (portion: 0) / Fraction completed: 0.6000 / Completed: 60 of 100
2022-04-13 15:10:07.459967-0500 0x423df    Error       0x6ccdc              7799   0    containermanagerd: [com.apple.containermanager:xpc] [501] command=0, client=<com.apple.installd, u=<501/20/501/2/501>, uid=501, pid=7873, sandboxed=0, platform=7 (1/1/1) [(null)]>, error=21 (CONTAINER_NOT_FOUND)
2022-04-13 15:10:07.457850-0500 0x42182    Default     0x6c63f              7792   0    SpringBoard: (UserNotificationsUI) [com.apple.UserNotificationsUI:Extensions] Loaded extension com.apple.SeymourServices.SeymourNotifications for categories [ fitcored-engagement-category ] with attributes: {
    NSExtensionPointName = "com.apple.usernotifications.content-extension";
    NSExtensionPointVersion = "1.0";
    NSExtensionVersion = "1.0";
    UNNotificationExtensionCategory =     (
        "fitcored-engagement-category"
    );
    UNNotificationExtensionCustomSectionIdentifier = "com.apple.Fitness";
    UNNotificationExtensionDefaultContentHidden = 1;
    UNNotificationExtensionInitialContentSizeRatio = "0.1";
    UNNotificationExtensionUserInteractionEnabled = 1;
}
2022-04-13 15:10:07.457961-0500 0x423bd    Default     0x6ccda              7873   0    installd: (libsystem_containermanager.dylib) [com.apple.containermanager:xpc] Requesting container lookup; class = 4, identifier = me.nesslab.com.PerformanceVisibility, temp = 0, create = 0, euid = 501, uid = 501
2022-04-13 15:10:07.460490-0500 0x42451    Default     0x0                  7849   0    installcoordinationd: [com.apple.installcoordination:daemon] -[IXSClientConnection _client_coordinatorWithUUID:didUpdateProgress:forPhase:overallProgress:]: Client SpringBoard (pid 7792) was not interested in UUID 296ADE2F-0C14-48B0-8A1F-B9EF4CB3B631
2022-04-13 15:10:07.460600-0500 0x420bd    Default     0x0                  7804   0    CoreSimulatorBridge: (InstallCoordination) [com.apple.installcoordination:framework] -[IXAppInstallCoordinator _clientDelegate_didUpdateProgress:forPhase:overallProgress:]: <IXUpdatingAppInstallCoordinator<0x6000024ee900> identifier:me.nesslab.com.PerformanceVisibility uuid:296ADE2F-0C14-48B0-8A1F-B9EF4CB3B631 creator:InstallCoordination Simple SPI>: Got did update progress delegate with percentComplete 50.000000 phase IXCoordinatorProgressPhaseInstalling overallProgress 83.500001
2022-04-13 15:10:07.458670-0500 0x41df7    Default     0x0                  7919   0    Spotlight: (SpringBoardHome) [com.apple.SpringBoard:SelectedApplicationDataSource] Install progress did change: <_NSProgressProxy: 0x600001e61200> : Parent: 0x0 (portion: 0) / Fraction completed: 0.6000 / Completed: 60 of 100
2022-04-13 15:10:07.458528-0500 0x423bd    Default     0x6ccd9              7873   0    installd: (libsystem_containermanager.dylib) [com.apple.containermanager:unspecified] container_create_or_lookup_for_platform: error = ((container_error_t)21) CONTAINER_NOT_FOUND
2022-04-13 15:10:07.460505-0500 0x42451    Default     0x0                  7849   0    installcoordinationd: [com.apple.installcoordination:daemon] -[IXSClientConnection _client_coordinatorWithUUID:didUpdateProgress:forPhase:overallProgress:]: Client appstored (pid 7842) was not interested in UUID 296ADE2F-0C14-48B0-8A1F-B9EF4CB3B631
2022-04-13 15:10:07.460987-0500 0x423b2    Activity    0x6c5e7              7782   0    mediaremoted: (RunningBoardServices) observedProcessStatesDidChange
2022-04-13 15:10:07.458805-0500 0x41df7    Default     0x0                  7919   0    Spotlight: (SpringBoardHome) [com.apple.SpringBoard:SelectedApplicationDataSource] Install progress did change: <_NSProgressProxy: 0x600001e61200> : Parent: 0x0 (portion: 0) / Fraction completed: 0.6000 / Completed: 60 of 100
2022-04-13 15:10:07.458687-0500 0x42182    Default     0x6c63f              7792   0    SpringBoard: (UserNotificationsUI) [com.apple.UserNotificationsUI:Extensions] Loaded extension com.apple.coreaudio.haenotifications.HAENotificationContentExtension for categories [ hae.loud.ios, hae.weekly.ios ] with attributes: {
    NSExtensionPointName = "com.apple.usernotifications.content-extension";
    NSExtensionPointVersion = "1.0";
    NSExtensionVersion = "1.0";
    UNNotificationExtensionCategory =     (
        "hae.loud.ios",
        "hae.weekly.ios"
    );
    UNNotificationExtensionCustomSectionIdentifier = "com.apple.coreaudio.adam.hae";
    UNNotificationExtensionDefaultContentHidden = 1;
    UNNotificationExtensionInitialContentSizeRatio = "0.1";
    "UNNotificationExtensionUserInteractionEnabled " = 1;
}
2022-04-13 15:10:07.458772-0500 0x423bd    Activity    0x6ccdb              7873   0    installd: (libsystem_containermanager.dylib) container_create_or_lookup_for_current_user
2022-04-13 15:10:07.460517-0500 0x42451    Default     0x0                  7849   0    installcoordinationd: [com.apple.installcoordination:daemon] -[IXSClientConnection _client_coordinatorWithUUID:didUpdateProgress:forPhase:overallProgress:]: Dispatching _client_coordinatorWithUUID:uuid didUpdateProgress:percentComplete forPhase:phase overallProgress:overallProgress to <IXSClientConnection<0x6000035c4690> client:CoreSimulatorBridge (pid 7804)>
2022-04-13 15:10:07.458695-0500 0x42463    Default     0x6bd8e              7859   0    pkd: [com.apple.PlugInKit:discovery] [d 0570766B-5E1F-4C52-B20C-D0A845B41BD1] [u 79E7620E-4946-45BB-BB94-6733E1DC5BCC] [com.apple.reminders.spotlightindexextension(7.0)] Created plugin
2022-04-13 15:10:07.458944-0500 0x41df7    Default     0x0                  7919   0    Spotlight: (SpringBoardHome) [com.apple.SpringBoard:SelectedApplicationDataSource] Install progress did change: <_NSProgressProxy: 0x600001e61200> : Parent: 0x0 (portion: 0) / Fraction completed: 0.6000 / Completed: 60 of 100
2022-04-13 15:10:07.459153-0500 0x423bd    Activity    0x6ccdc              7873   0    installd: (libsystem_containermanager.dylib) container_create_or_lookup_for_platform
2022-04-13 15:10:07.461453-0500 0x423df    Default     0x6ccde              7799   0    containermanagerd: [com.apple.containermanager:fs] stat [/Users/ness/Library/Developer/CoreSimulator/Devices/5B48DBF1-4B28-46D9-84C9-4B38BC6DF152/data/Containers/Staging/8059A6C8-7717-4FDB-B20B-E1EBBAA2E01A]: exists: 0, isDirectory: 0, fsNode: (null)
2022-04-13 15:10:07.456409-0500 0x42465    Default     0x6c4bb              7859   0    pkd: [com.apple.PlugInKit:lifecycle] Ready plugins received as euid = 501, uid = 501, (persona not available)
2022-04-13 15:10:07.459439-0500 0x41df7    Default     0x0                  7919   0    Spotlight: (SpringBoardHome) [com.apple.SpringBoard:SelectedApplicationDataSource] Install progress did change: <_NSProgressProxy: 0x600001e61200> : Parent: 0x0 (portion: 0) / Fraction completed: 0.6000 / Completed: 60 of 100
2022-04-13 15:10:07.459405-0500 0x42182    Default     0x6c63f              7792   0    SpringBoard: (UserNotificationsUI) [com.apple.UserNotificationsUI:Extensions] Loaded extension com.apple.Passbook.NotificationContentExtension for categories [ PKPaymentTransactionNotificationCategory, PKTransitPaymentTransactionNotificationCategory, PDUserNotificationTypePassTransitRelevancy ] with attributes: {
    NSExtensionPointName = "com.apple.usernotifications.content-extension";
    NSExtensionPointVersion = "1.0";
    NSExtensionVersion = "1.0";
    UNNotificationExtensionCategory =     (
        PKPaymentTransactionNotificationCategory,
        PKTransitPaymentTransactionNotificationCategory,
        PDUserNotificationTypePassTransitRelevancy
    );
    UNNotificationExtensionDefaultContentHidden = 1;
    UNNotificationExtensionInitialContentSizeRatio = "0.5";
}
2022-04-13 15:10:07.459518-0500 0x423bd    Default     0x6ccdc              7873   0    installd: (libsystem_containermanager.dylib) [com.apple.containermanager:xpc] Requesting container lookup; class = 4, identifier = me.nesslab.com.PerformanceVisibility, temp = 0, create = 0, euid = 501, uid = 501
2022-04-13 15:10:07.459752-0500 0x41df7    Default     0x0                  7919   0    Spotlight: (SpringBoardHome) [com.apple.SpringBoard:SelectedApplicationDataSource] Install progress did change: <_NSProgressProxy: 0x600001e61200> : Parent: 0x0 (portion: 0) / Fraction completed: 0.6000 / Completed: 60 of 100
2022-04-13 15:10:07.459994-0500 0x423bd    Default     0x6ccdb              7873   0    installd: (libsystem_containermanager.dylib) [com.apple.containermanager:unspecified] container_create_or_lookup_for_platform: error = ((container_error_t)21) CONTAINER_NOT_FOUND
2022-04-13 15:10:07.462026-0500 0x423df    Default     0x6ccde              7799   0    containermanagerd: [com.apple.containermanager:fs] Wrote [/Users/ness/Library/Developer/CoreSimulator/Devices/5B48DBF1-4B28-46D9-84C9-4B38BC6DF152/data/Containers/Staging/8059A6C8-7717-4FDB-B20B-E1EBBAA2E01A/.com.apple.mobile_container_manager.metadata.plist], length = 391, options = 0x10000001, mode = 0666
2022-04-13 15:10:07.459978-0500 0x41df7    Default     0x0                  7919   0    Spotlight: (SpringBoardHome) [com.apple.SpringBoard:SelectedApplicationDataSource] Install progress did change: <_NSProgressProxy: 0x600001e61200> : Parent: 0x0 (portion: 0) / Fraction completed: 0.6000 / Completed: 60 of 100
2022-04-13 15:10:07.460344-0500 0x423bd    Activity    0x6ccdd              7873   0    installd: (libsystem_containermanager.dylib) container_create_or_lookup_for_current_user
2022-04-13 15:10:07.460539-0500 0x41df7    Default     0x0                  7919   0    Spotlight: (SpringBoardHome) [com.apple.SpringBoard:SelectedApplicationDataSource] Install progress did change: <_NSProgressProxy: 0x600001e61200> : Parent: 0x0 (portion: 0) / Fraction completed: 0.6000 / Completed: 60 of 100
2022-04-13 15:10:07.463044-0500 0x42458    Default     0x6c7fb              7822   0    chronod: (PlugInKit) [com.apple.PlugInKit:discovery] [d 4AA3C8C7-CACA-4ED8-866F-2841A9CA5811] <PKHost:0x60000041c4c0> Completed discovery. Final # of matches: 9
2022-04-13 15:10:07.460376-0500 0x42182    Default     0x0                  7792   0    SpringBoard: (PlugInKit) [com.apple.PlugInKit:discovery] Annotations changed, re-performing query for continuous discovery, report block = <0x600002e02e20>.
2022-04-13 15:10:07.460486-0500 0x423bd    Activity    0x6ccde              7873   0    installd: (libsystem_containermanager.dylib) container_create_or_lookup_for_platform
2022-04-13 15:10:07.463112-0500 0x42451    Default     0x0                  7849   0    installcoordinationd: [com.apple.installcoordination:daemon] -[IXSClientConnection _client_coordinatorWithUUID:didUpdateProgress:forPhase:overallProgress:]: Client SpringBoard (pid 7792) was not interested in UUID 296ADE2F-0C14-48B0-8A1F-B9EF4CB3B631
2022-04-13 15:10:07.462130-0500 0x423df    Default     0x6ccde              7799   0    containermanagerd: [com.apple.containermanager:schema] [u C9930A57-E99B-46B2-AA57-B105D21234C3:p 8059A6C8-7717-4FDB-B20B-E1EBBAA2E01A:c me.nesslab.com.PerformanceVisibility(1)] Successfully updated schema from (0)  (0), actions count = 0
2022-04-13 15:10:07.463361-0500 0x41a4f    Default     0x0                  7804   0    CoreSimulatorBridge: (InstallCoordination) [com.apple.installcoordination:framework] -[IXAppInstallCoordinator _clientDelegate_didUpdateProgress:forPhase:overallProgress:]: <IXUpdatingAppInstallCoordinator<0x6000024ee900> identifier:me.nesslab.com.PerformanceVisibility uuid:296ADE2F-0C14-48B0-8A1F-B9EF4CB3B631 creator:InstallCoordination Simple SPI>: Got did update progress delegate with percentComplete 60.000000 phase IXCoordinatorProgressPhaseInstalling overallProgress 86.800001
2022-04-13 15:10:07.461416-0500 0x41df7    Default     0x0                  7919   0    Spotlight: (SpringBoardHome) [com.apple.SpringBoard:SelectedApplicationDataSource] Install progress did change: <_NSProgressProxy: 0x600001e61200> : Parent: 0x0 (portion: 0) / Fraction completed: 0.6000 / Completed: 60 of 100
2022-04-13 15:10:07.461104-0500 0x42378    Activity    0x6c4ec              7904   0    kbd: (RunningBoardServices) observedProcessStatesDidChange
2022-04-13 15:10:07.463118-0500 0x42382    Default     0x6c7fb              7822   0    chronod: (PlugInKit) [com.apple.PlugInKit:discovery] <PKDiscoveryDriver:0x600003513000> delivering update to host (9 plugins)
2022-04-13 15:10:07.460849-0500 0x42182    Activity    0x6cca9              7792   0    SpringBoard: (PlugInKit) discovery
2022-04-13 15:10:07.460958-0500 0x423bd    Default     0x6ccde              7873   0    installd: (libsystem_containermanager.dylib) [com.apple.containermanager:xpc] Requesting container lookup; class = 1, identifier = me.nesslab.com.PerformanceVisibility, temp = 1, create = 1, euid = 501, uid = 501
2022-04-13 15:10:07.463127-0500 0x42451    Default     0x0                  7849   0    installcoordinationd: [com.apple.installcoordination:daemon] -[IXSClientConnection _client_coordinatorWithUUID:didUpdateProgress:forPhase:overallProgress:]: Client appstored (pid 7842) was not interested in UUID 296ADE2F-0C14-48B0-8A1F-B9EF4CB3B631
2022-04-13 15:10:07.460823-0500 0x4246e    Default     0x6c7fb              7859   0    pkd: [com.apple.PlugInKit:discovery] [d 4AA3C8C7-CACA-4ED8-866F-2841A9CA5811] Final plugin count: 9
2022-04-13 15:10:07.462196-0500 0x41df7    Default     0x0                  7919   0    Spotlight: (SpringBoardHome) [com.apple.SpringBoard:SelectedApplicationDataSource] Will add applications for (
    "me.nesslab.com.PerformanceVisibility"
), force placeholders: NO
2022-04-13 15:10:07.462525-0500 0x4245f    Default     0x6bd8f              7860   0    searchd: (CoreSpotlight) [com.apple.corespotlight:default] beginMatchingExtensionsWithAttributes (
    "<EXConcreteExtension: 0x60000370d5c0> {id = com.apple.contacts.ContactsCoreSpotlightExtension}",
    "<EXConcreteExtension: 0x60000371d2c0> {id = com.apple.FileProvider.LocalStorage}",
    "<EXConcreteExtension: 0x60000371cc00> {id = com.apple.eventkitui.spotlight}",
    "<EXConcreteExtension: 0x60000371ca80> {id = com.apple.CloudDocs.MobileDocumentsFileProviderManaged}",
    "<EXConcreteExtension: 0x60000371c900> {id = com.apple.FileProvider.FPSpotlightIndexer}",
    "<EXConcreteExtension: 0x60000370dd40> {id = com.apple.mobileslideshow.PhotosFileProvider}",
    "<EXConcreteExtension: 0x60000370c300> {id = com.apple.PassKit.PassKitSpotlightIndexExtension}",
    "<EXConcreteExtension: 0x60000370da40> {id = com.apple.Preferences.indexSettingsManifests}",
    "<EXConcreteExtension: 0x600003700180> {id = com.apple.CloudDocs.MobileDocumentsFileProvider}",
    "<EXConcreteExtension: 0x600003700fc0> {id = com.apple.reminders.spotlightindexextension}",
    "<EXConcreteExtension: 0x6000037003c0> {id = <decode: missing data>
2022-04-13 15:10:07.463199-0500 0x42382    Activity    0x6c7fd              7822   0    chronod: (ExtensionFoundation) discovering extensions
2022-04-13 15:10:07.461288-0500 0x42182    Default     0x6cca9              7792   0    SpringBoard: (PlugInKit) [com.apple.PlugInKit:discovery] [d 0AFE8E8A-00C1-4055-8B4E-F00CAD38F95E] <PKHost:0x600003437c80> Beginning discovery for flags: 0, point: com.apple.usernotifications.content-extension
2022-04-13 15:10:07.462334-0500 0x423bd    Activity    0x6ccdf              7873   0    installd: (libsystem_containermanager.dylib) container_is_new
2022-04-13 15:10:07.463141-0500 0x42451    Default     0x0                  7849   0    installcoordinationd: [com.apple.installcoordination:daemon] -[IXSClientConnection _client_coordinatorWithUUID:didUpdateProgress:forPhase:overallProgress:]: Dispatching _client_coordinatorWithUUID:uuid didUpdateProgress:percentComplete forPhase:phase overallProgress:overallProgress to <IXSClientConnection<0x6000035c4690> client:CoreSimulatorBridge (pid 7804)>
2022-04-13 15:10:07.462302-0500 0x423df    Default     0x6ccde              7799   0    containermanagerd: [com.apple.containermanager:xpc] [501] command=0, client=<com.apple.installd, u=<501/20/501/2/501>, uid=501, pid=7873, sandboxed=0, platform=7 (1/1/1) [(null)]>, error=(none)
2022-04-13 15:10:07.462590-0500 0x4245f    Default     0x0                  7860   0    searchd: (PlugInKit) [com.apple.PlugInKit:discovery] Annotations changed, re-performing query for continuous discovery, report block = <0x600000c153e0>.
2022-04-13 15:10:07.464232-0500 0x41df7    Default     0x0                  7919   0    Spotlight: (SpringBoardHome) [com.apple.SpringBoard:SelectedApplicationDataSource] Install progress did change: <_NSProgressProxy: 0x600001e61200> : Parent: 0x0 (portion: 0) / Fraction completed: 0.8400 / Completed: 84 of 100
2022-04-13 15:10:07.464541-0500 0x420bd    Default     0x0                  7804   0    CoreSimulatorBridge: (InstallCoordination) [com.apple.installcoordination:framework] -[IXAppInstallCoordinator _clientDelegate_didUpdateProgress:forPhase:overallProgress:]: <IXUpdatingAppInstallCoordinator<0x6000024ee900> identifier:me.nesslab.com.PerformanceVisibility uuid:296ADE2F-0C14-48B0-8A1F-B9EF4CB3B631 creator:InstallCoordination Simple SPI>: Got did update progress delegate with percentComplete 70.000000 phase IXCoordinatorProgressPhaseInstalling overallProgress 90.100001
2022-04-13 15:10:07.462351-0500 0x423bd    Default     0x6ccdd              7873   0    installd: (libsystem_containermanager.dylib) [com.apple.containermanager:unspecified] container_create_or_lookup_for_platform: success
2022-04-13 15:10:07.464424-0500 0x42451    Default     0x0                  7849   0    installcoordinationd: [com.apple.installcoordination:daemon] -[IXSClientConnection _client_coordinatorWithUUID:didUpdateProgress:forPhase:overallProgress:]: Client SpringBoard (pid 7792) was not interested in UUID 296ADE2F-0C14-48B0-8A1F-B9EF4CB3B631
2022-04-13 15:10:07.462654-0500 0x4245f    Activity    0x6cce0              7860   0    searchd: (PlugInKit) discovery
2022-04-13 15:10:07.462184-0500 0x42182    Default     0x0                  7792   0    SpringBoard: (PlugInKit) [com.apple.PlugInKit:discovery] Annotations changed, re-performing query for continuous discovery, report block = <0x600002e02e20>.
2022-04-13 15:10:07.462367-0500 0x423bd    Activity    0x6ccf0              7873   0    installd: (libsystem_containermanager.dylib) container_copy_path
2022-04-13 15:10:07.464437-0500 0x42451    Default     0x0                  7849   0    installcoordinationd: [com.apple.installcoordination:daemon] -[IXSClientConnection _client_coordinatorWithUUID:didUpdateProgress:forPhase:overallProgress:]: Client appstored (pid 7842) was not interested in UUID 296ADE2F-0C14-48B0-8A1F-B9EF4CB3B631
2022-04-13 15:10:07.462044-0500 0x42465    Default     0x6c4bb              7859   0    pkd: [com.apple.PlugInKit:lifecycle] [u 0A907F45-CF7E-46DD-BA1E-8F75BB634CE1] [com.apple.FileProvider.LocalStorage(1.0)] will be managed by runningboard
2022-04-13 15:10:07.462711-0500 0x4245f    Default     0x6cce0              7860   0    searchd: (PlugInKit) [com.apple.PlugInKit:discovery] [d E8CFC993-79CB-4583-A2A6-2972189E80FF] <PKHost:0x60000171c740> Beginning discovery for flags: 0, point: multiple
2022-04-13 15:10:07.462511-0500 0x42182    Activity    0x6ccaa              7792   0    SpringBoard: (PlugInKit) discovery
2022-04-13 15:10:07.464875-0500 0x423df    Default     0x6ccf2              7799   0    containermanagerd: [com.apple.containermanager:fs] stat [/Users/ness/Library/Developer/CoreSimulator/Devices/5B48DBF1-4B28-46D9-84C9-4B38BC6DF152/data/Containers/Data/Application/5402DB51-87AF-4EE2-BEB0-B72B41478106/.com.apple.mobile_container_manager.metadata.plist]: exists: 1, isDirectory: 0, fsNode: <MCMFSNode: 0x600003fd4bc0; inode = 32615757, device = 16777231>
2022-04-13 15:10:07.462541-0500 0x423bd    Default     0x0                  7873   0    installd: (libsystem_containermanager.dylib) [com.apple.containermanager:unspecified] container_copy_path: success
2022-04-13 15:10:07.465427-0500 0x42379    Default     0x6cc81              7935   0    companionappd: (PlugInKit) [com.apple.PlugInKit:discovery] [d 93506A16-4A12-4CFE-8E83-A8950C75C8D2] <PKHost:0x600000d29e40> Completed discovery. Final # of matches: 0
2022-04-13 15:10:07.464449-0500 0x42451    Default     0x0                  7849   0    installcoordinationd: [com.apple.installcoordination:daemon] -[IXSClientConnection _client_coordinatorWithUUID:didUpdateProgress:forPhase:overallProgress:]: Dispatching _client_coordinatorWithUUID:uuid didUpdateProgress:percentComplete forPhase:phase overallProgress:overallProgress to <IXSClientConnection<0x6000035c4690> client:CoreSimulatorBridge (pid 7804)>
2022-04-13 15:10:07.460233-0500 0x42463    Default     0x6bd8e              7859   0    pkd: [com.apple.PlugInKit:discovery] [d 0570766B-5E1F-4C52-B20C-D0A845B41BD1] [u 154AACE4-9892-44AF-923B-944E4495BE37] [com.apple.CloudDocs.MobileDocumentsFileProvider(1.0)] Created plugin
2022-04-13 15:10:07.465241-0500 0x4245a    Activity    0x6ccb6              7780   0    runningboardd: (RunningBoard) lookupHandleForPredicate
2022-04-13 15:10:07.462997-0500 0x42182    Default     0x6ccaa              7792   0    SpringBoard: (PlugInKit) [com.apple.PlugInKit:discovery] [d 7BFFFEE1-63CC-440A-AD74-8897CB6E4881] <PKHost:0x600003437c80> Beginning discovery for flags: 0, point: com.apple.usernotifications.content-extension
2022-04-13 15:10:07.464910-0500 0x423df    Default     0x6ccf2              7799   0    containermanagerd: [com.apple.containermanager:xpc] [501] command=0, client=<com.apple.installd, u=<501/20/501/2/501>, uid=501, pid=7873, sandboxed=0, platform=7 (1/1/1) [(null)]>, error=(none)
2022-04-13 15:10:07.463544-0500 0x423bd    Default     0x0                  7873   0    installd: (MobileSystemServices) 0x16dc6b000 -[MIInstallableBundle _setBundleMetadataWithError:]: Setting skip watch app install flag
2022-04-13 15:10:07.465504-0500 0x42379    Default     0x6cc81              7935   0    companionappd: (PlugInKit) [com.apple.PlugInKit:discovery] <PKDiscoveryDriver:0x600003c24360> delivering update to host (0 plugins)
2022-04-13 15:10:07.462686-0500 0x423cb    Default     0x6cc81              7859   0    pkd: (CoreServices) [com.apple.launchservices:default] No plugins found to match query {
    WKAppBundleIdentifier = "<>";
}
2022-04-13 15:10:07.464163-0500 0x423bd    Activity    0x6ccf1              7873   0    installd: (libsystem_containermanager.dylib) container_create_or_lookup_for_current_user
2022-04-13 15:10:07.463035-0500 0x42465    Default     0x6c4bb              7859   0    pkd: [com.apple.PlugInKit:lifecycle] [u 0A907F45-CF7E-46DD-BA1E-8F75BB634CE1] [com.apple.FileProvider.LocalStorage(1.0)] Allowing host pid 7901 to use plugin [/Applications/Xcode.app/Contents/Developer/Platforms/iPhoneOS.platform/Library/Developer/CoreSimulator/Profiles/Runtimes/iOS.simruntime/Contents/Resources/RuntimeRoot/System/Library/Frameworks/FileProvider.framework/PlugIns/LocalStorageFileProvider.appex]
2022-04-13 15:10:07.466408-0500 0x4245a    Activity    0x6ccb7              7780   0    runningboardd: (RunningBoard) executeLaunchRequest
2022-04-13 15:10:07.464176-0500 0x423bd    Activity    0x6ccf2              7873   0    installd: (libsystem_containermanager.dylib) container_create_or_lookup_for_platform
2022-04-13 15:10:07.466779-0500 0x423df    Activity    0x6c278              7799   0    containermanagerd: (libsystem_containermanager.dylib) container_is_new
2022-04-13 15:10:07.466480-0500 0x4245a    Default     0x6ccb7              7780   0    runningboardd: (RunningBoard) [com.apple.runningboard:process] Executing launch request for xpcservice<com.apple.FileProvider.LocalStorage([daemon<com.apple.FileProvider>:7901])> (Launching extension com.apple.FileProvider.LocalStorage(0A907F45-CF7E-46DD-BA1E-8F75BB634CE1) for host 7901)
2022-04-13 15:10:07.464353-0500 0x423bd    Default     0x6ccf2              7873   0    installd: (libsystem_containermanager.dylib) [com.apple.containermanager:xpc] Requesting container lookup; class = 2, identifier = me.nesslab.com.PerformanceVisibility, temp = 0, create = 0, euid = 501, uid = 501
2022-04-13 15:10:07.464635-0500 0x41916    Default     0x0                  7792   0    SpringBoard: (SpringBoardHome) [com.apple.SpringBoard:Icon] 0x600000f2e600-SBApplicationIcon Data source did change: <SBApplicationPlaceholder: 0x60000347f2c0; bundleIdentifier: me.nesslab.com.PerformanceVisibility; displayName: PerformanceVisibility; progress: 84%; state: Installing; canPromote?: YES> (SBApplicationPlaceholder)
2022-04-13 15:10:07.466503-0500 0x4245a    Default     0x6ccb7              7780   0    runningboardd: (RunningBoard) [com.apple.runningboard:job] Creating and launching job for: xpcservice<com.apple.FileProvider.LocalStorage([daemon<com.apple.FileProvider>:7901])>
2022-04-13 15:10:07.464947-0500 0x423bd    Default     0x6ccf1              7873   0    installd: (libsystem_containermanager.dylib) [com.apple.containermanager:unspecified] container_create_or_lookup_for_platform: success
2022-04-13 15:10:07.466881-0500 0x423df    Default     0x6ccf4              7799   0    containermanagerd: [com.apple.containermanager:fs] stat [/Users/ness/Library/Developer/CoreSimulator/Devices/5B48DBF1-4B28-46D9-84C9-4B38BC6DF152/data/Containers/Data/Application/5402DB51-87AF-4EE2-BEB0-B72B41478106/.com.apple.mobile_container_manager.metadata.plist]: exists: 1, isDirectory: 0, fsNode: <MCMFSNode: 0x600003ff6c00; inode = 32615757, device = 16777231>
2022-04-13 15:10:07.464569-0500 0x423cb    Default     0x6cc81              7859   0    pkd: [com.apple.PlugInKit:discovery] [d 93506A16-4A12-4CFE-8E83-A8950C75C8D2] Final plugin count: 0
2022-04-13 15:10:07.467489-0500 0x4244d    Default     0x0                  7849   0    installcoordinationd: [com.apple.installcoordination:daemon] -[IXSClientConnection _client_coordinatorWithUUID:didUpdateProgress:forPhase:overallProgress:]: Client SpringBoard (pid 7792) was not interested in UUID 296ADE2F-0C14-48B0-8A1F-B9EF4CB3B631
2022-04-13 15:10:07.467017-0500 0x4245a    Default     0x6ccb7              7780   0    runningboardd: (AppServerSupport) [com.apple.libxpc.OSLaunchdJob:all] <OSLaunchdJob | handle=645BF5F5-5793-457E-A5A5-3A847D733340>: submitExtension created a job
2022-04-13 15:10:07.465164-0500 0x423bd    Activity    0x6ccf3              7873   0    installd: (libsystem_containermanager.dylib) container_copy_path
2022-04-13 15:10:07.466912-0500 0x423df    Default     0x6ccf4              7799   0    containermanagerd: [com.apple.containermanager:xpc] [501] command=7, client=<com.apple.installd, u=<501/20/501/2/501>, uid=501, pid=7873, sandboxed=0, platform=7 (1/1/1) [(null)]>, error=(none)
2022-04-13 15:10:07.467731-0500 0x41a4f    Default     0x0                  7804   0    CoreSimulatorBridge: (InstallCoordination) [com.apple.installcoordination:framework] -[IXAppInstallCoordinator _clientDelegate_didUpdateProgress:forPhase:overallProgress:]: <IXUpdatingAppInstallCoordinator<0x6000024ee900> identifier:me.nesslab.com.PerformanceVisibility uuid:296ADE2F-0C14-48B0-8A1F-B9EF4CB3B631 creator:InstallCoordination Simple SPI>: Got did update progress delegate with percentComplete 80.000000 phase IXCoordinatorProgressPhaseInstalling overallProgress 93.400001
2022-04-13 15:10:07.467503-0500 0x4244d    Default     0x0                  7849   0    installcoordinationd: [com.apple.installcoordination:daemon] -[IXSClientConnection _client_coordinatorWithUUID:didUpdateProgress:forPhase:overallProgress:]: Client appstored (pid 7842) was not interested in UUID 296ADE2F-0C14-48B0-8A1F-B9EF4CB3B631
2022-04-13 15:10:07.465465-0500 0x423bd    Default     0x0                  7873   0    installd: (libsystem_containermanager.dylib) [com.apple.containermanager:unspecified] container_copy_path: success
2022-04-13 15:10:07.467309-0500 0x423df    Activity    0x6c279              7799   0    containermanagerd: (libsystem_containermanager.dylib) container_is_new
2022-04-13 15:10:07.467932-0500 0x4246a    Default     0x6c4bb              7901   0    fileproviderd: (PlugInKit) [com.apple.PlugInKit:lifecycle] [u 0A907F45-CF7E-46DD-BA1E-8F75BB634CE1:m (null)] [com.apple.FileProvider.LocalStorage(1.0)] got pid from ready request: 7928
2022-04-13 15:10:07.467515-0500 0x4244d    Default     0x0                  7849   0    installcoordinationd: [com.apple.installcoordination:daemon] -[IXSClientConnection _client_coordinatorWithUUID:didUpdateProgress:forPhase:overallProgress:]: Dispatching _client_coordinatorWithUUID:uuid didUpdateProgress:percentComplete forPhase:phase overallProgress:overallProgress to <IXSClientConnection<0x6000035c4690> client:CoreSimulatorBridge (pid 7804)>
2022-04-13 15:10:07.467309-0500 0x4245a    Default     0x6ccb7              7780   0    runningboardd: (AppServerSupport) [com.apple.libxpc.OSLaunchdJob:all] <OSLaunchdJob | handle=645BF5F5-5793-457E-A5A5-3A847D733340>: start succeeded, state=2
2022-04-13 15:10:07.465875-0500 0x423bd    Activity    0x6ccf4              7873   0    installd: (libsystem_containermanager.dylib) container_copy_info
2022-04-13 15:10:07.467352-0500 0x423df    Default     0x6ccf5              7799   0    containermanagerd: [com.apple.containermanager:fs] stat [/Users/ness/Library/Developer/CoreSimulator/Devices/5B48DBF1-4B28-46D9-84C9-4B38BC6DF152/data/Containers/Data/Application/5402DB51-87AF-4EE2-BEB0-B72B41478106/.com.apple.mobile_container_manager.metadata.plist]: exists: 1, isDirectory: 0, fsNode: <MCMFSNode: 0x600003fd4660; inode = 32615757, device = 16777231>
2022-04-13 15:10:07.467232-0500 0x42463    Default     0x6bd8e              7859   0    pkd: [com.apple.PlugInKit:discovery] [d 0570766B-5E1F-4C52-B20C-D0A845B41BD1] [u 4EED197C-C153-4F95-ADB2-D4B48DF46B59] [com.apple.Preferences.indexSettingsManifests(1.0)] Created plugin
2022-04-13 15:10:07.466952-0500 0x423bd    Default     0x0                  7873   0    installd: (libsystem_containermanager.dylib) [com.apple.containermanager:unspecified] container_copy_info: success
2022-04-13 15:10:07.467122-0500 0x423bd    Activity    0x6ccf5              7873   0    installd: (libsystem_containermanager.dylib) container_regenerate_uuid
2022-04-13 15:10:07.467522-0500 0x423df    Default     0x6ccf5              7799   0    containermanagerd: [com.apple.containermanager:xpc] [501] command=9, client=<com.apple.installd, u=<501/20/501/2/501>, uid=501, pid=7873, sandboxed=0, platform=7 (1/1/1) [(null)]>, error=(none)
2022-04-13 15:10:07.468556-0500 0x4245a    Activity    0x6ccb8              7780   0    runningboardd: (RunningBoard) acquireAssertionWithDescriptor
2022-04-13 15:10:07.467549-0500 0x423bd    Default     0x0                  7873   0    installd: (libsystem_containermanager.dylib) [com.apple.containermanager:unspecified] container_regenerate_uuid: success
2022-04-13 15:10:07.467841-0500 0x423df    Activity    0x6c27a              7799   0    containermanagerd: (libsystem_containermanager.dylib) container_is_new
2022-04-13 15:10:07.467562-0500 0x423bd    Activity    0x6ccf6              7873   0    installd: (libsystem_containermanager.dylib) container_copy_path
2022-04-13 15:10:07.467721-0500 0x42463    Default     0x6bd8e              7859   0    pkd: [com.apple.PlugInKit:discovery] [d 0570766B-5E1F-4C52-B20C-D0A845B41BD1] [u 848684E9-8E14-4838-B8FB-3E02C90EAD4A] [com.apple.CloudDocs.MobileDocumentsFileProviderManaged(1.0)] Created plugin
