2022-04-13 15:10:07.390463-0500 0x41a4f    Default     0x0                  7804   0    CoreSimulatorBridge: (InstallCoordination) [com.apple.installcoordination:framework] -[IXServerConnection registerDataPromiseForUpdates:notifyDaemon:]: Tracking data promise with UUID 428DFC53-C359-4750-93BB-E5059ED6EECA
2022-04-13 15:10:07.391141-0500 0x4244d    Default     0x0                  7849   0    installcoordinationd: [com.apple.installcoordination:daemon] -[IXSCoordinatorManager coordinatorForBundleID:creatingIfNotExisting:]_block_invoke: Registered coordinator: <IXSCoordinatedAppInstall<0x153509740> identifier:me.nesslab.com.PerformanceVisibility uuid:296ADE2F-0C14-48B0-8A1F-B9EF4CB3B631 intent:IXCoordinatorIntentUpdating creator/appDRI:InstallCoordination Simple SPI importance:Background state:IXAppCoordinationStatePlaceholderPromiseNotSet promise-state:01234>
2022-04-13 15:10:07.391159-0500 0x4244d    Default     0x0                  7849   0    installcoordinationd: (MobileInstallation) [com.apple.appinstallation:TransactionLog] me.nesslab.com.PerformanceVisibility:4:2:1:1:Created coordinator with intent IXCoordinatorIntentUpdating for client InstallCoordination Simple SPI
2022-04-13 15:10:07.391180-0500 0x4244d    Default     0x0                  7849   0    installcoordinationd: [com.apple.installcoordination:daemon] -[IXSClientConnection addInterestedCoordinatorOrPromiseUUID:]_block_invoke: <IXSClientConnection<0x6000035c4690> client:CoreSimulatorBridge (pid 7804)>: Interested in UUID: 296ADE2F-0C14-48B0-8A1F-B9EF4CB3B631
2022-04-13 15:10:07.391264-0500 0x41a4f    Default     0x0                  7804   0    CoreSimulatorBridge: (InstallCoordination) [com.apple.installcoordination:framework] -[IXServerConnection registerAppInstallCoordinatorForUpdates:notifyDaemon:]: Tracking coordinator with UUID 296ADE2F-0C14-48B0-8A1F-B9EF4CB3B631
2022-04-13 15:10:07.391391-0500 0x42096    Default     0x0                  7849   0    installcoordinationd: [com.apple.installcoordination:daemon] -[IXSCoordinatedAppInstall setPriorityBoostCompletion:withSourceInfo:]: <IXSCoordinatedAppInstall<0x153509740> identifier:me.nesslab.com.PerformanceVisibility uuid:296ADE2F-0C14-48B0-8A1F-B9EF4CB3B631 intent:IXCoordinatorIntentUpdating creator/appDRI:InstallCoordination Simple SPI importance:Background state:IXAppCoordinationStatePlaceholderPromiseNotSet promise-state:01234>: Retaining completion from CoreSimulatorBridge (7804), QOS_CLASS_DEFAULT (0x15)
2022-04-13 15:10:07.391416-0500 0x42096    Default     0x0                  7849   0    installcoordinationd: [com.apple.installcoordination:daemon] -[IXSCoordinatedAppInstall setImportance:]: <IXSCoordinatedAppInstall<0x153509740> identifier:me.nesslab.com.PerformanceVisibility uuid:296ADE2F-0C14-48B0-8A1F-B9EF4CB3B631 intent:IXCoordinatorIntentUpdating creator/appDRI:InstallCoordination Simple SPI importance:Background state:IXAppCoordinationStatePlaceholderPromiseNotSet promise-state:01234>: setting importance to UserWaiting
2022-04-13 15:10:07.391732-0500 0x42096    Default     0x0                  7849   0    installcoordinationd: [com.apple.installcoordination:daemon] -[IXSCoordinatedAppInstall _onQueue_fireObserversForClient:]: <IXSCoordinatedAppInstall<0x153509740> identifier:me.nesslab.com.PerformanceVisibility uuid:296ADE2F-0C14-48B0-8A1F-B9EF4CB3B631 intent:IXCoordinatorIntentUpdating creator/appDRI:InstallCoordination Simple SPI importance:UserWaiting state:IXAppCoordinationStatePlaceholderPromiseNotSet promise-state:01234>: Firing applicable observers for client <IXSClientConnection<0x6000035c4690> client:CoreSimulatorBridge (pid 7804)>
2022-04-13 15:10:07.391755-0500 0x4244d    Default     0x0                  7849   0    installcoordinationd: [com.apple.installcoordination:daemon] -[IXSClientConnection _client_coordinatorDidRegisterForObservationWithUUID:]: Dispatching _client_coordinatorDidRegisterForObservationWithUUID:uuid to <IXSClientConnection<0x6000035c4690> client:CoreSimulatorBridge (pid 7804)>
2022-04-13 15:10:07.391781-0500 0x4244d    Default     0x0                  7849   0    installcoordinationd: [com.apple.installcoordination:daemon] -[IXSClientConnection _client_coordinatorShouldResumeWithUUID:]: Dispatching _client_coordinatorShouldResumeWithUUID:uuid to <IXSClientConnection<0x6000035c4690> client:CoreSimulatorBridge (pid 7804)>
2022-04-13 15:10:07.391869-0500 0x420bd    Default     0x0                  7804   0    CoreSimulatorBridge: (InstallCoordination) [com.apple.installcoordination:framework] -[IXAppInstallCoordinator _clientDelegate_didRegisterForObservation]: <IXUpdatingAppInstallCoordinator<0x6000024ee900> identifier:me.nesslab.com.PerformanceVisibility uuid:296ADE2F-0C14-48B0-8A1F-B9EF4CB3B631 creator:InstallCoordination Simple SPI>: Got observer registration delegate
2022-04-13 15:10:07.391793-0500 0x42096    Default     0x0                  7849   0    installcoordinationd: [com.apple.installcoordination:daemon] -[IXSCoordinatedAppInstall setPriorityBoostCompletion:withSourceInfo:]: <IXSCoordinatedAppInstall<0x153509740> identifier:me.nesslab.com.PerformanceVisibility uuid:296ADE2F-0C14-48B0-8A1F-B9EF4CB3B631 intent:IXCoordinatorIntentUpdating creator/appDRI:InstallCoordination Simple SPI importance:UserWaiting state:IXAppCoordinationStatePlaceholderPromiseNotSet promise-state:01234>: Disposing of completion from CoreSimulatorBridge (7804), QOS_CLASS_DEFAULT (0x15)
2022-04-13 15:10:07.391891-0500 0x420bd    Default     0x0                  7804   0    CoreSimulatorBridge: (InstallCoordination) [com.apple.installcoordination:framework] -[IXAppInstallCoordinator _clientDelegate_shouldResume]: <IXUpdatingAppInstallCoordinator<0x6000024ee900> identifier:me.nesslab.com.PerformanceVisibility uuid:296ADE2F-0C14-48B0-8A1F-B9EF4CB3B631 creator:InstallCoordination Simple SPI>: Got should resume delegate
2022-04-13 15:10:07.391811-0500 0x42096    Default     0x0                  7849   0    installcoordinationd: [com.apple.installcoordination:daemon] -[IXSCoordinatedAppInstall setPriorityBoostCompletion:withSourceInfo:]: <IXSCoordinatedAppInstall<0x153509740> identifier:me.nesslab.com.PerformanceVisibility uuid:296ADE2F-0C14-48B0-8A1F-B9EF4CB3B631 intent:IXCoordinatorIntentUpdating creator/appDRI:InstallCoordination Simple SPI importance:UserWaiting state:IXAppCoordinationStatePlaceholderPromiseNotSet promise-state:01234>: Retaining completion from CoreSimulatorBridge (7804), QOS_CLASS_DEFAULT (0x15)
2022-04-13 15:10:07.391922-0500 0x4244f    Default     0x0                  7804   0    CoreSimulatorBridge: (InstallCoordination) [com.apple.installcoordination:framework] -[IXAppInstallCoordinator _clientDelegate_didRegisterForObservation]_block_invoke: <IXUpdatingAppInstallCoordinator<0x6000024ee900> identifier:me.nesslab.com.PerformanceVisibility uuid:296ADE2F-0C14-48B0-8A1F-B9EF4CB3B631 creator:InstallCoordination Simple SPI>: Observer <_IXSimpleInstallerDelegate 0x0x600003fef060> does not respond to coordinatorDidRegisterForObservation:
2022-04-13 15:10:07.391939-0500 0x4244f    Default     0x0                  7804   0    CoreSimulatorBridge: (InstallCoordination) [com.apple.installcoordination:framework] -[IXAppInstallCoordinator _clientDelegate_shouldResume]_block_invoke: <IXUpdatingAppInstallCoordinator<0x6000024ee900> identifier:me.nesslab.com.PerformanceVisibility uuid:296ADE2F-0C14-48B0-8A1F-B9EF4CB3B631 creator:InstallCoordination Simple SPI>: Observer <_IXSimpleInstallerDelegate 0x0x600003fef060> does not respond to coordinatorShouldResume:
2022-04-13 15:10:07.392172-0500 0x42096    Default     0x0                  7849   0    installcoordinationd: [com.apple.installcoordination:daemon] -[IXSDataPromise setPercentComplete:]: Progress: <IXSPromisedInMemoryData(0x6000010dc310) Name:MIInstallOptions data Creator:Install Coordination Internal UUID:E07B16AB-188F-4B52-A130-76C9AA4B4409 PercentComplete:1.000000 IsComplete:N DiskUsageBytes:805>
2022-04-13 15:10:07.392722-0500 0x42096    Default     0x0                  7849   0    installcoordinationd: [com.apple.installcoordination:daemon] -[IXSDataPromiseManager registerPromise:]: Registered promise <IXSPromisedInMemoryData(0x6000010dc310) Name:MIInstallOptions data Creator:Install Coordination Internal UUID:E07B16AB-188F-4B52-A130-76C9AA4B4409 PercentComplete:1.000000 IsComplete:Y DiskUsageBytes:805> for UUID E07B16AB-188F-4B52-A130-76C9AA4B4409
2022-04-13 15:10:07.392721-0500 0x4244d    Default     0x0                  7849   0    installcoordinationd: [com.apple.installcoordination:daemon] -[IXSClientConnection _client_promiseDidCompleteSuccessfullyWithUUID:]: Client SpringBoard (pid 7792) was not interested in UUID E07B16AB-188F-4B52-A130-76C9AA4B4409
2022-04-13 15:10:07.392737-0500 0x42096    Default     0x0                  7849   0    installcoordinationd: [com.apple.installcoordination:daemon] -[IXSClientConnection addInterestedCoordinatorOrPromiseUUID:]_block_invoke: <IXSClientConnection<0x6000035c4690> client:CoreSimulatorBridge (pid 7804)>: Interested in UUID: E07B16AB-188F-4B52-A130-76C9AA4B4409
2022-04-13 15:10:07.392738-0500 0x4244d    Default     0x0                  7849   0    installcoordinationd: [com.apple.installcoordination:daemon] -[IXSClientConnection _client_promiseDidCompleteSuccessfullyWithUUID:]: Client appstored (pid 7842) was not interested in UUID E07B16AB-188F-4B52-A130-76C9AA4B4409
2022-04-13 15:10:07.392755-0500 0x4244d    Default     0x0                  7849   0    installcoordinationd: [com.apple.installcoordination:daemon] -[IXSClientConnection _client_promiseDidCompleteSuccessfullyWithUUID:]: Dispatching _client_promiseDidCompleteSuccessfullyWithUUID:uuid to <IXSClientConnection<0x6000035c4690> client:CoreSimulatorBridge (pid 7804)>
2022-04-13 15:10:07.392785-0500 0x4244d    Default     0x0                  7849   0    installcoordinationd: [com.apple.installcoordination:daemon] -[IXSDataPromiseManager promiseDidBegin:]: Unowned promise began: <IXSPromisedInMemoryData(0x6000010dc310) Name:MIInstallOptions data Creator:Install Coordination Internal UUID:E07B16AB-188F-4B52-A130-76C9AA4B4409 PercentComplete:1.000000 IsComplete:Y DiskUsageBytes:805>
2022-04-13 15:10:07.392801-0500 0x4244d    Default     0x0                  7849   0    installcoordinationd: [com.apple.installcoordination:daemon] -[IXSDataPromiseManager promise:didUpdateProgress:]: Unowned promise update progress to 1.000000 : <IXSPromisedInMemoryData(0x6000010dc310) Name:MIInstallOptions data Creator:Install Coordination Internal UUID:E07B16AB-188F-4B52-A130-76C9AA4B4409 PercentComplete:1.000000 IsComplete:Y DiskUsageBytes:805>
2022-04-13 15:10:07.393083-0500 0x41a4f    Default     0x0                  7804   0    CoreSimulatorBridge: (InstallCoordination) [com.apple.installcoordination:framework] -[IXServerConnection registerDataPromiseForUpdates:notifyDaemon:]: Tracking data promise with UUID E07B16AB-188F-4B52-A130-76C9AA4B4409
2022-04-13 15:10:07.392814-0500 0x4244d    Default     0x0                  7849   0    installcoordinationd: [com.apple.installcoordination:daemon] -[IXSDataPromiseManager promiseDidComplete:]: Unowned promise completed: <IXSPromisedInMemoryData(0x6000010dc310) Name:MIInstallOptions data Creator:Install Coordination Internal UUID:E07B16AB-188F-4B52-A130-76C9AA4B4409 PercentComplete:1.000000 IsComplete:Y DiskUsageBytes:805>
2022-04-13 15:10:07.393171-0500 0x42450    Default     0x0                  7849   0    installcoordinationd: [com.apple.installcoordination:daemon] -[IXSCoordinatedAppInstall setInstallOptionsPromise:]: <IXSCoordinatedAppInstall<0x153509740> identifier:me.nesslab.com.PerformanceVisibility uuid:296ADE2F-0C14-48B0-8A1F-B9EF4CB3B631 intent:IXCoordinatorIntentUpdating creator/appDRI:InstallCoordination Simple SPI importance:UserWaiting state:IXAppCoordinationStatePlaceholderPromiseNotSet promise-state:012I4> : install options set: <IXSPromisedInMemoryData(0x6000010dc310) Name:MIInstallOptions data Creator:Install Coordination Internal UUID:E07B16AB-188F-4B52-A130-76C9AA4B4409 PercentComplete:1.000000 IsComplete:Y DiskUsageBytes:805>
2022-04-13 15:10:07.393175-0500 0x4244d    Default     0x0                  7849   0    installcoordinationd: [com.apple.installcoordination:daemon] -[IXSCoordinatedAppInstall promiseDidComplete:]: <IXSCoordinatedAppInstall<0x153509740> identifier:me.nesslab.com.PerformanceVisibility uuid:296ADE2F-0C14-48B0-8A1F-B9EF4CB3B631 intent:IXCoordinatorIntentUpdating creator/appDRI:InstallCoordination Simple SPI importance:UserWaiting state:IXAppCoordinationStatePlaceholderPromiseNotSet promise-state:012I4> : Promise completed: <IXSPromisedInMemoryData(0x6000010dc310) Name:MIInstallOptions data Creator:Install Coordination Internal UUID:E07B16AB-188F-4B52-A130-76C9AA4B4409 PercentComplete:1.000000 IsComplete:Y DiskUsageBytes:805>
2022-04-13 15:10:07.393477-0500 0x42450    Default     0x0                  7849   0    installcoordinationd: (MobileInstallation) [com.apple.appinstallation:TransactionLog] me.nesslab.com.PerformanceVisibility:4:12:1:1:Install Options Promise began. Coordinator State: IXAppCoordinationStatePlaceholderPromiseNotSet
2022-04-13 15:10:07.393501-0500 0x420bd    Default     0x0                  7804   0    CoreSimulatorBridge: (InstallCoordination) [com.apple.installcoordination:framework] -[IXServerConnection unregisterForUpdatesForDataPromiseWithUUID:]_block_invoke: No longer tracking data promise with UUID E07B16AB-188F-4B52-A130-76C9AA4B4409
2022-04-13 15:10:07.393501-0500 0x42450    Default     0x0                  7849   0    installcoordinationd: (MobileInstallation) [com.apple.appinstallation:TransactionLog] me.nesslab.com.PerformanceVisibility:4:12:2:1:Install Options Promise completed. Coordinator State: IXAppCoordinationStatePlaceholderPromiseNotSet
2022-04-13 15:10:07.393552-0500 0x42096    Default     0x0                  7849   0    installcoordinationd: [com.apple.installcoordination:daemon] -[IXSClientConnection removeInterestedCoordinatorOrPromiseUUID:]_block_invoke: <IXSClientConnection<0x6000035c4690> client:CoreSimulatorBridge (pid 7804)>: No longer interested in UUID: E07B16AB-188F-4B52-A130-76C9AA4B4409
2022-04-13 15:10:07.393599-0500 0x42096    Default     0x0                  7849   0    installcoordinationd: [com.apple.installcoordination:daemon] -[IXSCoordinatedAppInstall setAppAssetPromise:]: <IXSCoordinatedAppInstall<0x153509740> identifier:me.nesslab.com.PerformanceVisibility uuid:296ADE2F-0C14-48B0-8A1F-B9EF4CB3B631 intent:IXCoordinatorIntentUpdating creator/appDRI:InstallCoordination Simple SPI importance:UserWaiting state:IXAppCoordinationStatePlaceholderPromiseNotSet promise-state:0a2I4> : App Asset Promise set: <IXSPromisedTransferToPath(0x6000010c81c0) Name:App Asset: me.nesslab.com.PerformanceVisibility Creator:InstallCoordination Simple SPI UUID:428DFC53-C359-4750-93BB-E5059ED6EECA PercentComplete:0.000000 IsComplete:N DiskUsageBytes:0>
2022-04-13 15:10:07.393974-0500 0x4244d    Default     0x0                  7849   0    installcoordinationd: [com.apple.installcoordination:daemon] -[IXSCoordinatedAppInstall setInitialODRAssetPromises:]: <IXSCoordinatedAppInstall<0x153509740> identifier:me.nesslab.com.PerformanceVisibility uuid:296ADE2F-0C14-48B0-8A1F-B9EF4CB3B631 intent:IXCoordinatorIntentUpdating creator/appDRI:InstallCoordination Simple SPI importance:UserWaiting state:IXAppCoordinationStatePlaceholderPromiseNotSet promise-state:0a2I4> : Initial ODR Asset Promises set: (
)
2022-04-13 15:10:07.394659-0500 0x41a4f    Default     0x0                  7804   0    CoreSimulatorBridge: (InstallCoordination) [com.apple.installcoordination:framework] -[IXPromisedTransferToPath _performDeltaCopyFrom:toDestination:]: Performing delta copy from /Users/ness/Library/Developer/Xcode/DerivedData/PerformanceVisibility-apumorpbcjflczgvpkrpsynxmwmh/Build/Products/Debug-iphonesimulator/PerformanceVisibility.app to /Users/ness/Library/Developer/CoreSimulator/Devices/5B48DBF1-4B28-46D9-84C9-4B38BC6DF152/data/Containers/Shared/SystemGroup/systemgroup.com.apple.installcoordinationd/Library/InstallCoordination/PromiseStaging/428DFC53-C359-4750-93BB-E5059ED6EECA/PerformanceVisibility.app with installed bundle at /Users/ness/Library/Developer/CoreSimulator/Devices/5B48DBF1-4B28-46D9-84C9-4B38BC6DF152/data/Containers/Bundle/Application/8A76876E-F2DB-493D-8F4B-2830D63D2F3E/PerformanceVisibility.app
2022-04-13 15:10:07.395067-0500 0x41a4f    Default     0x0                  7804   0    CoreSimulatorBridge: (MobileSystemServices) 0x16df17000 MDMCreateDeltaDirectory: calling MDMDirectoryDiff with:
state->old_bundle: /Users/ness/Library/Developer/CoreSimulator/Devices/5B48DBF1-4B28-46D9-84C9-4B38BC6DF152/data/Containers/Bundle/Application/8A76876E-F2DB-493D-8F4B-2830D63D2F3E/PerformanceVisibility.app
state->new_bundle: /Users/ness/Library/Developer/Xcode/DerivedData/PerformanceVisibility-apumorpbcjflczgvpkrpsynxmwmh/Build/Products/Debug-iphonesimulator/PerformanceVisibility.app
state->dst_bundle: /Users/ness/Library/Developer/CoreSimulator/Devices/5B48DBF1-4B28-46D9-84C9-4B38BC6DF152/data/Containers/Shared/SystemGroup/systemgroup.com.apple.installcoordinationd/Library/InstallCoordination/PromiseStaging/428DFC53-C359-4750-93BB-E5059ED6EECA/PerformanceVisibility.app/Payload//PerformanceVisibility.app, binaryDiff flag: FALSE
	dst_ipa: /Users/ness/Library/Developer/CoreSimulator/Devices/5B48DBF1-4B28-46D9-84C9-4B38BC6DF152/data/Containers/Shared/SystemGroup/systemgroup.com.apple.installcoordinationd/Library/InstallCoordination/P<>
2022-04-13 15:10:07.396240-0500 0x41a4f    Default     0x0                  7804   0    CoreSimulatorBridge: (InstallCoordination) [com.apple.installcoordination:framework] -[IXPromisedTransferToPath setComplete:]: <IXPromisedTransferToPath<0x6000024e5b80> name:"App Asset: me.nesslab.com.PerformanceVisibility" uuid:428DFC53-C359-4750-93BB-E5059ED6EECA creator:"InstallCoordination Simple SPI"> Delta Copy operation from /Users/ness/Library/Developer/Xcode/DerivedData/PerformanceVisibility-apumorpbcjflczgvpkrpsynxmwmh/Build/Products/Debug-iphonesimulator/PerformanceVisibility.app to /Users/ness/Library/Developer/CoreSimulator/Devices/5B48DBF1-4B28-46D9-84C9-4B38BC6DF152/data/Containers/Shared/SystemGroup/systemgroup.com.apple.installcoordinationd/Library/InstallCoordination/PromiseStaging/428DFC53-C359-4750-93BB-E5059ED6EECA/PerformanceVisibility.app took 0.001904 seconds
2022-04-13 15:10:07.396616-0500 0x4244d    Default     0x0                  7849   0    installcoordinationd: [com.apple.installcoordination:daemon] -[IXSDataPromise setPercentComplete:]: Progress: <IXSPromisedTransferToPath(0x6000010c81c0) Name:App Asset: me.nesslab.com.PerformanceVisibility Creator:InstallCoordination Simple SPI UUID:428DFC53-C359-4750-93BB-E5059ED6EECA PercentComplete:1.000000 IsComplete:N DiskUsageBytes:0>
2022-04-13 15:10:07.396930-0500 0x42450    Default     0x0                  7849   0    installcoordinationd: (MobileInstallation) [com.apple.appinstallation:TransactionLog] me.nesslab.com.PerformanceVisibility:4:9:1:1:App Asset Promise began. Coordinator State: IXAppCoordinationStatePlaceholderPromiseNotSet
2022-04-13 15:10:07.396959-0500 0x42096    Default     0x0                  7849   0    installcoordinationd: [com.apple.installcoordination:daemon] -[IXSClientConnection _client_coordinatorWithUUID:configuredPromiseDidBeginFulfillment:]: Client SpringBoard (pid 7792) was not interested in UUID 296ADE2F-0C14-48B0-8A1F-B9EF4CB3B631
2022-04-13 15:10:07.396972-0500 0x42096    Default     0x0                  7849   0    installcoordinationd: [com.apple.installcoordination:daemon] -[IXSClientConnection _client_coordinatorWithUUID:configuredPromiseDidBeginFulfillment:]: Client appstored (pid 7842) was not interested in UUID 296ADE2F-0C14-48B0-8A1F-B9EF4CB3B631
2022-04-13 15:10:07.396984-0500 0x42096    Default     0x0                  7849   0    installcoordinationd: [com.apple.installcoordination:daemon] -[IXSClientConnection _client_coordinatorWithUUID:configuredPromiseDidBeginFulfillment:]: Dispatching _client_coordinatorWithUUID:uuid configuredPromiseDidBeginFulfillment:ident to <IXSClientConnection<0x6000035c4690> client:CoreSimulatorBridge (pid 7804)>
2022-04-13 15:10:07.397107-0500 0x420bd    Default     0x0                  7804   0    CoreSimulatorBridge: (InstallCoordination) [com.apple.installcoordination:framework] -[IXAppInstallCoordinator _clientDelegate_promiseDidBeginFulfillmentWithIdentifier:]: <IXUpdatingAppInstallCoordinator<0x6000024ee900> identifier:me.nesslab.com.PerformanceVisibility uuid:296ADE2F-0C14-48B0-8A1F-B9EF4CB3B631 creator:InstallCoordination Simple SPI>: Got promise did begin fulfillment for identifier 2
2022-04-13 15:10:07.397249-0500 0x4244d    Default     0x0                  7849   0    installcoordinationd: [com.apple.installcoordination:daemon] -[IXSCoordinatedAppInstall promiseDidComplete:]: <IXSCoordinatedAppInstall<0x153509740> identifier:me.nesslab.com.PerformanceVisibility uuid:296ADE2F-0C14-48B0-8A1F-B9EF4CB3B631 intent:IXCoordinatorIntentUpdating creator/appDRI:InstallCoordination Simple SPI importance:UserWaiting state:IXAppCoordinationStatePlaceholderPromiseNotSet promise-state:0A2I4> : Promise completed: <IXSPromisedTransferToPath(0x6000010c81c0) Name:App Asset: me.nesslab.com.PerformanceVisibility Creator:InstallCoordination Simple SPI UUID:428DFC53-C359-4750-93BB-E5059ED6EECA PercentComplete:1.000000 IsComplete:Y DiskUsageBytes:0>
2022-04-13 15:10:07.397134-0500 0x420bd    Default     0x0                  7804   0    CoreSimulatorBridge: (InstallCoordination) [com.apple.installcoordination:framework] -[IXAppInstallCoordinator _clientDelegate_promiseDidBeginFulfillmentWithIdentifier:]_block_invoke: <IXUpdatingAppInstallCoordinator<0x6000024ee900> identifier:me.nesslab.com.PerformanceVisibility uuid:296ADE2F-0C14-48B0-8A1F-B9EF4CB3B631 creator:InstallCoordination Simple SPI>: Observer <_IXSimpleInstallerDelegate 0x0x600003fef060> does not respond to coordinator:configuredPromiseDidBeginFulfillment: (or any deprecated equivalent)
2022-04-13 15:10:07.397279-0500 0x42451    Default     0x0                  7849   0    installcoordinationd: (MobileInstallation) [com.apple.appinstallation:TransactionLog] me.nesslab.com.PerformanceVisibility:4:9:2:1:App Asset Promise completed. Coordinator State: IXAppCoordinationStatePlaceholderPromiseNotSet
2022-04-13 15:10:07.397256-0500 0x42096    Default     0x0                  7849   0    installcoordinationd: [com.apple.installcoordination:daemon] -[IXSClientConnection _client_coordinatorWithUUID:didUpdateProgress:forPhase:overallProgress:]: Client SpringBoard (pid 7792) was not interested in UUID 296ADE2F-0C14-48B0-8A1F-B9EF4CB3B631
2022-04-13 15:10:07.397471-0500 0x4244f    Default     0x0                  7804   0    CoreSimulatorBridge: (InstallCoordination) [com.apple.installcoordination:framework] -[IXAppInstallCoordinator _clientDelegate_didUpdateProgress:forPhase:overallProgress:]: <IXUpdatingAppInstallCoordinator<0x6000024ee900> identifier:me.nesslab.com.PerformanceVisibility uuid:296ADE2F-0C14-48B0-8A1F-B9EF4CB3B631 creator:InstallCoordination Simple SPI>: Got did update progress delegate with percentComplete 100.000000 phase IXCoordinatorProgressPhaseLoading overallProgress 67.000002
2022-04-13 15:10:07.397313-0500 0x42096    Default     0x0                  7849   0    installcoordinationd: [com.apple.installcoordination:daemon] -[IXSClientConnection _client_coordinatorWithUUID:didUpdateProgress:forPhase:overallProgress:]: Client appstored (pid 7842) was not interested in UUID 296ADE2F-0C14-48B0-8A1F-B9EF4CB3B631
2022-04-13 15:10:07.397496-0500 0x4244f    Default     0x0                  7804   0    CoreSimulatorBridge: (InstallCoordination) [com.apple.installcoordination:framework] -[IXAppInstallCoordinator _clientDelegate_didUpdateProgress:forPhase:overallProgress:]_block_invoke: <IXUpdatingAppInstallCoordinator<0x6000024ee900> identifier:me.nesslab.com.PerformanceVisibility uuid:296ADE2F-0C14-48B0-8A1F-B9EF4CB3B631 creator:InstallCoordination Simple SPI>: Observer <_IXSimpleInstallerDelegate 0x0x600003fef060> does not respond to coordinator:didUpdateProgress:forPhase:overallProgress:
2022-04-13 15:10:07.397339-0500 0x42451    Default     0x0                  7849   0    installcoordinationd: [com.apple.installcoordination:daemon] -[IXSCoordinatedAppInstall setPlaceholderPromise:]: <IXSCoordinatedAppInstall<0x153509740> identifier:me.nesslab.com.PerformanceVisibility uuid:296ADE2F-0C14-48B0-8A1F-B9EF4CB3B631 intent:IXCoordinatorIntentUpdating creator/appDRI:InstallCoordination Simple SPI importance:UserWaiting state:IXAppCoordinationStateReadyForPlaceholderInstall promise-state:PA2I4> : Placeholder Promise set: <IXSPlaceholder(0x6000004c02d0) Name:App Placeholder: PerformanceVisibility (me.nesslab.com.PerformanceVisibility) Creator:InstallCoordination Simple SPI UUID:7A811FD7-9555-40CA-B88E-8D864F3EB388>
2022-04-13 15:10:07.397356-0500 0x42450    Default     0x0                  7849   0    installcoordinationd: [com.apple.installcoordination:daemon] -[IXSCoordinatedAppInstall promiseDidComplete:]: <IXSCoordinatedAppInstall<0x153509740> identifier:me.nesslab.com.PerformanceVisibility uuid:296ADE2F-0C14-48B0-8A1F-B9EF4CB3B631 intent:IXCoordinatorIntentUpdating creator/appDRI:InstallCoordination Simple SPI importance:UserWaiting state:IXAppCoordinationStateReadyForPlaceholderInstall promise-state:PA2I4> : Promise completed: <IXSPlaceholder(0x6000004c02d0) Name:App Placeholder: PerformanceVisibility (me.nesslab.com.PerformanceVisibility) Creator:InstallCoordination Simple SPI UUID:7A811FD7-9555-40CA-B88E-8D864F3EB388>
2022-04-13 15:10:07.397365-0500 0x42096    Default     0x0                  7849   0    installcoordinationd: [com.apple.installcoordination:daemon] -[IXSClientConnection _client_coordinatorWithUUID:didUpdateProgress:forPhase:overallProgress:]: Dispatching _client_coordinatorWithUUID:uuid didUpdateProgress:percentComplete forPhase:phase overallProgress:overallProgress to <IXSClientConnection<0x6000035c4690> client:CoreSimulatorBridge (pid 7804)>
2022-04-13 15:10:07.397463-0500 0x4244d    Default     0x0                  7849   0    installcoordinationd: [com.apple.installcoordination:daemon] -[IXSClientConnection _client_promiseDidCompleteSuccessfullyWithUUID:]: Client SpringBoard (pid 7792) was not interested in UUID 428DFC53-C359-4750-93BB-E5059ED6EECA
2022-04-13 15:10:07.397476-0500 0x4244d    Default     0x0                  7849   0    installcoordinationd: [com.apple.installcoordination:daemon] -[IXSClientConnection _client_promiseDidCompleteSuccessfullyWithUUID:]: Client appstored (pid 7842) was not interested in UUID 428DFC53-C359-4750-93BB-E5059ED6EECA
2022-04-13 15:10:07.397546-0500 0x4244d    Default     0x0                  7849   0    installcoordinationd: [com.apple.installcoordination:daemon] -[IXSClientConnection _client_promiseDidCompleteSuccessfullyWithUUID:]: Dispatching _client_promiseDidCompleteSuccessfullyWithUUID:uuid to <IXSClientConnection<0x6000035c4690> client:CoreSimulatorBridge (pid 7804)>
2022-04-13 15:10:07.397732-0500 0x42451    Default     0x0                  7849   0    installcoordinationd: [com.apple.installcoordination:daemon] -[IXSCoordinatedAppInstall _onQueue_acquireAssertionAndInstallPlaceholder]: Developer install - not acquiring termination assertion to install placeholder for me.nesslab.com.PerformanceVisibility
2022-04-13 15:10:07.397744-0500 0x42451    Default     0x0                  7849   0    installcoordinationd: [com.apple.installcoordination:daemon] -[IXSCoordinatedAppInstall _onQueue_installPlaceholder]: No termination assertion acquired for placeholder me.nesslab.com.PerformanceVisibility; proceeding with install.
2022-04-13 15:10:07.397873-0500 0x42451    Default     0x0                  7849   0    installcoordinationd: [com.apple.installcoordination:daemon] -[IXSPendingOperationsTracker beginPendingOperationForBundleID:]_block_invoke: Beginning pending operation for me.nesslab.com.PerformanceVisibility
2022-04-13 15:10:07.398308-0500 0x42451    Default     0x0                  7849   0    installcoordinationd: (MobileInstallation) [com.apple.appinstallation:TransactionLog] me.nesslab.com.PerformanceVisibility:4:8:1:1:Placeholder Promise began. Coordinator State: IXAppCoordinationStateWaitingForPlaceholderInstall
2022-04-13 15:10:07.398336-0500 0x42096    Default     0x0                  7849   0    installcoordinationd: [com.apple.installcoordination:daemon] -[IXSClientConnection _client_coordinatorWithUUID:configuredPromiseDidBeginFulfillment:]: Client SpringBoard (pid 7792) was not interested in UUID 296ADE2F-0C14-48B0-8A1F-B9EF4CB3B631
2022-04-13 15:10:07.398329-0500 0x420bd    Default     0x0                  7804   0    CoreSimulatorBridge: (InstallCoordination) [com.apple.installcoordination:framework] -[IXServerConnection unregisterForUpdatesForDataPromiseWithUUID:]_block_invoke: No longer tracking data promise with UUID 428DFC53-C359-4750-93BB-E5059ED6EECA
2022-04-13 15:10:07.398336-0500 0x42451    Default     0x0                  7849   0    installcoordinationd: (MobileInstallation) [com.apple.appinstallation:TransactionLog] me.nesslab.com.PerformanceVisibility:4:8:2:1:Placeholder Promise completed. Coordinator State: IXAppCoordinationStateWaitingForPlaceholderInstall
2022-04-13 15:10:07.398352-0500 0x420bd    Default     0x0                  7804   0    CoreSimulatorBridge: (InstallCoordination) [com.apple.installcoordination:framework] -[IXServerConnection unregisterForUpdatesForDataPromiseWithUUID:]_block_invoke: No longer tracking data promise with UUID 72D7704F-D87C-4B68-82E6-A31E8DABE2DA
2022-04-13 15:10:07.398348-0500 0x42096    Default     0x0                  7849   0    installcoordinationd: [com.apple.installcoordination:daemon] -[IXSClientConnection _client_coordinatorWithUUID:configuredPromiseDidBeginFulfillment:]: Client appstored (pid 7842) was not interested in UUID 296ADE2F-0C14-48B0-8A1F-B9EF4CB3B631
2022-04-13 15:10:07.398370-0500 0x420bd    Default     0x0                  7804   0    CoreSimulatorBridge: (InstallCoordination) [com.apple.installcoordination:framework] -[IXServerConnection unregisterForUpdatesForDataPromiseWithUUID:]_block_invoke: No longer tracking data promise with UUID 7A811FD7-9555-40CA-B88E-8D864F3EB388
2022-04-13 15:10:07.398360-0500 0x42096    Default     0x0                  7849   0    installcoordinationd: [com.apple.installcoordination:daemon] -[IXSClientConnection _client_coordinatorWithUUID:configuredPromiseDidBeginFulfillment:]: Dispatching _client_coordinatorWithUUID:uuid configuredPromiseDidBeginFulfillment:ident to <IXSClientConnection<0x6000035c4690> client:CoreSimulatorBridge (pid 7804)>
2022-04-13 15:10:07.398405-0500 0x420bd    Default     0x0                  7804   0    CoreSimulatorBridge: (InstallCoordination) [com.apple.installcoordination:framework] -[IXAppInstallCoordinator _clientDelegate_promiseDidBeginFulfillmentWithIdentifier:]: <IXUpdatingAppInstallCoordinator<0x6000024ee900> identifier:me.nesslab.com.PerformanceVisibility uuid:296ADE2F-0C14-48B0-8A1F-B9EF4CB3B631 creator:InstallCoordination Simple SPI>: Got promise did begin fulfillment for identifier 1
2022-04-13 15:10:07.398375-0500 0x42451    Default     0x0                  7849   0    installcoordinationd: [com.apple.installcoordination:daemon] -[IXSClientConnection removeInterestedCoordinatorOrPromiseUUID:]_block_invoke: <IXSClientConnection<0x6000035c4690> client:CoreSimulatorBridge (pid 7804)>: No longer interested in UUID: 428DFC53-C359-4750-93BB-E5059ED6EECA
2022-04-13 15:10:07.398425-0500 0x420bd    Default     0x0                  7804   0    CoreSimulatorBridge: (InstallCoordination) [com.apple.installcoordination:framework] -[IXAppInstallCoordinator _clientDelegate_promiseDidBeginFulfillmentWithIdentifier:]_block_invoke: <IXUpdatingAppInstallCoordinator<0x6000024ee900> identifier:me.nesslab.com.PerformanceVisibility uuid:296ADE2F-0C14-48B0-8A1F-B9EF4CB3B631 creator:InstallCoordination Simple SPI>: Observer <_IXSimpleInstallerDelegate 0x0x600003fef060> does not respond to coordinator:configuredPromiseDidBeginFulfillment: (or any deprecated equivalent)
2022-04-13 15:10:07.398864-0500 0x4244e    Default     0x0                  7814   0    lsd: (MobileInstallation) [com.apple.appinstallation:TransactionLog] me.nesslab.com.PerformanceVisibility:5:1:1:1:Kicking off ininstall: <LSMIPackageInstallCall @ 0x60000005e820; b: me.nesslab.com.PerformanceVisibility p: file:///Users/ness/Library/Developer/CoreSimulator/Devices/5B48DBF1-4B28-46D9-84C9-4B38BC6DF152/data/Containers/Shared/SystemGroup/systemgroup.com.apple.installcoordinationd/Library/InstallCoordination/PromiseStaging/7A811FD7-9555-40CA-B88E-8D864F3EB388/PerformanceVisibility.app/> type 2 with options {
    CFBundleIdentifier = "me.nesslab.com.PerformanceVisibility";
    IsUserInitiated = 1;
    LSInstallType = 1;
    PackageType = Placeholder;
    PerformAPFSClone = 1;
}
2022-04-13 15:10:07.398400-0500 0x42451    Default     0x0                  7849   0    installcoordinationd: [com.apple.installcoordination:daemon] -[IXSClientConnection removeInterestedCoordinatorOrPromiseUUID:]_block_invoke: <IXSClientConnection<0x6000035c4690> client:CoreSimulatorBridge (pid 7804)>: No longer interested in UUID: 72D7704F-D87C-4B68-82E6-A31E8DABE2DA
2022-04-13 15:10:07.399019-0500 0x4244e    Default     0x0                  7814   0    lsd: (CoreServices) [com.apple.launchservices:appinstallation] install choke: after enqueueing operation, got role 0
2022-04-13 15:10:07.398421-0500 0x42451    Default     0x0                  7849   0    installcoordinationd: [com.apple.installcoordination:daemon] -[IXSClientConnection removeInterestedCoordinatorOrPromiseUUID:]_block_invoke: <IXSClientConnection<0x6000035c4690> client:CoreSimulatorBridge (pid 7804)>: No longer interested in UUID: 7A811FD7-9555-40CA-B88E-8D864F3EB388
2022-04-13 15:10:07.399110-0500 0x423e0    Default     0x0                  7814   0    lsd: (CoreServices) [com.apple.launchservices:db] void _LSDatabaseCreateRecoveryFile(NSURL *__strong): Successfully created recovery file /Users/ness/Library/Developer/CoreSimulator/Devices/5B48DBF1-4B28-46D9-84C9-4B38BC6DF152/data/Containers/Data/System/D616C9DE-6C35-4C90-8464-F5B83F039681/Library/Caches/com.apple.LaunchServices.dirty
2022-04-13 15:10:07.398455-0500 0x4244d    Default     0x0                  7849   0    installcoordinationd: (CoreServices) [com.apple.launchservices:appinstallation] setting operationType to LSOperationTypeInstallPlaceholder from options {
    CFBundleIdentifier = "me.nesslab.com.PerformanceVisibility";
    IsUserInitiated = 1;
    LSInstallType = 1;
    PackageType = Placeholder;
    PerformAPFSClone = 1;
}
2022-04-13 15:10:07.398465-0500 0x4244d    Default     0x0                  7849   0    installcoordinationd: (CoreServices) [com.apple.launchservices:appinstallation] created clientInstaller for type InstallPlaceholder
2022-04-13 15:10:07.398581-0500 0x4244d    Default     0x0                  7849   0    installcoordinationd: (MobileInstallation) [com.apple.appinstallation:TransactionLog] me.nesslab.com.PerformanceVisibility:5:1:1:1:Beginning installation for file:///Users/ness/Library/Developer/CoreSimulator/Devices/5B48DBF1-4B28-46D9-84C9-4B38BC6DF152/data/Containers/Shared/SystemGroup/systemgroup.com.apple.installcoordinationd/Library/InstallCoordination/PromiseStaging/7A811FD7-9555-40CA-B88E-8D864F3EB388/PerformanceVisibility.app/ with options {
    CFBundleIdentifier = "me.nesslab.com.PerformanceVisibility";
    IsUserInitiated = 1;
    LSInstallType = 1;
    PackageType = Placeholder;
    PerformAPFSClone = 1;
}
2022-04-13 15:10:07.399467-0500 0x423e0    Default     0x0                  7814   0    lsd: (MobileInstallation) [com.apple.appinstallation:TransactionLog] me.nesslab.com.PerformanceVisibility:5:1:1:1:Proceeding with install: <LSMIPackageInstallCall @ 0x60000005e820; b: me.nesslab.com.PerformanceVisibility p: file:///Users/ness/Library/Developer/CoreSimulator/Devices/5B48DBF1-4B28-46D9-84C9-4B38BC6DF152/data/Containers/Shared/SystemGroup/systemgroup.com.apple.installcoordinationd/Library/InstallCoordination/PromiseStaging/7A811FD7-9555-40CA-B88E-8D864F3EB388/PerformanceVisibility.app/> type 2 with options {
    CFBundleIdentifier = "me.nesslab.com.PerformanceVisibility";
    IsUserInitiated = 1;
    LSInstallType = 1;
    PackageType = Placeholder;
    PerformAPFSClone = 1;
} on behalf of 7849
2022-04-13 15:10:07.399935-0500 0x42453    Default     0x0                  7873   0    installd: (MobileSystemServices) 0x16dcf7000 -[MIClientConnection _doInstallationForURL:withOptions:completion:]: Install of "/Users/ness/Library/Developer/CoreSimulator/Devices/5B48DBF1-4B28-46D9-84C9-4B38BC6DF152/data/Containers/Shared/SystemGroup/systemgroup.com.apple.installcoordinationd/Library/InstallCoordination/PromiseStaging/7A811FD7-9555-40CA-B88E-8D864F3EB388/PerformanceVisibility.app" type Placeholder (LSInstallType = 1) requested by lsd (pid 7814 (501/20))
2022-04-13 15:10:07.402682-0500 0x42194    Activity    0x6c89a              7780   0    runningboardd: (RunningBoard) executeTerminateRequest
2022-04-13 15:10:07.402728-0500 0x42194    Default     0x6c89a              7780   0    runningboardd: (RunningBoard) [com.apple.runningboard:connection] Received termination request from [daemon<com.apple.mobile.installd>:7873] on <RBSProcessPredicate <RBSProcessBundleIdentifierPredicate "me.nesslab.com.PerformanceVisibility">> with context <RBSTerminateContext| code:0xDEAD6502 explanation:FBSApplicationTerminationAssertion reportType:None maxTerminationResistance:Interactive attrs:[
	<RBSPreventLaunchLimitation| <RBSProcessPredicate <RBSProcessBundleIdentifierPredicate "me.nesslab.com.PerformanceVisibility">>>
	]>
2022-04-13 15:10:07.403174-0500 0x42456    Default     0x6c89a              7780   0    runningboardd: (PlugInKit) [com.apple.PlugInKit:holds] <PKManager:0x6000026b4030> hold request for [/Users/ness/Library/Developer/CoreSimulator/Devices/5B48DBF1-4B28-46D9-84C9-4B38BC6DF152/data/Containers/Bundle/Application/8A76876E-F2DB-493D-8F4B-2830D63D2F3E/PerformanceVisibility.app] with flags: 0x4
2022-04-13 15:10:07.403652-0500 0x423cb    Default     0x6c89a              7859   0    pkd: [com.apple.PlugInKit:holds] forced termination complete; hold request granted token: 3C6EA5F1-D234-4DEC-AC8F-F6BFB03E1EC0
2022-04-13 15:10:07.403681-0500 0x42456    Default     0x6c89a              7780   0    runningboardd: (PlugInKit) [com.apple.PlugInKit:holds] <PKManager:0x6000026b4030> hold request for [/Users/ness/Library/Developer/CoreSimulator/Devices/5B48DBF1-4B28-46D9-84C9-4B38BC6DF152/data/Containers/Bundle/Application/8A76876E-F2DB-493D-8F4B-2830D63D2F3E/PerformanceVisibility.app] with flags: 0x4 completed with hold token: [3C6EA5F1-D234-4DEC-AC8F-F6BFB03E1EC0]
2022-04-13 15:10:07.403710-0500 0x42181    Default     0x0                  7792   0    SpringBoard: (PlugInKit) [com.apple.PlugInKit:discovery] Annotations changed, re-performing query for continuous discovery, report block = <0x600002fd74b0>.
2022-04-13 15:10:07.403759-0500 0x42181    Activity    0x6c63c              7792   0    SpringBoard: (PlugInKit) discovery
2022-04-13 15:10:07.403737-0500 0x42456    Default     0x6c89a              7780   0    runningboardd: (RunningBoard) [com.apple.runningboard:assertion] Acquiring assertion targeting system from originator [daemon<com.apple.mobile.installd>:7873] with description <RBSAssertionDescriptor| "FBSApplicationTerminationAssertion" ID:7780-7873-193 target:system attributes:[
	<RBSPreventLaunchLimitation| <RBSProcessPredicate <RBSProcessBundleIdentifierPredicate "me.nesslab.com.PerformanceVisibility">>>
	]>
2022-04-13 15:10:07.403753-0500 0x420ba    Default     0x0                  7792   0    SpringBoard: (PlugInKit) [com.apple.PlugInKit:discovery] Annotations changed, re-performing query for continuous discovery, report block = <0x600002e02e20>.
2022-04-13 15:10:07.403916-0500 0x42382    Default     0x0                  7822   0    chronod: (PlugInKit) [com.apple.PlugInKit:discovery] Annotations changed, re-performing query for continuous discovery, report block = <0x600001f2c420>.
2022-04-13 15:10:07.403767-0500 0x42456    Default     0x6c89a              7780   0    runningboardd: (RunningBoard) [com.apple.runningboard:assertion] Assertion 7780-7873-193 (target:system) will be created as active
2022-04-13 15:10:07.403800-0500 0x420ba    Activity    0x6c63d              7792   0    SpringBoard: (PlugInKit) discovery
2022-04-13 15:10:07.404048-0500 0x42382    Activity    0x6c7f9              7822   0    chronod: (PlugInKit) discovery
2022-04-13 15:10:07.403795-0500 0x42456    Activity    0x6c89b              7780   0    runningboardd: (RunningBoard) state update
2022-04-13 15:10:07.404343-0500 0x42453    Activity    0x6c263              7873   0    installd: (libsystem_containermanager.dylib) container_create_or_lookup_for_current_user
2022-04-13 15:10:07.403814-0500 0x420ba    Default     0x6c63d              7792   0    SpringBoard: (PlugInKit) [com.apple.PlugInKit:discovery] [d C7F363A1-41A2-4ECC-922D-15F3AF54AF8B] <PKHost:0x600003437c80> Beginning discovery for flags: 0, point: com.apple.usernotifications.content-extension
2022-04-13 15:10:07.404157-0500 0x42382    Default     0x6c7f9              7822   0    chronod: (PlugInKit) [com.apple.PlugInKit:discovery] [d D90BA95D-5896-4A00-B2EF-E1879AEAB849] <PKHost:0x60000041c4c0> Beginning discovery for flags: 0, point: multiple
2022-04-13 15:10:07.404359-0500 0x42453    Activity    0x6c264              7873   0    installd: (libsystem_containermanager.dylib) container_create_or_lookup_for_platform
2022-04-13 15:10:07.403851-0500 0x42456    Default     0x6c89a              7780   0    runningboardd: (RunningBoard) [com.apple.runningboard:process] Executing termination request for: <RBSProcessPredicate <RBSProcessBundleIdentifierPredicate "me.nesslab.com.PerformanceVisibility">>
2022-04-13 15:10:07.404378-0500 0x42453    Default     0x6c264              7873   0    installd: (libsystem_containermanager.dylib) [com.apple.containermanager:xpc] Requesting container lookup; class = 1, identifier = me.nesslab.com.PerformanceVisibility, temp = 0, create = 0, euid = 501, uid = 501
2022-04-13 15:10:07.403780-0500 0x42181    Default     0x6c63c              7792   0    SpringBoard: (PlugInKit) [com.apple.PlugInKit:discovery] [d D945A45C-EA87-4DC7-8431-21BB0E6F5674] <PKHost:0x600003437c80> Beginning discovery for flags: 0, point: com.apple.widget-extension
2022-04-13 15:10:07.404871-0500 0x423df    Default     0x6c264              7799   0    containermanagerd: [com.apple.containermanager:fs] stat [/Users/ness/Library/Developer/CoreSimulator/Devices/5B48DBF1-4B28-46D9-84C9-4B38BC6DF152/data/Containers/Bundle/Application/8A76876E-F2DB-493D-8F4B-2830D63D2F3E/.com.apple.mobile_container_manager.metadata.plist]: exists: 1, isDirectory: 0, fsNode: <MCMFSNode: 0x600003fd8080; inode = 32631814, device = 16777231>
2022-04-13 15:10:07.404942-0500 0x42453    Default     0x6c263              7873   0    installd: (libsystem_containermanager.dylib) [com.apple.containermanager:unspecified] container_create_or_lookup_for_platform: success
2022-04-13 15:10:07.404903-0500 0x423df    Default     0x6c264              7799   0    containermanagerd: [com.apple.containermanager:xpc] [501] command=0, client=<com.apple.installd, u=<501/20/501/2/501>, uid=501, pid=7873, sandboxed=0, platform=7 (1/1/1) [(null)]>, error=(none)
2022-04-13 15:10:07.404960-0500 0x42453    Activity    0x6c265              7873   0    installd: (libsystem_containermanager.dylib) container_copy_path
2022-04-13 15:10:07.405453-0500 0x423b5    Activity    0x6b84a              7881   0    siriactionsd: (RunningBoardServices) observedProcessExitEvents
2022-04-13 15:10:07.403992-0500 0x420ba    Activity    0x6c63e              7792   0    SpringBoard: (RunningBoardServices) observedProcessExitEvents
2022-04-13 15:10:07.405110-0500 0x423df    Activity    0x6c270              7799   0    containermanagerd: (libsystem_containermanager.dylib) container_is_new
2022-04-13 15:10:07.405677-0500 0x42459    Activity    0x6c89c              7780   0    runningboardd: (RunningBoard) lookupHandleForPredicate
2022-04-13 15:10:07.405708-0500 0x42395    Default     0x0                  7901   0    fileproviderd: (PlugInKit) [com.apple.PlugInKit:discovery] Annotations changed, re-performing query for continuous discovery, report block = <0x60000307cb10>.
2022-04-13 15:10:07.404986-0500 0x42453    Default     0x0                  7873   0    installd: (libsystem_containermanager.dylib) [com.apple.containermanager:unspecified] container_copy_path: success
2022-04-13 15:10:07.404101-0500 0x41916    Default     0x6c63e              7792   0    SpringBoard: (SpringBoard) [com.apple.SpringBoard:Common] termination assertion acquired for me.nesslab.com.PerformanceVisibility
2022-04-13 15:10:07.405642-0500 0x42379    Default     0x0                  7935   0    companionappd: (PlugInKit) [com.apple.PlugInKit:discovery] Annotations changed, re-performing query for continuous discovery, report block = <0x600001621680>.
2022-04-13 15:10:07.405717-0500 0x42459    Default     0x6c89c              7780   0    runningboardd: (RunningBoard) [com.apple.runningboard:connection] [daemon<com.apple.SpringBoard>:7792] handle lookup could not find a matching process
2022-04-13 15:10:07.405934-0500 0x42395    Activity    0x6c4b8              7901   0    fileproviderd: (PlugInKit) discovery
2022-04-13 15:10:07.404999-0500 0x42453    Activity    0x6c266              7873   0    installd: (libsystem_containermanager.dylib) container_copy_info
2022-04-13 15:10:07.404275-0500 0x41916    Default     0x6c63e              7792   0    SpringBoard: (SpringBoardHome) [com.apple.SpringBoard:Icon] 0x600000f2e600-SBApplicationIcon Data source did change: <SBApplication: 0x600001810540; me.nesslab.com.PerformanceVisibility> {
} (SBApplication)
2022-04-13 15:10:07.405177-0500 0x423df    Default     0x6c266              7799   0    containermanagerd: [com.apple.containermanager:fs] stat [/Users/ness/Library/Developer/CoreSimulator/Devices/5B48DBF1-4B28-46D9-84C9-4B38BC6DF152/data/Containers/Bundle/Application/8A76876E-F2DB-493D-8F4B-2830D63D2F3E/.com.apple.mobile_container_manager.metadata.plist]: exists: 1, isDirectory: 0, fsNode: <MCMFSNode: 0x600003fd4bc0; inode = 32631814, device = 16777231>
2022-04-13 15:10:07.406127-0500 0x42379    Activity    0x6be7f              7935   0    companionappd: (PlugInKit) discovery
2022-04-13 15:10:07.406037-0500 0x42395    Default     0x6c4b8              7901   0    fileproviderd: (PlugInKit) [com.apple.PlugInKit:discovery] [d F70DFA86-0E49-4BDF-B089-5A15B2B3F961] <PKHost:0x600002b7cd40> Beginning discovery for flags: 0, point: multiple
2022-04-13 15:10:07.405274-0500 0x42453    Default     0x0                  7873   0    installd: (libsystem_containermanager.dylib) [com.apple.containermanager:unspecified] container_copy_info: success
2022-04-13 15:10:07.405208-0500 0x423df    Default     0x6c266              7799   0    containermanagerd: [com.apple.containermanager:xpc] [501] command=7, client=<com.apple.installd, u=<501/20/501/2/501>, uid=501, pid=7873, sandboxed=0, platform=7 (1/1/1) [(null)]>, error=(none)
2022-04-13 15:10:07.406441-0500 0x42379    Default     0x6be7f              7935   0    companionappd: (PlugInKit) [com.apple.PlugInKit:discovery] [d 46FBFF16-DACA-4FBE-9D93-0D454F1EB1FF] <PKHost:0x600000d29e40> Beginning discovery for flags: 0, point: (null)
2022-04-13 15:10:07.406764-0500 0x4229d    Default     0x0                  7831   0    callservicesd: (PlugInKit) [com.apple.PlugInKit:discovery] Annotations changed, re-performing query for continuous discovery, report block = <0x600001c24ab0>.
2022-04-13 15:10:07.407006-0500 0x42453    Default     0x0                  7873   0    installd: (MobileSystemServices) 0x16dcf7000 -[MIInstaller performInstallationWithError:]: Installing <MIInstallableParallelPlaceholder ID=me.nesslab.com.PerformanceVisibility; Version=1, ShortVersion=(null)>
2022-04-13 15:10:07.406920-0500 0x4229d    Activity    0x6c209              7831   0    callservicesd: (PlugInKit) discovery
2022-04-13 15:10:07.407112-0500 0x42453    Default     0x0                  7873   0    installd: (MobileInstallation) [com.apple.appinstallation:TransactionLog] me.nesslab.com.PerformanceVisibility:7:2:1:1:Start : Install (Parallel Placeholder)
2022-04-13 15:10:07.407495-0500 0x42453    Activity    0x6c267              7873   0    installd: (libsystem_containermanager.dylib) container_create_or_lookup_for_current_user
2022-04-13 15:10:07.407508-0500 0x42453    Activity    0x6c268              7873   0    installd: (libsystem_containermanager.dylib) container_create_or_lookup_for_platform
2022-04-13 15:10:07.407156-0500 0x4229d    Default     0x6c209              7831   0    callservicesd: (PlugInKit) [com.apple.PlugInKit:discovery] [d 686A1FC1-8354-4B8A-93CA-63F219036086] <PKHost:0x600000728a00> Beginning discovery for flags: 0, point: com.apple.callkit.call-directory
2022-04-13 15:10:07.407518-0500 0x42453    Default     0x6c268              7873   0    installd: (libsystem_containermanager.dylib) [com.apple.containermanager:xpc] Requesting container lookup; class = 6, identifier = me.nesslab.com.PerformanceVisibility, temp = 0, create = 0, euid = 501, uid = 501
2022-04-13 15:10:07.407713-0500 0x423df    Error       0x6c268              7799   0    containermanagerd: [com.apple.containermanager:xpc] [501] command=0, client=<com.apple.installd, u=<501/20/501/2/501>, uid=501, pid=7873, sandboxed=0, platform=7 (1/1/1) [(null)]>, error=21 (CONTAINER_NOT_FOUND)
