Timestamp                       Thread     Type        Activity             PID    TTL  
2022-04-13 15:10:01.663986-0500 0x423ee    Default     0x0                  7808   0    rapportd: (Accounts) [com.apple.accounts:core] "The connection to ACDAccountStore was invalidated."
2022-04-13 15:10:01.664092-0500 0x423ed    Default     0x0                  7808   0    rapportd: (Accounts) [com.apple.accounts:core] "The connection to ACDAccountStore was invalidated."
2022-04-13 15:10:02.098975-0500 0x41b40    Default     0x0                  7798   0    locationd: [com.apple.locationd.Position:GeneralCLX] @ClxSimulated, Fix, 1, ll, 37.7858340, -122.4064170, acc, 5.00, course, -1.0, time, 671573403.1, deltaDistance, 0.0, deltaDistanceAccuracy, 1.9, odometer, 0.0
2022-04-13 15:10:02.099250-0500 0x41b40    Activity    0x6ca6b              7798   0    locationd: CL: notifyClientsWithData (Fallback)
2022-04-13 15:10:02.099304-0500 0x41b40    Activity    0x6ca6c              7798   0    locationd: CL: notifyClientsWithData (Fallback)
2022-04-13 15:10:02.099335-0500 0x41b40    Activity    0x6ca6d              7798   0    locationd: CL: notifyClientsWithData (Fallback)
2022-04-13 15:10:02.099365-0500 0x41b40    Activity    0x6ca6e              7798   0    locationd: CL: notifyClientsWithData (Fallback)
2022-04-13 15:10:02.099394-0500 0x41b40    Activity    0x6ca6f              7798   0    locationd: CL: notifyClientsWithData (Fallback)
2022-04-13 15:10:02.099422-0500 0x41b40    Activity    0x6cbf0              7798   0    locationd: CL: notifyClientsWithData (Fallback)
2022-04-13 15:10:02.197640-0500 0x42257    Default     0x0                  7778   0    UserEventAgent: (com.apple.cts) [com.apple.xpc.activity:Activities] Initiating XPC Activity: com.apple.cloudkit.assetHandleExpiration (0x15c407600)
2022-04-13 15:10:02.200182-0500 0x42257    Default     0x0                  7778   0    UserEventAgent: (com.apple.cts) [com.apple.xpc.activity:Activities] Initiating XPC Activity: com.apple.routined.locationAwareness.heartbeat (0x15c0097d0)
2022-04-13 15:10:02.201671-0500 0x41bb9    Default     0x0                  7824   0    cloudd: (libxpc.dylib) [com.apple.xpc.activity:Client] _xpc_activity_dispatch: beginning dispatch, activity name com.apple.cloudkit.assetHandleExpiration, seqno 2
2022-04-13 15:10:02.202217-0500 0x41bb9    Default     0x0                  7824   0    cloudd: (libxpc.dylib) [com.apple.xpc.activity:Client] _xpc_activity_dispatch: com.apple.cloudkit.assetHandleExpiration (0x6000001201e0): found an activity with matching seqno 2
2022-04-13 15:10:02.202262-0500 0x41bb9    Default     0x0                  7824   0    cloudd: (libxpc.dylib) [com.apple.xpc.activity:Client] _xpc_activity_begin_running: com.apple.cloudkit.assetHandleExpiration (0x6000001201e0) seqno: 2.
2022-04-13 15:10:02.202303-0500 0x41bb9    Default     0x0                  7824   0    cloudd: (libxpc.dylib) [com.apple.xpc.activity:Client] _xpc_activity_dispatch: lower half, activity name com.apple.cloudkit.assetHandleExpiration (0x6000001201e0), seqno from top half was 2
2022-04-13 15:10:02.203155-0500 0x41bb9    Default     0x0                  7824   0    cloudd: (libxpc.dylib) [com.apple.xpc.activity:Client] _xpc_activity_dispatch: created connection 0x600000c34400 for activity name com.apple.cloudkit.assetHandleExpiration (0x6000001201e0), seqno 2
2022-04-13 15:10:02.203915-0500 0x41bb9    Default     0x0                  7824   0    cloudd: (libxpc.dylib) [com.apple.xpc.activity:Client] _xpc_activity_set_state: com.apple.cloudkit.assetHandleExpiration (0x6000001201e0), 2
2022-04-13 15:10:02.203955-0500 0x41bb9    Default     0x0                  7824   0    cloudd: (libxpc.dylib) [com.apple.xpc.activity:Client] _xpc_activity_set_state: send new state to CTS: com.apple.cloudkit.assetHandleExpiration (0x6000001201e0), 2
2022-04-13 15:10:02.204667-0500 0x42257    Default     0x0                  7778   0    UserEventAgent: (com.apple.cts) [com.apple.xpc.activity:Activities] Running XPC Activity (PID 7824): com.apple.cloudkit.assetHandleExpiration (0x15c407600)
2022-04-13 15:10:02.201624-0500 0x42062    Default     0x0                  7783   0    routined: (libxpc.dylib) [com.apple.xpc.activity:Client] _xpc_activity_dispatch: beginning dispatch, activity name com.apple.routined.locationAwareness.heartbeat, seqno 2
2022-04-13 15:10:02.204775-0500 0x42387    Default     0x0                  7824   0    cloudd: (libxpc.dylib) [com.apple.xpc.activity:Client] _xpc_activity_set_state_from_cts: com.apple.cloudkit.assetHandleExpiration (0x6000001201e0), set activity state to 2
2022-04-13 15:10:02.204795-0500 0x42062    Default     0x0                  7783   0    routined: (libxpc.dylib) [com.apple.xpc.activity:Client] _xpc_activity_dispatch: com.apple.routined.locationAwareness.heartbeat (0x600003f18280): found an activity with matching seqno 2
2022-04-13 15:10:02.204900-0500 0x42062    Default     0x0                  7783   0    routined: (libxpc.dylib) [com.apple.xpc.activity:Client] _xpc_activity_begin_running: com.apple.routined.locationAwareness.heartbeat (0x600003f18280) seqno: 2.
2022-04-13 15:10:02.205710-0500 0x42062    Default     0x0                  7783   0    routined: (libxpc.dylib) [com.apple.xpc.activity:Client] _xpc_activity_dispatch: lower half, activity name com.apple.routined.locationAwareness.heartbeat (0x600003f18280), seqno from top half was 2
2022-04-13 15:10:02.205829-0500 0x42062    Default     0x0                  7783   0    routined: (libxpc.dylib) [com.apple.xpc.activity:Client] _xpc_activity_dispatch: created connection 0x600003215000 for activity name com.apple.routined.locationAwareness.heartbeat (0x600003f18280), seqno 2
2022-04-13 15:10:02.206144-0500 0x42387    Default     0x0                  7824   0    cloudd: (libxpc.dylib) [com.apple.xpc.activity:Client] __XPC_ACTIVITY_CALLING_HANDLER__: com.apple.cloudkit.assetHandleExpiration (0x6000001201e0), current state 2, pending state 0
2022-04-13 15:10:02.206378-0500 0x42257    Default     0x0                  7778   0    UserEventAgent: (com.apple.cts) [com.apple.xpc.activity:Activities] Running XPC Activity (PID 7783): com.apple.routined.locationAwareness.heartbeat (0x15c0097d0)
2022-04-13 15:10:02.206145-0500 0x42062    Default     0x0                  7783   0    routined: (libxpc.dylib) [com.apple.xpc.activity:Client] _xpc_activity_set_state: com.apple.routined.locationAwareness.heartbeat (0x600003f18280), 2
2022-04-13 15:10:02.206248-0500 0x42387    Default     0x6a4d5              7824   0    cloudd: (libxpc.dylib) [com.apple.xpc.activity:Client] _xpc_activity_set_state: com.apple.cloudkit.assetHandleExpiration (0x6000001201e0), 5
2022-04-13 15:10:02.206181-0500 0x42062    Default     0x0                  7783   0    routined: (libxpc.dylib) [com.apple.xpc.activity:Client] _xpc_activity_set_state: send new state to CTS: com.apple.routined.locationAwareness.heartbeat (0x600003f18280), 2
2022-04-13 15:10:02.206283-0500 0x42387    Default     0x0                  7824   0    cloudd: (libxpc.dylib) [com.apple.xpc.activity:Client] __XPC_ACTIVITY_CALLING_HANDLER__ returned from handler: com.apple.cloudkit.assetHandleExpiration (0x6000001201e0), current state 2, pending state 5
2022-04-13 15:10:02.206713-0500 0x42257    Default     0x6a4d5              7778   0    UserEventAgent: (com.apple.cts) [com.apple.xpc.activity:Activities] Completed XPC Activity: com.apple.cloudkit.assetHandleExpiration (0x15c407600)
2022-04-13 15:10:02.206563-0500 0x422e4    Default     0x0                  7783   0    routined: (libxpc.dylib) [com.apple.xpc.activity:Client] _xpc_activity_set_state_from_cts: com.apple.routined.locationAwareness.heartbeat (0x600003f18280), set activity state to 2
2022-04-13 15:10:02.206307-0500 0x42387    Default     0x0                  7824   0    cloudd: (libxpc.dylib) [com.apple.xpc.activity:Client] _xpc_activity_set_state: com.apple.cloudkit.assetHandleExpiration (0x6000001201e0), 1
2022-04-13 15:10:02.206602-0500 0x422e4    Default     0x0                  7783   0    routined: (libxpc.dylib) [com.apple.xpc.activity:Client] __XPC_ACTIVITY_CALLING_HANDLER__: com.apple.routined.locationAwareness.heartbeat (0x600003f18280), current state 2, pending state 0
2022-04-13 15:10:02.206339-0500 0x42387    Default     0x6a4d5              7824   0    cloudd: (libxpc.dylib) [com.apple.xpc.activity:Client] _xpc_activity_set_state: send new state to CTS: com.apple.cloudkit.assetHandleExpiration (0x6000001201e0), 5
2022-04-13 15:10:02.206385-0500 0x42387    Default     0x0                  7824   0    cloudd: (libxpc.dylib) [com.apple.xpc.activity:Client] _xpc_activity_set_state: send new state to CTS: com.apple.cloudkit.assetHandleExpiration (0x6000001201e0), 1
2022-04-13 15:10:02.206689-0500 0x422e4    Default     0x0                  7783   0    routined: (libxpc.dylib) [com.apple.xpc.activity:Client] _xpc_activity_set_state: com.apple.routined.locationAwareness.heartbeat (0x600003f18280), 4
2022-04-13 15:10:02.206736-0500 0x422e4    Default     0x0                  7783   0    routined: (libxpc.dylib) [com.apple.xpc.activity:Client] __XPC_ACTIVITY_CALLING_HANDLER__ returned from handler: com.apple.routined.locationAwareness.heartbeat (0x600003f18280), current state 2, pending state 4
2022-04-13 15:10:02.206866-0500 0x422e4    Default     0x0                  7783   0    routined: (libxpc.dylib) [com.apple.xpc.activity:Client] _xpc_activity_set_state: send new state to CTS: com.apple.routined.locationAwareness.heartbeat (0x600003f18280), 4
2022-04-13 15:10:02.210097-0500 0x42257    Default     0x6a4d5              7778   0    UserEventAgent: (com.apple.cts) [com.apple.xpc.activity:Activities] Rescheduling XPC Activity: com.apple.cloudkit.assetHandleExpiration (0x15c407600)
2022-04-13 15:10:02.210276-0500 0x42387    Default     0x6a4d5              7824   0    cloudd: (libxpc.dylib) [com.apple.xpc.activity:Client] _xpc_activity_set_state_from_cts: com.apple.cloudkit.assetHandleExpiration (0x6000001201e0), set activity state to 1
2022-04-13 15:10:02.210355-0500 0x42387    Default     0x6a4d5              7824   0    cloudd: (libxpc.dylib) [com.apple.xpc.activity:Client] _xpc_activity_end_running: com.apple.cloudkit.assetHandleExpiration (0x6000001201e0) seqno: 2.
2022-04-13 15:10:02.212583-0500 0x4240a    Default     0x0                  7783   0    routined: (libxpc.dylib) [com.apple.xpc.activity:Client] _xpc_activity_set_state: com.apple.routined.locationAwareness.heartbeat (0x600003f18280), 5
2022-04-13 15:10:02.212672-0500 0x4240a    Default     0x0                  7783   0    routined: (libxpc.dylib) [com.apple.xpc.activity:Client] _xpc_activity_set_state: send new state to CTS: com.apple.routined.locationAwareness.heartbeat (0x600003f18280), 5
2022-04-13 15:10:02.212904-0500 0x42257    Default     0x0                  7778   0    UserEventAgent: (com.apple.cts) [com.apple.xpc.activity:Activities] Completed XPC Activity: com.apple.routined.locationAwareness.heartbeat (0x15c0097d0)
2022-04-13 15:10:02.214372-0500 0x42257    Default     0x0                  7778   0    UserEventAgent: (com.apple.cts) [com.apple.xpc.activity:Activities] Rescheduling XPC Activity: com.apple.routined.locationAwareness.heartbeat (0x15c0097d0)
2022-04-13 15:10:02.214463-0500 0x42062    Default     0x0                  7783   0    routined: (libxpc.dylib) [com.apple.xpc.activity:Client] _xpc_activity_set_state_from_cts: com.apple.routined.locationAwareness.heartbeat (0x600003f18280), set activity state to 1
2022-04-13 15:10:02.214525-0500 0x42062    Default     0x0                  7783   0    routined: (libxpc.dylib) [com.apple.xpc.activity:Client] _xpc_activity_end_running: com.apple.routined.locationAwareness.heartbeat (0x600003f18280) seqno: 2.
2022-04-13 15:10:02.363415-0500 0x423d0    Default     0x0                  7844   0    SafariBookmarksSyncAgent: (Accounts) [com.apple.accounts:core] "The connection to ACDAccountStore was invalidated."
2022-04-13 15:10:02.520366-0500 0x423db    Default     0x0                  7827   0    cdpd: (Accounts) [com.apple.accounts:core] "The connection to ACDAccountStore was invalidated."
2022-04-13 15:10:02.535409-0500 0x4240d    Default     0x0                  7824   0    cloudd: (Accounts) [com.apple.accounts:core] "The connection to ACDAccountStore was invalidated."
2022-04-13 15:10:02.535406-0500 0x4240e    Default     0x0                  7824   0    cloudd: (Accounts) [com.apple.accounts:core] "The connection to ACDAccountStore was invalidated."
2022-04-13 15:10:02.535410-0500 0x4240f    Default     0x0                  7824   0    cloudd: (Accounts) [com.apple.accounts:core] "The connection to ACDAccountStore was invalidated."
2022-04-13 15:10:03.199397-0500 0x41b2a    Default     0x0                  7798   0    locationd: [com.apple.locationd.Position:GeneralCLX] @ClxSimulated, Fix, 1, ll, 37.7858340, -122.4064170, acc, 5.00, course, -1.0, time, 671573404.2, deltaDistance, 0.0, deltaDistanceAccuracy, 1.9, odometer, 0.0
2022-04-13 15:10:03.199694-0500 0x41b40    Activity    0x6cbf1              7798   0    locationd: CL: notifyClientsWithData (Fallback)
2022-04-13 15:10:03.199766-0500 0x41b40    Activity    0x6cbf2              7798   0    locationd: CL: notifyClientsWithData (Fallback)
2022-04-13 15:10:03.199803-0500 0x41b40    Activity    0x6cbf3              7798   0    locationd: CL: notifyClientsWithData (Fallback)
2022-04-13 15:10:03.199835-0500 0x41b40    Activity    0x6cbf4              7798   0    locationd: CL: notifyClientsWithData (Fallback)
2022-04-13 15:10:03.199869-0500 0x41b40    Activity    0x6cbf5              7798   0    locationd: CL: notifyClientsWithData (Fallback)
2022-04-13 15:10:03.199899-0500 0x41b40    Activity    0x6cbf6              7798   0    locationd: CL: notifyClientsWithData (Fallback)
2022-04-13 15:10:03.202481-0500 0x423b3    Default     0x0                  7877   0    passd: (Accounts) [com.apple.accounts:core] "The connection to ACDAccountStore was invalidated."
2022-04-13 15:10:03.486763-0500 0x42412    Default     0x0                  7796   0    sharingd: (Accounts) [com.apple.accounts:core] "The connection to ACDAccountStore was invalidated."
2022-04-13 15:10:03.487036-0500 0x42411    Default     0x0                  7796   0    sharingd: (Accounts) [com.apple.accounts:core] "The connection to ACDAccountStore was invalidated."
2022-04-13 15:10:03.631081-0500 0x423ad    Default     0x0                  7897   0    bird: (Accounts) [com.apple.accounts:core] "The connection to ACDAccountStore was invalidated."
2022-04-13 15:10:03.680930-0500 0x42413    Default     0x0                  7900   0    itunescloudd: (Accounts) [com.apple.accounts:core] "The connection to ACDAccountStore was invalidated."
2022-04-13 15:10:03.680928-0500 0x41d86    Default     0x0                  7900   0    itunescloudd: (Accounts) [com.apple.accounts:core] "ACMonitoredAccountStore: Connection to accountsd closed. Will reconnect on account change for appropriate account type"
2022-04-13 15:10:03.681211-0500 0x4237b    Default     0x0                  7900   0    itunescloudd: (Accounts) [com.apple.accounts:core] "The connection to ACDAccountStore was invalidated."
2022-04-13 15:10:03.682275-0500 0x41991    Default     0x0                  7803   0    distnoted: [com.apple.distnoted:diagnostic] register name: ACDAccountStoreDidChangeNotification object: kCFNotificationAnyObject token: 800000007 pid: 7900
2022-04-13 15:10:04.293352-0500 0x41b2a    Default     0x0                  7798   0    locationd: [com.apple.locationd.Position:GeneralCLX] @ClxSimulated, Fix, 1, ll, 37.7858340, -122.4064170, acc, 5.00, course, -1.0, time, 671573405.3, deltaDistance, 0.0, deltaDistanceAccuracy, 1.9, odometer, 0.0
2022-04-13 15:10:04.293650-0500 0x41b2a    Activity    0x6cbf7              7798   0    locationd: CL: notifyClientsWithData (Fallback)
2022-04-13 15:10:04.293700-0500 0x41b2a    Activity    0x6cbf8              7798   0    locationd: CL: notifyClientsWithData (Fallback)
2022-04-13 15:10:04.293731-0500 0x41b2a    Activity    0x6cbf9              7798   0    locationd: CL: notifyClientsWithData (Fallback)
2022-04-13 15:10:04.293761-0500 0x41b2a    Activity    0x6cbfa              7798   0    locationd: CL: notifyClientsWithData (Fallback)
2022-04-13 15:10:04.293791-0500 0x41b2a    Activity    0x6cbfb              7798   0    locationd: CL: notifyClientsWithData (Fallback)
2022-04-13 15:10:04.293821-0500 0x41b2a    Activity    0x6cbfc              7798   0    locationd: CL: notifyClientsWithData (Fallback)
2022-04-13 15:10:04.454134-0500 0x41e0c    Default     0x0                  7919   0    Spotlight: (Accounts) [com.apple.accounts:core] "ACMonitoredAccountStore: Connection to accountsd closed. Will reconnect on account change for appropriate account type"
2022-04-13 15:10:04.454530-0500 0x41991    Default     0x0                  7803   0    distnoted: [com.apple.distnoted:diagnostic] register name: ACDAccountStoreDidChangeNotification object: kCFNotificationAnyObject token: 300000002 pid: 7919
2022-04-13 15:10:04.454542-0500 0x4239d    Default     0x0                  7919   0    Spotlight: (Accounts) [com.apple.accounts:core] "The connection to ACDAccountStore was invalidated."
2022-04-13 15:10:04.997813-0500 0x4241a    Default     0x0                  7911   0    maild: (Accounts) [com.apple.accounts:core] "The connection to ACDAccountStore was invalidated."
2022-04-13 15:10:04.997805-0500 0x42419    Default     0x0                  7911   0    maild: (Accounts) [com.apple.accounts:core] "The connection to ACDAccountStore was invalidated."
2022-04-13 15:10:05.282235-0500 0x41ed5    Default     0x0                  7884   0    assetsd: (PhotoLibraryServices) [com.apple.photos.backend:Migration] Photo library is ready for Cloud Photos now: file:///Users/ness/Library/Developer/CoreSimulator/Devices/5B48DBF1-4B28-46D9-84C9-4B38BC6DF152/data/Media/
2022-04-13 15:10:05.283045-0500 0x41991    Default     0x0                  7803   0    distnoted: [com.apple.distnoted:diagnostic] register name: ACDAccountStoreDidChangeNotification object: kCFNotificationAnyObject token: 100000000 pid: 7884
2022-04-13 15:10:05.283144-0500 0x41ed5    Activity    0x6ca71              7884   0    assetsd: (Accounts) accounts/accounts-with-types-sync
2022-04-13 15:10:05.285463-0500 0x4216d    Default     0x6ca71              7823   0    accountsd: (AccountsDaemon) [com.apple.accounts:core] "<NSXPCConnection: 0x6000028dc000> connection from pid 7884 on mach service named com.apple.accountsd.accountmanager (assetsd) received"
2022-04-13 15:10:05.287262-0500 0x41ed5    Default     0x0                  7884   0    assetsd: (PhotoLibraryServices) [com.apple.photos.backend:Backend] No primaryAppleAccount
2022-04-13 15:10:05.287334-0500 0x41ed5    Default     0x0                  7884   0    assetsd: (PhotoLibraryServices) [com.apple.photos.cpl:client.assetsd.manager.systemlibrary] No iCloud account, skip opening cloud photo library at init time
2022-04-13 15:10:05.331654-0500 0x41b40    Default     0x0                  7798   0    locationd: [com.apple.locationd.Position:GeneralCLX] @ClxSimulated, Fix, 1, ll, 37.7858340, -122.4064170, acc, 5.00, course, -1.0, time, 671573406.3, deltaDistance, 0.0, deltaDistanceAccuracy, 1.9, odometer, 0.0
2022-04-13 15:10:05.331908-0500 0x41b2a    Activity    0x6cbfd              7798   0    locationd: CL: notifyClientsWithData (Fallback)
2022-04-13 15:10:05.331956-0500 0x41b2a    Activity    0x6cbfe              7798   0    locationd: CL: notifyClientsWithData (Fallback)
2022-04-13 15:10:05.331991-0500 0x41b2a    Activity    0x6cbff              7798   0    locationd: CL: notifyClientsWithData (Fallback)
2022-04-13 15:10:05.332022-0500 0x41b2a    Activity    0x6cc40              7798   0    locationd: CL: notifyClientsWithData (Fallback)
2022-04-13 15:10:05.332051-0500 0x41b2a    Activity    0x6cc41              7798   0    locationd: CL: notifyClientsWithData (Fallback)
2022-04-13 15:10:05.332080-0500 0x41b2a    Activity    0x6cc42              7798   0    locationd: CL: notifyClientsWithData (Fallback)
2022-04-13 15:10:05.898674-0500 0x41fa7    Default     0x0                  7891   0    webbookmarksd: (Accounts) [com.apple.accounts:core] "ACMonitoredAccountStore: Connection to accountsd closed. Will reconnect on account change for appropriate account type"
2022-04-13 15:10:05.899198-0500 0x41fa7    Default     0x0                  7891   0    webbookmarksd: (Accounts) [com.apple.accounts:core] "The connection to ACDAccountStore was invalidated."
2022-04-13 15:10:05.899458-0500 0x41991    Default     0x0                  7803   0    distnoted: [com.apple.distnoted:diagnostic] register name: ACDAccountStoreDidChangeNotification object: kCFNotificationAnyObject token: 200000001 pid: 7891
2022-04-13 15:10:06.343654-0500 0x41b2a    Default     0x0                  7798   0    locationd: [com.apple.locationd.Position:GeneralCLX] @ClxSimulated, Fix, 1, ll, 37.7858340, -122.4064170, acc, 5.00, course, -1.0, time, 671573407.3, deltaDistance, 0.0, deltaDistanceAccuracy, 1.9, odometer, 0.0
2022-04-13 15:10:06.343947-0500 0x41b2a    Activity    0x6cc43              7798   0    locationd: CL: notifyClientsWithData (Fallback)
2022-04-13 15:10:06.343991-0500 0x41b2a    Activity    0x6cc44              7798   0    locationd: CL: notifyClientsWithData (Fallback)
2022-04-13 15:10:06.344023-0500 0x41b2a    Activity    0x6cc45              7798   0    locationd: CL: notifyClientsWithData (Fallback)
2022-04-13 15:10:06.344053-0500 0x41b2a    Activity    0x6cc46              7798   0    locationd: CL: notifyClientsWithData (Fallback)
2022-04-13 15:10:06.344082-0500 0x41b2a    Activity    0x6cc47              7798   0    locationd: CL: notifyClientsWithData (Fallback)
2022-04-13 15:10:06.344111-0500 0x41b2a    Activity    0x6cc48              7798   0    locationd: CL: notifyClientsWithData (Fallback)
2022-04-13 15:10:06.444454-0500 0x42257    Default     0x0                  7778   0    UserEventAgent: (com.apple.cts) [com.apple.xpc.activity:Activities] Initiating XPC Activity: com.apple.UIKit.UserInterfaceStyleAnalyticsActivity (0x15c105410)
2022-04-13 15:10:06.445906-0500 0x42181    Default     0x0                  7792   0    SpringBoard: (libxpc.dylib) [com.apple.xpc.activity:Client] _xpc_activity_dispatch: beginning dispatch, activity name com.apple.UIKit.UserInterfaceStyleAnalyticsActivity, seqno 1
2022-04-13 15:10:06.446110-0500 0x42181    Default     0x0                  7792   0    SpringBoard: (libxpc.dylib) [com.apple.xpc.activity:Client] _xpc_activity_dispatch: com.apple.UIKit.UserInterfaceStyleAnalyticsActivity (0x600001064d20): found an activity with matching seqno 1
2022-04-13 15:10:06.446187-0500 0x42181    Default     0x0                  7792   0    SpringBoard: (libxpc.dylib) [com.apple.xpc.activity:Client] _xpc_activity_begin_running: com.apple.UIKit.UserInterfaceStyleAnalyticsActivity (0x600001064d20) seqno: 1.
2022-04-13 15:10:06.446262-0500 0x42257    Default     0x0                  7778   0    UserEventAgent: (com.apple.cts) [com.apple.xpc.activity:Activities] Initiating XPC Activity: com.apple.coreduetd.people.refresh-cache (0x15af04970)
2022-04-13 15:10:06.446354-0500 0x42181    Default     0x0                  7792   0    SpringBoard: (libxpc.dylib) [com.apple.xpc.activity:Client] _xpc_activity_dispatch: lower half, activity name com.apple.UIKit.UserInterfaceStyleAnalyticsActivity (0x600001064d20), seqno from top half was 1
2022-04-13 15:10:06.448822-0500 0x42181    Default     0x0                  7792   0    SpringBoard: (libxpc.dylib) [com.apple.xpc.activity:Client] _xpc_activity_dispatch: created connection 0x600001d7d100 for activity name com.apple.UIKit.UserInterfaceStyleAnalyticsActivity (0x600001064d20), seqno 1
2022-04-13 15:10:06.449639-0500 0x42181    Default     0x0                  7792   0    SpringBoard: (libxpc.dylib) [com.apple.xpc.activity:Client] _xpc_activity_set_state: com.apple.UIKit.UserInterfaceStyleAnalyticsActivity (0x600001064d20), 2
2022-04-13 15:10:06.449851-0500 0x42257    Default     0x0                  7778   0    UserEventAgent: (com.apple.cts) [com.apple.xpc.activity:Activities] Running XPC Activity (PID 7792): com.apple.UIKit.UserInterfaceStyleAnalyticsActivity (0x15c105410)
2022-04-13 15:10:06.449695-0500 0x42181    Default     0x0                  7792   0    SpringBoard: (libxpc.dylib) [com.apple.xpc.activity:Client] _xpc_activity_set_state: send new state to CTS: com.apple.UIKit.UserInterfaceStyleAnalyticsActivity (0x600001064d20), 2
2022-04-13 15:10:06.450356-0500 0x42181    Default     0x0                  7792   0    SpringBoard: (libxpc.dylib) [com.apple.xpc.activity:Client] _xpc_activity_set_state_from_cts: com.apple.UIKit.UserInterfaceStyleAnalyticsActivity (0x600001064d20), set activity state to 2
2022-04-13 15:10:06.449848-0500 0x421ad    Default     0x0                  7874   0    coreduetd: (libxpc.dylib) [com.apple.xpc.activity:Client] _xpc_activity_dispatch: beginning dispatch, activity name com.apple.coreduetd.people.refresh-cache, seqno 2
2022-04-13 15:10:06.450489-0500 0x42181    Default     0x0                  7792   0    SpringBoard: (libxpc.dylib) [com.apple.xpc.activity:Client] __XPC_ACTIVITY_CALLING_HANDLER__: com.apple.UIKit.UserInterfaceStyleAnalyticsActivity (0x600001064d20), current state 2, pending state 0
2022-04-13 15:10:06.450507-0500 0x421ad    Default     0x0                  7874   0    coreduetd: (libxpc.dylib) [com.apple.xpc.activity:Client] _xpc_activity_dispatch: com.apple.coreduetd.people.refresh-cache (0x600000f0c0a0): found an activity with matching seqno 2
2022-04-13 15:10:06.450536-0500 0x42181    Default     0x0                  7792   0    SpringBoard: (libxpc.dylib) [com.apple.xpc.activity:Client] _xpc_activity_set_state: com.apple.UIKit.UserInterfaceStyleAnalyticsActivity (0x600001064d20), 4
2022-04-13 15:10:06.450565-0500 0x421ad    Default     0x0                  7874   0    coreduetd: (libxpc.dylib) [com.apple.xpc.activity:Client] _xpc_activity_begin_running: com.apple.coreduetd.people.refresh-cache (0x600000f0c0a0) seqno: 2.
2022-04-13 15:10:06.451143-0500 0x421ad    Default     0x0                  7874   0    coreduetd: (libxpc.dylib) [com.apple.xpc.activity:Client] _xpc_activity_dispatch: lower half, activity name com.apple.coreduetd.people.refresh-cache (0x600000f0c0a0), seqno from top half was 2
2022-04-13 15:10:06.451745-0500 0x421ad    Default     0x0                  7874   0    coreduetd: (libxpc.dylib) [com.apple.xpc.activity:Client] _xpc_activity_dispatch: created connection 0x60000020c500 for activity name com.apple.coreduetd.people.refresh-cache (0x600000f0c0a0), seqno 2
2022-04-13 15:10:06.451802-0500 0x42181    Default     0x0                  7792   0    SpringBoard: (libxpc.dylib) [com.apple.xpc.activity:Client] __XPC_ACTIVITY_CALLING_HANDLER__ returned from handler: com.apple.UIKit.UserInterfaceStyleAnalyticsActivity (0x600001064d20), current state 2, pending state 4
2022-04-13 15:10:06.451820-0500 0x421ad    Default     0x0                  7874   0    coreduetd: (libxpc.dylib) [com.apple.xpc.activity:Client] _xpc_activity_set_state: com.apple.coreduetd.people.refresh-cache (0x600000f0c0a0), 2
2022-04-13 15:10:06.451905-0500 0x41916    Default     0x0                  7792   0    SpringBoard: (libxpc.dylib) [com.apple.xpc.activity:Client] _xpc_activity_set_state: com.apple.UIKit.UserInterfaceStyleAnalyticsActivity (0x600001064d20), 5
2022-04-13 15:10:06.451951-0500 0x42181    Default     0x0                  7792   0    SpringBoard: (libxpc.dylib) [com.apple.xpc.activity:Client] _xpc_activity_set_state: send new state to CTS: com.apple.UIKit.UserInterfaceStyleAnalyticsActivity (0x600001064d20), 4
2022-04-13 15:10:06.452795-0500 0x42181    Default     0x0                  7792   0    SpringBoard: (libxpc.dylib) [com.apple.xpc.activity:Client] _xpc_activity_set_state: send new state to CTS: com.apple.UIKit.UserInterfaceStyleAnalyticsActivity (0x600001064d20), 5
2022-04-13 15:10:06.451896-0500 0x421ad    Default     0x0                  7874   0    coreduetd: (libxpc.dylib) [com.apple.xpc.activity:Client] _xpc_activity_set_state: send new state to CTS: com.apple.coreduetd.people.refresh-cache (0x600000f0c0a0), 2
2022-04-13 15:10:06.452955-0500 0x42257    Default     0x0                  7778   0    UserEventAgent: (com.apple.cts) [com.apple.xpc.activity:Activities] Completed XPC Activity: com.apple.UIKit.UserInterfaceStyleAnalyticsActivity (0x15c105410)
2022-04-13 15:10:06.455248-0500 0x42257    Default     0x0                  7778   0    UserEventAgent: (com.apple.cts) [com.apple.xpc.activity:Activities] Rescheduling XPC Activity: com.apple.UIKit.UserInterfaceStyleAnalyticsActivity (0x15c105410)
2022-04-13 15:10:06.455629-0500 0x42181    Default     0x0                  7792   0    SpringBoard: (libxpc.dylib) [com.apple.xpc.activity:Client] _xpc_activity_set_state_from_cts: com.apple.UIKit.UserInterfaceStyleAnalyticsActivity (0x600001064d20), set activity state to 1
2022-04-13 15:10:06.455706-0500 0x42257    Default     0x0                  7778   0    UserEventAgent: (com.apple.cts) [com.apple.xpc.activity:Activities] Running XPC Activity (PID 7874): com.apple.coreduetd.people.refresh-cache (0x15af04970)
2022-04-13 15:10:06.455923-0500 0x421ad    Default     0x0                  7874   0    coreduetd: (libxpc.dylib) [com.apple.xpc.activity:Client] _xpc_activity_set_state_from_cts: com.apple.coreduetd.people.refresh-cache (0x600000f0c0a0), set activity state to 2
2022-04-13 15:10:06.455694-0500 0x42181    Default     0x0                  7792   0    SpringBoard: (libxpc.dylib) [com.apple.xpc.activity:Client] _xpc_activity_end_running: com.apple.UIKit.UserInterfaceStyleAnalyticsActivity (0x600001064d20) seqno: 1.
2022-04-13 15:10:06.455990-0500 0x421ad    Default     0x0                  7874   0    coreduetd: (libxpc.dylib) [com.apple.xpc.activity:Client] __XPC_ACTIVITY_CALLING_HANDLER__: com.apple.coreduetd.people.refresh-cache (0x600000f0c0a0), current state 2, pending state 0
2022-04-13 15:10:06.456508-0500 0x42257    Default     0x0                  7778   0    UserEventAgent: (com.apple.cts) [com.apple.xpc.activity:Activities] Completed XPC Activity: com.apple.coreduetd.people.refresh-cache (0x15af04970)
2022-04-13 15:10:06.456026-0500 0x421ad    Default     0x0                  7874   0    coreduetd: (libxpc.dylib) [com.apple.xpc.activity:Client] _xpc_activity_set_state: com.apple.coreduetd.people.refresh-cache (0x600000f0c0a0), 4
2022-04-13 15:10:06.456082-0500 0x421ad    Default     0x0                  7874   0    coreduetd: (libxpc.dylib) [com.apple.xpc.activity:Client] __XPC_ACTIVITY_CALLING_HANDLER__ returned from handler: com.apple.coreduetd.people.refresh-cache (0x600000f0c0a0), current state 2, pending state 4
2022-04-13 15:10:06.456138-0500 0x423bc    Default     0x0                  7874   0    coreduetd: (libxpc.dylib) [com.apple.xpc.activity:Client] _xpc_activity_set_state: com.apple.coreduetd.people.refresh-cache (0x600000f0c0a0), 5
2022-04-13 15:10:06.456114-0500 0x421ad    Default     0x0                  7874   0    coreduetd: (libxpc.dylib) [com.apple.xpc.activity:Client] _xpc_activity_set_state: send new state to CTS: com.apple.coreduetd.people.refresh-cache (0x600000f0c0a0), 4
2022-04-13 15:10:06.456264-0500 0x421ad    Default     0x0                  7874   0    coreduetd: (libxpc.dylib) [com.apple.xpc.activity:Client] _xpc_activity_set_state: send new state to CTS: com.apple.coreduetd.people.refresh-cache (0x600000f0c0a0), 5
2022-04-13 15:10:06.458539-0500 0x42257    Default     0x0                  7778   0    UserEventAgent: (com.apple.cts) [com.apple.xpc.activity:Activities] Rescheduling XPC Activity: com.apple.coreduetd.people.refresh-cache (0x15af04970)
2022-04-13 15:10:06.458675-0500 0x421ad    Default     0x0                  7874   0    coreduetd: (libxpc.dylib) [com.apple.xpc.activity:Client] _xpc_activity_set_state_from_cts: com.apple.coreduetd.people.refresh-cache (0x600000f0c0a0), set activity state to 1
2022-04-13 15:10:06.458716-0500 0x421ad    Default     0x0                  7874   0    coreduetd: (libxpc.dylib) [com.apple.xpc.activity:Client] _xpc_activity_end_running: com.apple.coreduetd.people.refresh-cache (0x600000f0c0a0) seqno: 2.
2022-04-13 15:10:07.036084-0500 0x4219a    Default     0x0                  7835   0    useractivityd: [com.apple.useractivity:main] SIMULATOR: Received message from another simulator on port 11267, so dispatching.
2022-04-13 15:10:07.039379-0500 0x4219a    Default     0x0                  7835   0    useractivityd: [com.apple.useractivity:main] SIMULATOR: Clearing current item, because it has been removed ( was D4CF20F6-F898-4074-AA70-C42F7BAF74CB/UAUserActivityInfo:{ type = UserActivity; uuid = D4CF20F6-F898-4074-AA70-C42F7BAF74CB; activityType = "com.apple.continuitypasteboard"; dynamicActivityType = "(null)"; teamID=(null); - userInfo = $ -  -  ; when = 2022-04-13 20:09:56 +0000 } { type = UserActivity; uuid = D4CF20F6-F898-4074-AA70-C42F7BAF74CB;  activityType = "com.apple.continuitypasteboard"; userInfo = $;   eligible=NO}).
2022-04-13 15:10:07.376710-0500 0x41a4e    Default     0x0                  7804   0    CoreSimulatorBridge: Request received for installation of file:///Users/ness/Library/Developer/Xcode/DerivedData/PerformanceVisibility-apumorpbcjflczgvpkrpsynxmwmh/Build/Products/Debug-iphonesimulator/PerformanceVisibility.app/ with options: {
    PackageType = Developer;
    SimulatorRootPath = "/Applications/Xcode.app/Contents/Developer/Platforms/iPhoneOS.platform/Library/Developer/CoreSimulator/Profiles/Runtimes/iOS.simruntime/Contents/Resources/RuntimeRoot";
    SimulatorUserPath = "/Users/ness/Library/Developer/CoreSimulator/Devices/5B48DBF1-4B28-46D9-84C9-4B38BC6DF152/data";
    SkipWatchAppInstall = 1;
}
2022-04-13 15:10:07.377028-0500 0x41a4e    Default     0x0                  7804   0    CoreSimulatorBridge: (InstallCoordination) [com.apple.installcoordination:framework] +[IXAppInstallCoordinator(IXSimpleInstaller) _beginInstallForURL:consumeSource:options:completion:]: Beginning install for /Users/ness/Library/Developer/Xcode/DerivedData/PerformanceVisibility-apumorpbcjflczgvpkrpsynxmwmh/Build/Products/Debug-iphonesimulator/PerformanceVisibility.app consuming source:N options:{
    IsUserInitiated = 1;
    PackageType = Developer;
    SkipWatchAppInstall = 1;
}
2022-04-13 15:10:07.378226-0500 0x42096    Default     0x0                  7849   0    installcoordinationd: [com.apple.installcoordination:daemon] -[IXSDataPromiseManager registerPromise:]: Registered promise <IXSPlaceholder(0x6000004c02d0) Name:App Placeholder: PerformanceVisibility (me.nesslab.com.PerformanceVisibility) Creator:InstallCoordination Simple SPI UUID:7A811FD7-9555-40CA-B88E-8D864F3EB388> for UUID 7A811FD7-9555-40CA-B88E-8D864F3EB388
2022-04-13 15:10:07.378244-0500 0x42096    Default     0x0                  7849   0    installcoordinationd: [com.apple.installcoordination:daemon] -[IXSClientConnection addInterestedCoordinatorOrPromiseUUID:]_block_invoke: <IXSClientConnection<0x6000035c4690> client:CoreSimulatorBridge (pid 7804)>: Interested in UUID: 7A811FD7-9555-40CA-B88E-8D864F3EB388
2022-04-13 15:10:07.378724-0500 0x41a4f    Default     0x0                  7804   0    CoreSimulatorBridge: (InstallCoordination) [com.apple.installcoordination:framework] -[IXServerConnection registerDataPromiseForUpdates:notifyDaemon:]: Tracking data promise with UUID 7A811FD7-9555-40CA-B88E-8D864F3EB388
2022-04-13 15:10:07.379072-0500 0x4244d    Default     0x0                  7849   0    installcoordinationd: [com.apple.installcoordination:daemon] -[IXSPlaceholder setAttributes:]: <IXSPlaceholder(0x6000004c02d0) Name:App Placeholder: PerformanceVisibility (me.nesslab.com.PerformanceVisibility) Creator:InstallCoordination Simple SPI UUID:7A811FD7-9555-40CA-B88E-8D864F3EB388>: setting placeholder attributes to <IXPlaceholderAttributes<0x600001fd01e0> : {
    CFBundleVersion = 1;
    MinimumOSVersion = "15.2";
}>
2022-04-13 15:10:07.382870-0500 0x4244d    Default     0x0                  7849   0    installcoordinationd: [com.apple.installcoordination:daemon] -[IXSDataPromise setPercentComplete:]: Progress: <IXSPromisedInMemoryData(0x6000010d4850) Name:Icon for me.nesslab.com.PerformanceVisibility Creator:InstallCoordination Simple SPI UUID:72D7704F-D87C-4B68-82E6-A31E8DABE2DA PercentComplete:1.000000 IsComplete:N DiskUsageBytes:14624>
2022-04-13 15:10:07.383495-0500 0x4244d    Default     0x0                  7849   0    installcoordinationd: [com.apple.installcoordination:daemon] -[IXSDataPromiseManager registerPromise:]: Registered promise <IXSPromisedInMemoryData(0x6000010d4850) Name:Icon for me.nesslab.com.PerformanceVisibility Creator:InstallCoordination Simple SPI UUID:72D7704F-D87C-4B68-82E6-A31E8DABE2DA PercentComplete:1.000000 IsComplete:Y DiskUsageBytes:14624> for UUID 72D7704F-D87C-4B68-82E6-A31E8DABE2DA
2022-04-13 15:10:07.383518-0500 0x4244d    Default     0x0                  7849   0    installcoordinationd: [com.apple.installcoordination:daemon] -[IXSClientConnection addInterestedCoordinatorOrPromiseUUID:]_block_invoke: <IXSClientConnection<0x6000035c4690> client:CoreSimulatorBridge (pid 7804)>: Interested in UUID: 72D7704F-D87C-4B68-82E6-A31E8DABE2DA
2022-04-13 15:10:07.383545-0500 0x4244d    Default     0x0                  7849   0    installcoordinationd: [com.apple.installcoordination:daemon] -[IXSClientConnection _client_promiseDidCompleteSuccessfullyWithUUID:]: Client SpringBoard (pid 7792) was not interested in UUID 72D7704F-D87C-4B68-82E6-A31E8DABE2DA
2022-04-13 15:10:07.384055-0500 0x41a4f    Default     0x0                  7804   0    CoreSimulatorBridge: (InstallCoordination) [com.apple.installcoordination:framework] -[IXServerConnection registerDataPromiseForUpdates:notifyDaemon:]: Tracking data promise with UUID 72D7704F-D87C-4B68-82E6-A31E8DABE2DA
2022-04-13 15:10:07.383558-0500 0x4244d    Default     0x0                  7849   0    installcoordinationd: [com.apple.installcoordination:daemon] -[IXSClientConnection _client_promiseDidCompleteSuccessfullyWithUUID:]: Client appstored (pid 7842) was not interested in UUID 72D7704F-D87C-4B68-82E6-A31E8DABE2DA
2022-04-13 15:10:07.383570-0500 0x4244d    Default     0x0                  7849   0    installcoordinationd: [com.apple.installcoordination:daemon] -[IXSClientConnection _client_promiseDidCompleteSuccessfullyWithUUID:]: Dispatching _client_promiseDidCompleteSuccessfullyWithUUID:uuid to <IXSClientConnection<0x6000035c4690> client:CoreSimulatorBridge (pid 7804)>
2022-04-13 15:10:07.383604-0500 0x4244d    Default     0x0                  7849   0    installcoordinationd: [com.apple.installcoordination:daemon] -[IXSDataPromiseManager promiseDidBegin:]: Unowned promise began: <IXSPromisedInMemoryData(0x6000010d4850) Name:Icon for me.nesslab.com.PerformanceVisibility Creator:InstallCoordination Simple SPI UUID:72D7704F-D87C-4B68-82E6-A31E8DABE2DA PercentComplete:1.000000 IsComplete:Y DiskUsageBytes:14624>
2022-04-13 15:10:07.383618-0500 0x4244d    Default     0x0                  7849   0    installcoordinationd: [com.apple.installcoordination:daemon] -[IXSDataPromiseManager promise:didUpdateProgress:]: Unowned promise update progress to 1.000000 : <IXSPromisedInMemoryData(0x6000010d4850) Name:Icon for me.nesslab.com.PerformanceVisibility Creator:InstallCoordination Simple SPI UUID:72D7704F-D87C-4B68-82E6-A31E8DABE2DA PercentComplete:1.000000 IsComplete:Y DiskUsageBytes:14624>
2022-04-13 15:10:07.383631-0500 0x4244d    Default     0x0                  7849   0    installcoordinationd: [com.apple.installcoordination:daemon] -[IXSDataPromiseManager promiseDidComplete:]: Unowned promise completed: <IXSPromisedInMemoryData(0x6000010d4850) Name:Icon for me.nesslab.com.PerformanceVisibility Creator:InstallCoordination Simple SPI UUID:72D7704F-D87C-4B68-82E6-A31E8DABE2DA PercentComplete:1.000000 IsComplete:Y DiskUsageBytes:14624>
2022-04-13 15:10:07.384274-0500 0x42096    Default     0x0                  7849   0    installcoordinationd: [com.apple.installcoordination:daemon] -[IXSPlaceholder setIcon:]: <IXSPlaceholder(0x6000004c02d0) Name:App Placeholder: PerformanceVisibility (me.nesslab.com.PerformanceVisibility) Creator:InstallCoordination Simple SPI UUID:7A811FD7-9555-40CA-B88E-8D864F3EB388>: setting icon promise to <IXSPromisedInMemoryData(0x6000010d4850) Name:Icon for me.nesslab.com.PerformanceVisibility Creator:InstallCoordination Simple SPI UUID:72D7704F-D87C-4B68-82E6-A31E8DABE2DA PercentComplete:1.000000 IsComplete:Y DiskUsageBytes:14624>
2022-04-13 15:10:07.385409-0500 0x42096    Default     0x0                  7849   0    installcoordinationd: [com.apple.installcoordination:daemon] -[IXSDataPromiseManager promiseDidBegin:]: Unowned promise began: <IXSPlaceholder(0x6000004c02d0) Name:App Placeholder: PerformanceVisibility (me.nesslab.com.PerformanceVisibility) Creator:InstallCoordination Simple SPI UUID:7A811FD7-9555-40CA-B88E-8D864F3EB388>
2022-04-13 15:10:07.385429-0500 0x42096    Default     0x0                  7849   0    installcoordinationd: [com.apple.installcoordination:daemon] -[IXSDataPromiseManager promise:didUpdateProgress:]: Unowned promise update progress to 0.000000 : <IXSPlaceholder(0x6000004c02d0) Name:App Placeholder: PerformanceVisibility (me.nesslab.com.PerformanceVisibility) Creator:InstallCoordination Simple SPI UUID:7A811FD7-9555-40CA-B88E-8D864F3EB388>
2022-04-13 15:10:07.386486-0500 0x4244d    Default     0x0                  7849   0    installcoordinationd: [com.apple.installcoordination:daemon] -[IXSDataPromise setPercentComplete:]: Progress: <IXSPromisedInMemoryDictionary(0x6000010d48c0) Name:Localizations for me.nesslab.com.PerformanceVisibility Creator:InstallCoordination Simple SPI UUID:6AB4A2E2-AD43-4AA8-97DB-3642B47AC090 PercentComplete:1.000000 IsComplete:N DiskUsageBytes:52>
2022-04-13 15:10:07.387046-0500 0x4244d    Default     0x0                  7849   0    installcoordinationd: [com.apple.installcoordination:daemon] -[IXSDataPromiseManager registerPromise:]: Registered promise <IXSPromisedInMemoryDictionary(0x6000010d48c0) Name:Localizations for me.nesslab.com.PerformanceVisibility Creator:InstallCoordination Simple SPI UUID:6AB4A2E2-AD43-4AA8-97DB-3642B47AC090 PercentComplete:1.000000 IsComplete:Y DiskUsageBytes:52> for UUID 6AB4A2E2-AD43-4AA8-97DB-3642B47AC090
2022-04-13 15:10:07.387064-0500 0x4244d    Default     0x0                  7849   0    installcoordinationd: [com.apple.installcoordination:daemon] -[IXSClientConnection addInterestedCoordinatorOrPromiseUUID:]_block_invoke: <IXSClientConnection<0x6000035c4690> client:CoreSimulatorBridge (pid 7804)>: Interested in UUID: 6AB4A2E2-AD43-4AA8-97DB-3642B47AC090
2022-04-13 15:10:07.387082-0500 0x42096    Default     0x0                  7849   0    installcoordinationd: [com.apple.installcoordination:daemon] -[IXSClientConnection _client_promiseDidCompleteSuccessfullyWithUUID:]: Client SpringBoard (pid 7792) was not interested in UUID 6AB4A2E2-AD43-4AA8-97DB-3642B47AC090
2022-04-13 15:10:07.387401-0500 0x41a4f    Default     0x0                  7804   0    CoreSimulatorBridge: (InstallCoordination) [com.apple.installcoordination:framework] -[IXServerConnection registerDataPromiseForUpdates:notifyDaemon:]: Tracking data promise with UUID 6AB4A2E2-AD43-4AA8-97DB-3642B47AC090
2022-04-13 15:10:07.387126-0500 0x42096    Default     0x0                  7849   0    installcoordinationd: [com.apple.installcoordination:daemon] -[IXSClientConnection _client_promiseDidCompleteSuccessfullyWithUUID:]: Client appstored (pid 7842) was not interested in UUID 6AB4A2E2-AD43-4AA8-97DB-3642B47AC090
2022-04-13 15:10:07.387163-0500 0x42096    Default     0x0                  7849   0    installcoordinationd: [com.apple.installcoordination:daemon] -[IXSClientConnection _client_promiseDidCompleteSuccessfullyWithUUID:]: Dispatching _client_promiseDidCompleteSuccessfullyWithUUID:uuid to <IXSClientConnection<0x6000035c4690> client:CoreSimulatorBridge (pid 7804)>
2022-04-13 15:10:07.387210-0500 0x42096    Default     0x0                  7849   0    installcoordinationd: [com.apple.installcoordination:daemon] -[IXSDataPromiseManager promiseDidBegin:]: Unowned promise began: <IXSPromisedInMemoryDictionary(0x6000010d48c0) Name:Localizations for me.nesslab.com.PerformanceVisibility Creator:InstallCoordination Simple SPI UUID:6AB4A2E2-AD43-4AA8-97DB-3642B47AC090 PercentComplete:1.000000 IsComplete:Y DiskUsageBytes:52>
2022-04-13 15:10:07.387227-0500 0x42096    Default     0x0                  7849   0    installcoordinationd: [com.apple.installcoordination:daemon] -[IXSDataPromiseManager promise:didUpdateProgress:]: Unowned promise update progress to 1.000000 : <IXSPromisedInMemoryDictionary(0x6000010d48c0) Name:Localizations for me.nesslab.com.PerformanceVisibility Creator:InstallCoordination Simple SPI UUID:6AB4A2E2-AD43-4AA8-97DB-3642B47AC090 PercentComplete:1.000000 IsComplete:Y DiskUsageBytes:52>
2022-04-13 15:10:07.387241-0500 0x42096    Default     0x0                  7849   0    installcoordinationd: [com.apple.installcoordination:daemon] -[IXSDataPromiseManager promiseDidComplete:]: Unowned promise completed: <IXSPromisedInMemoryDictionary(0x6000010d48c0) Name:Localizations for me.nesslab.com.PerformanceVisibility Creator:InstallCoordination Simple SPI UUID:6AB4A2E2-AD43-4AA8-97DB-3642B47AC090 PercentComplete:1.000000 IsComplete:Y DiskUsageBytes:52>
2022-04-13 15:10:07.388263-0500 0x420bd    Default     0x0                  7804   0    CoreSimulatorBridge: (InstallCoordination) [com.apple.installcoordination:framework] -[IXServerConnection unregisterForUpdatesForDataPromiseWithUUID:]_block_invoke: No longer tracking data promise with UUID 6AB4A2E2-AD43-4AA8-97DB-3642B47AC090
2022-04-13 15:10:07.387541-0500 0x4244d    Default     0x0                  7849   0    installcoordinationd: [com.apple.installcoordination:daemon] -[IXSPlaceholder setLocalizationDictionaryPromise:]: <IXSPlaceholder(0x6000004c02d0) Name:App Placeholder: PerformanceVisibility (me.nesslab.com.PerformanceVisibility) Creator:InstallCoordination Simple SPI UUID:7A811FD7-9555-40CA-B88E-8D864F3EB388>: setting localization dict promise to <IXSPromisedInMemoryDictionary(0x6000010d48c0) Name:Localizations for me.nesslab.com.PerformanceVisibility Creator:InstallCoordination Simple SPI UUID:6AB4A2E2-AD43-4AA8-97DB-3642B47AC090 PercentComplete:1.000000 IsComplete:Y DiskUsageBytes:52>
2022-04-13 15:10:07.388179-0500 0x4244d    Default     0x0                  7849   0    installcoordinationd: [com.apple.installcoordination:daemon] -[IXSDataPromiseManager promise:didUpdateProgress:]: Unowned promise update progress to 0.000000 : <IXSPlaceholder(0x6000004c02d0) Name:App Placeholder: PerformanceVisibility (me.nesslab.com.PerformanceVisibility) Creator:InstallCoordination Simple SPI UUID:7A811FD7-9555-40CA-B88E-8D864F3EB388>
2022-04-13 15:10:07.388325-0500 0x42096    Default     0x0                  7849   0    installcoordinationd: [com.apple.installcoordination:daemon] -[IXSClientConnection removeInterestedCoordinatorOrPromiseUUID:]_block_invoke: <IXSClientConnection<0x6000035c4690> client:CoreSimulatorBridge (pid 7804)>: No longer interested in UUID: 6AB4A2E2-AD43-4AA8-97DB-3642B47AC090
2022-04-13 15:10:07.388440-0500 0x42096    Default     0x0                  7849   0    installcoordinationd: [com.apple.installcoordination:daemon] -[IXSPlaceholder setConfigurationComplete:]: <IXSPlaceholder(0x6000004c02d0) Name:App Placeholder: PerformanceVisibility (me.nesslab.com.PerformanceVisibility) Creator:InstallCoordination Simple SPI UUID:7A811FD7-9555-40CA-B88E-8D864F3EB388>: setting configuration complete to Y
2022-04-13 15:10:07.388916-0500 0x42096    Default     0x0                  7849   0    installcoordinationd: [com.apple.installcoordination:daemon] -[IXSPlaceholder _materialize]: Materializing placeholder <IXSPlaceholder(0x6000004c02d0) Name:App Placeholder: PerformanceVisibility (me.nesslab.com.PerformanceVisibility) Creator:InstallCoordination Simple SPI UUID:7A811FD7-9555-40CA-B88E-8D864F3EB388> at /Users/ness/Library/Developer/CoreSimulator/Devices/5B48DBF1-4B28-46D9-84C9-4B38BC6DF152/data/Containers/Shared/SystemGroup/systemgroup.com.apple.installcoordinationd/Library/InstallCoordination/PromiseStaging/7A811FD7-9555-40CA-B88E-8D864F3EB388
2022-04-13 15:10:07.389704-0500 0x42096    Default     0x0                  7849   0    installcoordinationd: [com.apple.installcoordination:daemon] -[IXSDataPromiseManager promiseDidComplete:]: Unowned promise completed: <IXSPlaceholder(0x6000004c02d0) Name:App Placeholder: PerformanceVisibility (me.nesslab.com.PerformanceVisibility) Creator:InstallCoordination Simple SPI UUID:7A811FD7-9555-40CA-B88E-8D864F3EB388>
2022-04-13 15:10:07.390159-0500 0x42096    Default     0x0                  7849   0    installcoordinationd: [com.apple.installcoordination:daemon] -[IXSDataPromiseManager registerPromise:]: Registered promise <IXSPromisedTransferToPath(0x6000010c81c0) Name:App Asset: me.nesslab.com.PerformanceVisibility Creator:InstallCoordination Simple SPI UUID:428DFC53-C359-4750-93BB-E5059ED6EECA PercentComplete:0.000000 IsComplete:N DiskUsageBytes:0> for UUID 428DFC53-C359-4750-93BB-E5059ED6EECA
2022-04-13 15:10:07.390172-0500 0x42096    Default     0x0                  7849   0    installcoordinationd: [com.apple.installcoordination:daemon] -[IXSClientConnection addInterestedCoordinatorOrPromiseUUID:]_block_invoke: <IXSClientConnection<0x6000035c4690> client:CoreSimulatorBridge (pid 7804)>: Interested in UUID: 428DFC53-C359-4750-93BB-E5059ED6EECA
