2022-04-13 15:10:07.438042-0500 0x4247e    Default     0x0                  7792   0    SpringBoard: (FrontBoardServices) [com.apple.frontboard.ApplicationLibrary:observer] -[FBSApplicationLibrary applicationInstallsDidStart:] me.nesslab.com.PerformanceVisibility
2022-04-13 15:10:07.441451-0500 0x41911    Default     0x0                  7778   0    UserEventAgent: (com.apple.cfnotification) Fired subscription for notification: com.apple.LaunchServices.applicationRegistered
2022-04-13 15:10:07.440420-0500 0x42455    Default     0x0                  7814   0    lsd: (CoreServices) [com.apple.launchservices:db] void _LSDatabaseCreateRecoveryFile(NSURL *__strong): Successfully created recovery file /Users/ness/Library/Developer/CoreSimulator/Devices/5B48DBF1-4B28-46D9-84C9-4B38BC6DF152/data/Containers/Data/System/D616C9DE-6C35-4C90-8464-F5B83F039681/Library/Caches/com.apple.LaunchServices.dirty
2022-04-13 15:10:07.441704-0500 0x41911    Default     0x0                  7778   0    UserEventAgent: (com.apple.cfnotification) Fired subscription for notification: com.apple.LaunchServices.applicationRegistered
2022-04-13 15:10:07.442300-0500 0x41911    Default     0x0                  7778   0    UserEventAgent: (com.apple.cfnotification) Fired subscription for notification: com.apple.LaunchServices.applicationRegistered
2022-04-13 15:10:07.440858-0500 0x42455    Default     0x0                  7814   0    lsd: (MobileInstallation) [com.apple.appinstallation:TransactionLog] me.nesslab.com.PerformanceVisibility:5:1:1:1:Proceeding with install: <LSMIPackageInstallCall @ 0x600000062200; b: me.nesslab.com.PerformanceVisibility p: file:///Users/ness/Library/Developer/CoreSimulator/Devices/5B48DBF1-4B28-46D9-84C9-4B38BC6DF152/data/Containers/Shared/SystemGroup/systemgroup.com.apple.installcoordinationd/Library/InstallCoordination/PromiseStaging/428DFC53-C359-4750-93BB-E5059ED6EECA/PerformanceVisibility.app/> type 5 with options {
    CFBundleIdentifier = "me.nesslab.com.PerformanceVisibility";
    IsUserInitiated = 1;
    PackageType = Developer;
    SkipWatchAppInstall = 1;
} on behalf of 7849
2022-04-13 15:10:07.442536-0500 0x4245e    Default     0x0                  7831   0    callservicesd: [com.apple.calls.callservicesd:Default] Launched by application installed notification
2022-04-13 15:10:07.442222-0500 0x4224b    Default     0x0                  7826   0    nsurlsessiond: (CoreServices) [com.apple.launchservices:appinstallation] LaunchServices observer: Will install (
    "<LSApplicationProxy: 0x600002329980> me.nesslab.com.PerformanceVisibility file:///Users/ness/Library/Developer/CoreSimulator/Devices/5B48DBF1-4B28-46D9-84C9-4B38BC6DF152/data/Containers/Bundle/Application/8A76876E-F2DB-493D-8F4B-2830D63D2F3E/PerformanceVisibility.app/ <me.nesslab.com.PerformanceVisibility <installed >:0>"
)
2022-04-13 15:10:07.441061-0500 0x423e0    Default     0x0                  7814   0    lsd: (CoreServices) [com.apple.launchservices:progress] Sending applicationsWillInstall: for (
    "<LSApplicationProxy: 0x600003548d80> me.nesslab.com.PerformanceVisibility file:///Users/ness/Library/Developer/CoreSimulator/Devices/5B48DBF1-4B28-46D9-84C9-4B38BC6DF152/data/Containers/Bundle/Application/8A76876E-F2DB-493D-8F4B-2830D63D2F3E/PerformanceVisibility.app/ <me.nesslab.com.PerformanceVisibility <installed >:0>"
)
2022-04-13 15:10:07.442171-0500 0x41e50    Default     0x0                  7898   0    clipserviced: (ClipServices) [com.apple.ClipServices:ClipServices] CPSClipCleanupManager: Post notification with name: com.apple.LaunchServices.applicationRegistered, userInfo: (null)
2022-04-13 15:10:07.441981-0500 0x41916    Default     0x0                  7792   0    SpringBoard: (SpringBoardHome) [com.apple.SpringBoard:Icon] 0x600000f2e600-SBApplicationIcon Data source did change: <SBApplicationPlaceholder: 0x60000347f2c0; bundleIdentifier: me.nesslab.com.PerformanceVisibility; displayName: PerformanceVisibility; progress: 60%; state: Installing; canPromote?: YES> (SBApplicationPlaceholder)
2022-04-13 15:10:07.442207-0500 0x41e50    Default     0x0                  7898   0    clipserviced: (ClipServices) [com.apple.ClipServices:ClipServices] CPSClipCleanupManager: Received app registered (non-placeholder) notification
2022-04-13 15:10:07.441028-0500 0x42459    Default     0x6ccb0              7780   0    runningboardd: (RunningBoard) [com.apple.runningboard:assertion] Acquiring assertion targeting [xpcservice<com.apple.FileProvider.LocalStorage([daemon<com.apple.FileProvider>:7901])>:7928] from originator [daemon<com.apple.FileProvider>:7901] with description <RBSAssertionDescriptor| "com.apple.extension.session" ID:7780-7901-194 target:7928 attributes:[
	<RBSLegacyAttribute| requestedReason:ViewService reason:ViewService flags:( AllowIdleSleep PreventTaskSuspend PreventTaskThrottleDown WantsForegroundResourcePriority )>,
	<RBSAcquisitionCompletionAttribute| policy:AfterValidation>
	]>
2022-04-13 15:10:07.442320-0500 0x41916    Default     0x0                  7792   0    SpringBoard: (SpringBoardHome) [com.apple.SpringBoard:Icon] 0x600000f2e600-SBApplicationIcon Data source did change: <SBApplicationPlaceholder: 0x60000347f2c0; bundleIdentifier: me.nesslab.com.PerformanceVisibility; displayName: PerformanceVisibility; progress: 60%; state: Installing; canPromote?: YES> (SBApplicationPlaceholder)
2022-04-13 15:10:07.441046-0500 0x42459    Default     0x6ccb0              7780   0    runningboardd: (RunningBoard) [com.apple.runningboard:assertion] Mutating assertion 7780-7901-194 reason from ViewService to Extension because it targets an xpc service.
2022-04-13 15:10:07.443198-0500 0x423b9    Default     0x0                  7861   0    profiled: (CoreServices) [com.apple.launchservices:appinstallation] LaunchServices observer: Will install (
    "<LSApplicationProxy: 0x60000280a880> me.nesslab.com.PerformanceVisibility file:///Users/ness/Library/Developer/CoreSimulator/Devices/5B48DBF1-4B28-46D9-84C9-4B38BC6DF152/data/Containers/Bundle/Application/8A76876E-F2DB-493D-8F4B-2830D63D2F3E/PerformanceVisibility.app/ <me.nesslab.com.PerformanceVisibility <installed >:0>"
)
2022-04-13 15:10:07.441067-0500 0x42459    Default     0x6ccb0              7780   0    runningboardd: (RunningBoard) [com.apple.runningboard:assertion] Assertion 7780-7901-194 (target:[xpcservice<com.apple.FileProvider.LocalStorage([daemon<com.apple.FileProvider>:7901])>:7928]) will be created as active
2022-04-13 15:10:07.442668-0500 0x41916    Default     0x0                  7792   0    SpringBoard: (SpringBoardHome) [com.apple.SpringBoard:Icon] 0x600000f2e600-SBApplicationIcon Data source did change: <SBApplicationPlaceholder: 0x60000347f2c0; bundleIdentifier: me.nesslab.com.PerformanceVisibility; displayName: PerformanceVisibility; progress: 60%; state: Installing; canPromote?: YES> (SBApplicationPlaceholder)
2022-04-13 15:10:07.443396-0500 0x41911    Default     0x0                  7778   0    UserEventAgent: (com.apple.cfnotification) Fired subscription for notification: com.apple.LaunchServices.applicationRegistered
2022-04-13 15:10:07.442818-0500 0x41916    Default     0x0                  7792   0    SpringBoard: (MobileInstallation) [com.apple.appinstallation:TransactionLog] me.nesslab.com.PerformanceVisibility:10:2:3:1:Reloading icon image.
2022-04-13 15:10:07.443308-0500 0x423dd    Default     0x0                  7821   0    donotdisturbd: (CoreServices) [com.apple.launchservices:appinstallation] LaunchServices observer: Will install (
    "<LSApplicationProxy: 0x60000034c240> me.nesslab.com.PerformanceVisibility file:///Users/ness/Library/Developer/CoreSimulator/Devices/5B48DBF1-4B28-46D9-84C9-4B38BC6DF152/data/Containers/Bundle/Application/8A76876E-F2DB-493D-8F4B-2830D63D2F3E/PerformanceVisibility.app/ <me.nesslab.com.PerformanceVisibility <installed >:0>"
)
2022-04-13 15:10:07.441109-0500 0x42182    Error       0x6c63f              7792   0    SpringBoard: (UserNotificationsUI) [com.apple.UserNotificationsUI:Extensions] Invalid value for UNNotificationExtensionCustomSectionIdentifier in Info.plist
2022-04-13 15:10:07.443878-0500 0x423c4    Default     0x0                  7867   0    homed: (CoreServices) [com.apple.launchservices:appinstallation] LaunchServices observer: Will install (
    "<LSApplicationProxy: 0x600003824cc0> me.nesslab.com.PerformanceVisibility file:///Users/ness/Library/Developer/CoreSimulator/Devices/5B48DBF1-4B28-46D9-84C9-4B38BC6DF152/data/Containers/Bundle/Application/8A76876E-F2DB-493D-8F4B-2830D63D2F3E/PerformanceVisibility.app/ <me.nesslab.com.PerformanceVisibility <installed >:0>"
)
2022-04-13 15:10:07.443855-0500 0x41c33    Default     0x6c20c              7871   0    com.apple.CallKit.CallDirectoryMaintenance: [com.apple.calls.calldirectory:Default] requested to synchronize extensions
2022-04-13 15:10:07.444020-0500 0x41c33    Error       0x6c20c              7871   0    com.apple.CallKit.CallDirectoryMaintenance: [com.apple.calls.calldirectory:Default] Unable to initialize CXCallDirectoryStore for reading and writing: Error Domain=NSCocoaErrorDomain Code=513 "You dont have permission to save the file CallDirectory in the folder Library." UserInfo={NSFilePath=/var/mobile/Library/CallDirectory, NSUnderlyingError=0x600003104f30 {Error Domain=NSPOSIXErrorDomain Code=13 "Permission denied"}}
2022-04-13 15:10:07.442233-0500 0x41e50    Error       0x0                  7898   0    clipserviced: (ClipServices) [com.apple.ClipServices:ClipServices] CPSClipCleanupManager: Failed to find launched app's bundleID in XPC event
2022-04-13 15:10:07.444346-0500 0x4245e    Default     0x0                  7831   0    callservicesd: (CoreServices) [com.apple.launchservices:appinstallation] LaunchServices observer: Will install (
    "<LSApplicationProxy: 0x600002739200> me.nesslab.com.PerformanceVisibility file:///Users/ness/Library/Developer/CoreSimulator/Devices/5B48DBF1-4B28-46D9-84C9-4B38BC6DF152/data/Containers/Bundle/Application/8A76876E-F2DB-493D-8F4B-2830D63D2F3E/PerformanceVisibility.app/ <me.nesslab.com.PerformanceVisibility <installed >:0>"
)
2022-04-13 15:10:07.444456-0500 0x41911    Default     0x0                  7778   0    UserEventAgent: (com.apple.cfnotification) Fired subscription for notification: com.apple.LaunchServices.applicationRegistered
2022-04-13 15:10:07.441803-0500 0x42459    Activity    0x6ccb1              7780   0    runningboardd: (RunningBoard) state update
2022-04-13 15:10:07.443948-0500 0x41e50    Default     0x0                  7898   0    clipserviced: (CoreServices) [com.apple.launchservices:appinstallation] LaunchServices observer: Will install (
    "<LSApplicationProxy: 0x600002c800c0> me.nesslab.com.PerformanceVisibility file:///Users/ness/Library/Developer/CoreSimulator/Devices/5B48DBF1-4B28-46D9-84C9-4B38BC6DF152/data/Containers/Bundle/Application/8A76876E-F2DB-493D-8F4B-2830D63D2F3E/PerformanceVisibility.app/ <me.nesslab.com.PerformanceVisibility <installed >:0>"
)
2022-04-13 15:10:07.444692-0500 0x423bf    Default     0x0                  7853   0    nanotimekitcompaniond: (CoreServices) [com.apple.launchservices:appinstallation] LaunchServices observer: Will install (
    "<LSApplicationProxy: 0x600002edc000> me.nesslab.com.PerformanceVisibility file:///Users/ness/Library/Developer/CoreSimulator/Devices/5B48DBF1-4B28-46D9-84C9-4B38BC6DF152/data/Containers/Bundle/Application/8A76876E-F2DB-493D-8F4B-2830D63D2F3E/PerformanceVisibility.app/ <me.nesslab.com.PerformanceVisibility <installed >:0>"
)
2022-04-13 15:10:07.444122-0500 0x42459    Default     0x6ccb0              7780   0    runningboardd: (RunningBoard) [com.apple.runningboard:process] [xpcservice<com.apple.FileProvider.LocalStorage([daemon<com.apple.FileProvider>:7901])>:7928] Resuming task.
2022-04-13 15:10:07.442657-0500 0x42194    Default     0x0                  7780   0    runningboardd: (CoreServices) [com.apple.launchservices:appinstallation] LaunchServices observer: Will install (
    "<LSApplicationProxy: 0x6000011b15c0> me.nesslab.com.PerformanceVisibility file:///Users/ness/Library/Developer/CoreSimulator/Devices/5B48DBF1-4B28-46D9-84C9-4B38BC6DF152/data/Containers/Bundle/Application/8A76876E-F2DB-493D-8F4B-2830D63D2F3E/PerformanceVisibility.app/ <me.nesslab.com.PerformanceVisibility <installed >:0>"
)
2022-04-13 15:10:07.444336-0500 0x42194    Default     0x6ccb0              7780   0    runningboardd: (RunningBoard) [com.apple.runningboard:monitor] Calculated state for xpcservice<com.apple.FileProvider.LocalStorage([daemon<com.apple.FileProvider>:7901])>: running-active (role: UserInteractiveNonFocal)
2022-04-13 15:10:07.444447-0500 0x4247c    Activity    0x6cca5              7792   0    SpringBoard: (RunningBoardServices) observedProcessStatesDidChange
2022-04-13 15:10:07.443048-0500 0x42182    Default     0x6c63f              7792   0    SpringBoard: (UserNotificationsUI) [com.apple.UserNotificationsUI:Extensions] Loaded extension com.apple.HealthMenstrualCyclesUI.NotificationContentExtension for categories [ MenstrualCyclesAppPlugin.AfterPeriodStart, MenstrualCyclesAppPlugin.AfterLoggedPeriodEnd ] with attributes: {
    NSExtensionPointName = "com.apple.usernotifications.content-extension";
    NSExtensionPointVersion = "1.0";
    NSExtensionVersion = "1.0";
    UNNotificationExtensionCategory =     (
        "MenstrualCyclesAppPlugin.AfterPeriodStart",
        "MenstrualCyclesAppPlugin.AfterLoggedPeriodEnd"
    );
    UNNotificationExtensionCustomSectionIdentifier = "com.apple.Health";
    UNNotificationExtensionInitialContentSizeRatio = "0.001";
}
2022-04-13 15:10:07.444483-0500 0x4247c    Default     0x6cca5              7792   0    SpringBoard: (RunningBoardServices) [com.apple.runningboard:monitor] Received state update for 7928
2022-04-13 15:10:07.443660-0500 0x4247e    Default     0x0                  7792   0    SpringBoard: (CoreServices) [com.apple.launchservices:appinstallation] LaunchServices observer: Will install (
    "<LSApplicationProxy: 0x60000140e880> me.nesslab.com.PerformanceVisibility file:///Users/ness/Library/Developer/CoreSimulator/Devices/5B48DBF1-4B28-46D9-84C9-4B38BC6DF152/data/Containers/Bundle/Application/8A76876E-F2DB-493D-8F4B-2830D63D2F3E/PerformanceVisibility.app/ <me.nesslab.com.PerformanceVisibility <installed >:0>"
)
2022-04-13 15:10:07.445270-0500 0x423cb    Default     0x6c4b9              7859   0    pkd: [com.apple.PlugInKit:discovery] [d 5913040D-82CD-4BA6-AE42-3A0FF2805FA9] [u 0A907F45-CF7E-46DD-BA1E-8F75BB634CE1] [com.apple.FileProvider.LocalStorage(1.0)] Created plugin
2022-04-13 15:10:07.444595-0500 0x4248c    Activity    0x6ccb2              7780   0    runningboardd: (RunningBoard) lookupHandleForPredicate
2022-04-13 15:10:07.444651-0500 0x4248c    Default     0x6ccb2              7780   0    runningboardd: (RunningBoard) [com.apple.runningboard:connection] [daemon<com.apple.SpringBoard>:7792] handle lookup could not find a matching process
2022-04-13 15:10:07.445593-0500 0x423cb    Default     0x6c4b9              7859   0    pkd: [com.apple.PlugInKit:discovery] [d 5913040D-82CD-4BA6-AE42-3A0FF2805FA9] Final plugin count: 4
2022-04-13 15:10:07.445928-0500 0x4244d    Default     0x0                  7849   0    installcoordinationd: [com.apple.installcoordination:daemon] -[IXSClientConnection _client_coordinatorWithUUID:didUpdateProgress:forPhase:overallProgress:]: Client SpringBoard (pid 7792) was not interested in UUID 296ADE2F-0C14-48B0-8A1F-B9EF4CB3B631
2022-04-13 15:10:07.446153-0500 0x420bd    Default     0x0                  7804   0    CoreSimulatorBridge: (InstallCoordination) [com.apple.installcoordination:framework] -[IXAppInstallCoordinator _clientDelegate_didUpdateProgress:forPhase:overallProgress:]: <IXUpdatingAppInstallCoordinator<0x6000024ee900> identifier:me.nesslab.com.PerformanceVisibility uuid:296ADE2F-0C14-48B0-8A1F-B9EF4CB3B631 creator:InstallCoordination Simple SPI>: Got did update progress delegate with percentComplete 5.000000 phase IXCoordinatorProgressPhaseInstalling overallProgress 68.650000
2022-04-13 15:10:07.445602-0500 0x42182    Default     0x6c63f              7792   0    SpringBoard: (UserNotificationsUI) [com.apple.UserNotificationsUI:Extensions] Loaded extension com.apple.ScreenTimeUI.ScreenTimeNotificationContentExtension for categories [ com.apple.screentime.weekly-usage-report ] with attributes: {
    NSExtensionPointName = "com.apple.usernotifications.content-extension";
    NSExtensionPointVersion = "1.0";
    NSExtensionVersion = "3.0";
    UNNotificationExtensionCategory = "com.apple.screentime.weekly-usage-report";
    UNNotificationExtensionCustomSectionIdentifier = "com.apple.ScreenTimeNotifications";
    UNNotificationExtensionDefaultContentHidden = 1;
    UNNotificationExtensionInitialContentSizeRatio = 1;
}
2022-04-13 15:10:07.445206-0500 0x4248c    Activity    0x6ccb3              7780   0    runningboardd: (RunningBoard) statesForPredicate
2022-04-13 15:10:07.445942-0500 0x4244d    Default     0x0                  7849   0    installcoordinationd: [com.apple.installcoordination:daemon] -[IXSClientConnection _client_coordinatorWithUUID:didUpdateProgress:forPhase:overallProgress:]: Client appstored (pid 7842) was not interested in UUID 296ADE2F-0C14-48B0-8A1F-B9EF4CB3B631
2022-04-13 15:10:07.446182-0500 0x420bd    Default     0x0                  7804   0    CoreSimulatorBridge: (InstallCoordination) [com.apple.installcoordination:framework] -[IXAppInstallCoordinator _clientDelegate_didUpdateProgress:forPhase:overallProgress:]: <IXUpdatingAppInstallCoordinator<0x6000024ee900> identifier:me.nesslab.com.PerformanceVisibility uuid:296ADE2F-0C14-48B0-8A1F-B9EF4CB3B631 creator:InstallCoordination Simple SPI>: Got did update progress delegate with percentComplete 15.000000 phase IXCoordinatorProgressPhaseInstalling overallProgress 71.950000
2022-04-13 15:10:07.445175-0500 0x4247e    Default     0x0                  7792   0    SpringBoard: (FrontBoardServices) [com.apple.frontboard.ApplicationLibrary:observer] -[FBSApplicationLibrary applicationsWillInstall:] me.nesslab.com.PerformanceVisibility
2022-04-13 15:10:07.446060-0500 0x42417    Default     0x0                  7919   0    Spotlight: (SpringBoardHome) [com.apple.SpringBoard:SelectedApplicationDataSource] Application installs did change
2022-04-13 15:10:07.445956-0500 0x4244d    Default     0x0                  7849   0    installcoordinationd: [com.apple.installcoordination:daemon] -[IXSClientConnection _client_coordinatorWithUUID:didUpdateProgress:forPhase:overallProgress:]: Dispatching _client_coordinatorWithUUID:uuid didUpdateProgress:percentComplete forPhase:phase overallProgress:overallProgress to <IXSClientConnection<0x6000035c4690> client:CoreSimulatorBridge (pid 7804)>
2022-04-13 15:10:07.446596-0500 0x4225b    Default     0x0                  7784   0    healthd: (HealthDaemon) [com.apple.HealthKit:default] Ignoring LaunchServices notification for placeholder
2022-04-13 15:10:07.445979-0500 0x4244d    Default     0x0                  7849   0    installcoordinationd: [com.apple.installcoordination:daemon] -[IXSClientConnection _client_coordinatorWithUUID:didUpdateProgress:forPhase:overallProgress:]: Client SpringBoard (pid 7792) was not interested in UUID 296ADE2F-0C14-48B0-8A1F-B9EF4CB3B631
2022-04-13 15:10:07.446893-0500 0x41a4f    Default     0x0                  7804   0    CoreSimulatorBridge: (InstallCoordination) [com.apple.installcoordination:framework] -[IXAppInstallCoordinator _clientDelegate_didUpdateProgress:forPhase:overallProgress:]: <IXUpdatingAppInstallCoordinator<0x6000024ee900> identifier:me.nesslab.com.PerformanceVisibility uuid:296ADE2F-0C14-48B0-8A1F-B9EF4CB3B631 creator:InstallCoordination Simple SPI>: Got did update progress delegate with percentComplete 20.000000 phase IXCoordinatorProgressPhaseInstalling overallProgress 73.600000
2022-04-13 15:10:07.446835-0500 0x42417    Default     0x0                  7919   0    Spotlight: (CoreServices) [com.apple.launchservices:appinstallation] LaunchServices observer: InstallsStarted (
    "<LSApplicationProxy: 0x600001e79080> me.nesslab.com.PerformanceVisibility file:///Users/ness/Library/Developer/CoreSimulator/Devices/5B48DBF1-4B28-46D9-84C9-4B38BC6DF152/data/Containers/Bundle/Application/8A76876E-F2DB-493D-8F4B-2830D63D2F3E/com.apple.mobileinstallation.placeholder/ <me.nesslab.com.PerformanceVisibility <placeholder >:1>"
)
2022-04-13 15:10:07.445988-0500 0x4244d    Default     0x0                  7849   0    installcoordinationd: [com.apple.installcoordination:daemon] -[IXSClientConnection _client_coordinatorWithUUID:didUpdateProgress:forPhase:overallProgress:]: Client appstored (pid 7842) was not interested in UUID 296ADE2F-0C14-48B0-8A1F-B9EF4CB3B631
2022-04-13 15:10:07.446575-0500 0x42182    Default     0x6c63f              7792   0    SpringBoard: (UserNotificationsUI) [com.apple.UserNotificationsUI:Extensions] Loaded extension com.apple.BarcodeSupport.BarcodeNotificationExtension2 for categories [ barcodeNotificationDefaultViewCategory ] with attributes: {
    NSExtensionPointName = "com.apple.usernotifications.content-extension";
    NSExtensionPointVersion = "1.0";
    NSExtensionVersion = "1.0";
    UNNotificationExtensionCategory = barcodeNotificationDefaultViewCategory;
    UNNotificationExtensionCustomSectionIdentifier =     (
        "com.apple.barcodesupport.qrcode",
        "com.apple.barcodesupport.nfc"
    );
    UNNotificationExtensionDefaultContentHidden = 0;
    UNNotificationExtensionInitialContentSizeRatio = "0.0001";
}
2022-04-13 15:10:07.445998-0500 0x4244d    Default     0x0                  7849   0    installcoordinationd: [com.apple.installcoordination:daemon] -[IXSClientConnection _client_coordinatorWithUUID:didUpdateProgress:forPhase:overallProgress:]: Dispatching _client_coordinatorWithUUID:uuid didUpdateProgress:percentComplete forPhase:phase overallProgress:overallProgress to <IXSClientConnection<0x6000035c4690> client:CoreSimulatorBridge (pid 7804)>
2022-04-13 15:10:07.447438-0500 0x42194    Activity    0x6ccb4              7780   0    runningboardd: (RunningBoard) executeTerminateRequest
2022-04-13 15:10:07.446013-0500 0x4244d    Default     0x0                  7849   0    installcoordinationd: [com.apple.installcoordination:daemon] -[IXSClientConnection _client_coordinatorWithUUID:didUpdateProgress:forPhase:overallProgress:]: Client SpringBoard (pid 7792) was not interested in UUID 296ADE2F-0C14-48B0-8A1F-B9EF4CB3B631
2022-04-13 15:10:07.446859-0500 0x42182    Default     0x6c63f              7792   0    SpringBoard: (UserNotificationsUI) [com.apple.UserNotificationsUI:Extensions] Loaded extension com.apple.mobileslideshow.photosmemoriesnotificationupdates for categories [ memoriesUpdates ] with attributes: {
    NSExtensionPointName = "com.apple.usernotifications.content-extension";
    NSExtensionPointVersion = "1.0";
    NSExtensionVersion = "1.0";
    UNNotificationExtensionCategory =     (
        memoriesUpdates
    );
    UNNotificationExtensionInitialContentSizeRatio = 1;
}
2022-04-13 15:10:07.447481-0500 0x42194    Default     0x6ccb4              7780   0    runningboardd: (RunningBoard) [com.apple.runningboard:connection] Received termination request from [daemon<com.apple.mobile.installd>:7873] on <RBSProcessPredicate <RBSProcessBundleIdentifierPredicate "me.nesslab.com.PerformanceVisibility">> with context <RBSTerminateContext| code:0xDEAD6502 explanation:FBSApplicationTerminationAssertion reportType:None maxTerminationResistance:Interactive attrs:[
	<RBSPreventLaunchLimitation| <RBSProcessPredicate <RBSProcessBundleIdentifierPredicate "me.nesslab.com.PerformanceVisibility">>>
	]>
2022-04-13 15:10:07.446022-0500 0x4244d    Default     0x0                  7849   0    installcoordinationd: [com.apple.installcoordination:daemon] -[IXSClientConnection _client_coordinatorWithUUID:didUpdateProgress:forPhase:overallProgress:]: Client appstored (pid 7842) was not interested in UUID 296ADE2F-0C14-48B0-8A1F-B9EF4CB3B631
2022-04-13 15:10:07.447979-0500 0x41bb8    Default     0x0                  7865   0    dmd: Received xpc stream event (distributed notification matching) with name: com.apple.LaunchServices.applicationRegistered user info: {
    bundleIDs =     (
        "me.nesslab.com.PerformanceVisibility"
    );
    isPlaceholder = 1;
}
2022-04-13 15:10:07.446502-0500 0x4244d    Default     0x0                  7849   0    installcoordinationd: [com.apple.installcoordination:daemon] -[IXSClientConnection _client_coordinatorWithUUID:didUpdateProgress:forPhase:overallProgress:]: Dispatching _client_coordinatorWithUUID:uuid didUpdateProgress:percentComplete forPhase:phase overallProgress:overallProgress to <IXSClientConnection<0x6000035c4690> client:CoreSimulatorBridge (pid 7804)>
2022-04-13 15:10:07.448069-0500 0x41bb8    Default     0x0                  7865   0    dmd: [com.apple.dmd:Policy] Handling distributed notification with name: com.apple.LaunchServices.applicationRegistered
2022-04-13 15:10:07.447956-0500 0x42194    Default     0x6ccb4              7780   0    runningboardd: (PlugInKit) [com.apple.PlugInKit:holds] <PKManager:0x6000026b4030> hold request for [/Users/ness/Library/Developer/CoreSimulator/Devices/5B48DBF1-4B28-46D9-84C9-4B38BC6DF152/data/Containers/Bundle/Application/8A76876E-F2DB-493D-8F4B-2830D63D2F3E/PerformanceVisibility.app] with flags: 0x4
2022-04-13 15:10:07.447089-0500 0x42182    Default     0x6c63f              7792   0    SpringBoard: (UserNotificationsUI) [com.apple.UserNotificationsUI:Extensions] Loaded extension com.apple.reminderkit.NotificationContentExtension for categories [ com.apple.remindd.reminderAlarm.thisAfternoon.weekend, com.apple.remindd.reminderAlarm.nextMorning.weekend, com.apple.remindd.reminderAlarm.tonight.weekend, com.apple.remindd.reminderAlarm.tonight, com.apple.remindd.reminderAlarm.thisAfternoon, com.apple.remindd.reminderAlarm.nextMorning ] with attributes: {
    NSExtensionPointName = "com.apple.usernotifications.content-extension";
    NSExtensionPointVersion = "1.0";
    NSExtensionVersion = "1.0";
    UNNotificationExtensionCategory =     (
        "com.apple.remindd.reminderAlarm.thisAfternoon.weekend",
        "com.apple.remindd.reminderAlarm.nextMorning.weekend",
        "com.apple.remindd.reminderAlarm.tonight.weekend",
        "com.apple.remindd.reminderAlarm.tonight",
        "com.apple.remindd.reminderAlarm.thisAfternoon",
        "com.apple.remindd.reminderAlarm.nextMorning"
    );
    UNNotificationExtensionCustomSectionIdentifier = "com.apple.reminders";
    UNNotificationExtensionDefaultConten
2022-04-13 15:10:07.448347-0500 0x4246e    Default     0x6c7fb              7859   0    pkd: [com.apple.PlugInKit:discovery] [d 4AA3C8C7-CACA-4ED8-866F-2841A9CA5811] [u B38C2A87-881D-4389-B768-222819D960E7] [com.apple.mobilecal.CalendarWidgetExtension(1.0)] Created plugin
2022-04-13 15:10:07.448481-0500 0x42458    Default     0x0                  7822   0    chronod: (PlugInKit) [com.apple.PlugInKit:discovery] Annotations changed, re-performing query for continuous discovery, report block = <0x600001f2c420>.
2022-04-13 15:10:07.448601-0500 0x42194    Default     0x6ccb4              7780   0    runningboardd: (PlugInKit) [com.apple.PlugInKit:holds] <PKManager:0x6000026b4030> hold request for [/Users/ness/Library/Developer/CoreSimulator/Devices/5B48DBF1-4B28-46D9-84C9-4B38BC6DF152/data/Containers/Bundle/Application/8A76876E-F2DB-493D-8F4B-2830D63D2F3E/PerformanceVisibility.app] with flags: 0x4 completed with hold token: [9E1206A3-814A-4BA9-9A1B-AE45EFA289DA]
2022-04-13 15:10:07.448537-0500 0x42458    Activity    0x6c7fc              7822   0    chronod: (PlugInKit) discovery
2022-04-13 15:10:07.447439-0500 0x42182    Default     0x6c63f              7792   0    SpringBoard: (UserNotificationsUI) [com.apple.UserNotificationsUI:Extensions] Loaded extension com.apple.news.articlenotificationextension for categories [ extension-article ] with attributes: {
    NSExtensionPointName = "com.apple.usernotifications.content-extension";
    NSExtensionPointVersion = "1.0";
    NSExtensionVersion = "4.0";
    UNNotificationExtensionCategory =     (
        "extension-article"
    );
    UNNotificationExtensionDefaultContentHidden = 1;
    UNNotificationExtensionInitialContentSizeRatio = "1.32";
}
2022-04-13 15:10:07.448589-0500 0x42458    Default     0x6c7fc              7822   0    chronod: (PlugInKit) [com.apple.PlugInKit:discovery] [d 9C873D1F-8CA6-4640-9D0C-1DB64F7A6ADD] <PKHost:0x60000041c4c0> Beginning discovery for flags: 0, point: multiple
2022-04-13 15:10:07.448656-0500 0x42194    Default     0x6ccb4              7780   0    runningboardd: (RunningBoard) [com.apple.runningboard:assertion] Acquiring assertion targeting system from originator [daemon<com.apple.mobile.installd>:7873] with description <RBSAssertionDescriptor| "FBSApplicationTerminationAssertion" ID:7780-7873-195 target:system attributes:[
	<RBSPreventLaunchLimitation| <RBSProcessPredicate <RBSProcessBundleIdentifierPredicate "me.nesslab.com.PerformanceVisibility">>>
	]>
2022-04-13 15:10:07.448444-0500 0x423cb    Default     0x6ccb4              7859   0    pkd: [com.apple.PlugInKit:holds] forced termination complete; hold request granted token: 9E1206A3-814A-4BA9-9A1B-AE45EFA289DA
2022-04-13 15:10:07.448706-0500 0x42194    Default     0x6ccb4              7780   0    runningboardd: (RunningBoard) [com.apple.runningboard:assertion] Assertion 7780-7873-195 (target:system) will be created as active
2022-04-13 15:10:07.448675-0500 0x42463    Default     0x6bd8e              7859   0    pkd: [com.apple.PlugInKit:discovery] [d 0570766B-5E1F-4C52-B20C-D0A845B41BD1] [u A3C42EA9-FE03-400C-AE81-CA4D5932E54C] [com.apple.Maps.MapsSpotlightIndexExtension(1.0)] Created plugin
2022-04-13 15:10:07.448091-0500 0x42182    Default     0x6c63f              7792   0    SpringBoard: (UserNotificationsUI) [com.apple.UserNotificationsUI:Extensions] Loaded extension com.apple.MobileSMS.MessagesNotificationExtension for categories [ MessageExtension, MessageExtension-AudioRaise, MessageExtension-Madrid, MessageExtension-MadridGroup, MessageExtension-SMS ] with attributes: {
    NSExtensionPointName = "com.apple.usernotifications.content-extension";
    NSExtensionPointVersion = "1.0";
    NSExtensionVersion = "14.0";
    UNNotificationExtensionCategory =     (
        MessageExtension,
        "MessageExtension-AudioRaise",
        "MessageExtension-Madrid",
        "MessageExtension-MadridGroup",
        "MessageExtension-SMS"
    );
    UNNotificationExtensionDefaultContentHidden = 1;
    UNNotificationExtensionInitialContentSizeRatio = "0.7";
    UNNotificationExtensionOverridesDefaultTitle = 1;
    UNNotificationExtensionUserInteractionEnabled = 1;
}
2022-04-13 15:10:07.448754-0500 0x42194    Activity    0x6ccb5              7780   0    runningboardd: (RunningBoard) state update
2022-04-13 15:10:07.449445-0500 0x423bd    Activity    0x6ccd1              7873   0    installd: (libsystem_containermanager.dylib) container_create_or_lookup_for_current_user
2022-04-13 15:10:07.449457-0500 0x423bd    Activity    0x6ccd2              7873   0    installd: (libsystem_containermanager.dylib) container_create_or_lookup_for_platform
2022-04-13 15:10:07.448904-0500 0x42463    Default     0x6bd8e              7859   0    pkd: [com.apple.PlugInKit:discovery] [d 0570766B-5E1F-4C52-B20C-D0A845B41BD1] [u 52E45451-6E2D-4138-B730-133203DF1EA2] [com.apple.MobileSMS.spotlight(14.0)] Created plugin
2022-04-13 15:10:07.448825-0500 0x42194    Default     0x6ccb4              7780   0    runningboardd: (RunningBoard) [com.apple.runningboard:process] Executing termination request for: <RBSProcessPredicate <RBSProcessBundleIdentifierPredicate "me.nesslab.com.PerformanceVisibility">>
2022-04-13 15:10:07.449468-0500 0x423bd    Default     0x6ccd2              7873   0    installd: (libsystem_containermanager.dylib) [com.apple.containermanager:xpc] Requesting container lookup; class = 1, identifier = me.nesslab.com.PerformanceVisibility, temp = 0, create = 0, euid = 501, uid = 501
2022-04-13 15:10:07.449630-0500 0x423df    Default     0x6ccd2              7799   0    containermanagerd: [com.apple.containermanager:fs] stat [/Users/ness/Library/Developer/CoreSimulator/Devices/5B48DBF1-4B28-46D9-84C9-4B38BC6DF152/data/Containers/Bundle/Application/8A76876E-F2DB-493D-8F4B-2830D63D2F3E/.com.apple.mobile_container_manager.metadata.plist]: exists: 1, isDirectory: 0, fsNode: <MCMFSNode: 0x600003fd4c60; inode = 32631814, device = 16777231>
2022-04-13 15:10:07.448474-0500 0x4247e    Default     0x0                  7792   0    SpringBoard: (PlugInKit) [com.apple.PlugInKit:discovery] Annotations changed, re-performing query for continuous discovery, report block = <0x600002fd74b0>.
2022-04-13 15:10:07.449856-0500 0x4245e    Error       0x6c20c              7831   0    callservicesd: [com.apple.calls.callservicesd:Default] Error synchronizing call directory extensions: Error Domain=com.apple.CallKit.error.calldirectorymanager Code=0 "(null)"
2022-04-13 15:10:07.449701-0500 0x423bd    Default     0x6ccd1              7873   0    installd: (libsystem_containermanager.dylib) [com.apple.containermanager:unspecified] container_create_or_lookup_for_platform: success
2022-04-13 15:10:07.449663-0500 0x423df    Default     0x6ccd2              7799   0    containermanagerd: [com.apple.containermanager:xpc] [501] command=0, client=<com.apple.installd, u=<501/20/501/2/501>, uid=501, pid=7873, sandboxed=0, platform=7 (1/1/1) [(null)]>, error=(none)
2022-04-13 15:10:07.449264-0500 0x4246e    Default     0x6c7fb              7859   0    pkd: [com.apple.PlugInKit:discovery] [d 4AA3C8C7-CACA-4ED8-866F-2841A9CA5811] [u 1C836B33-3016-43C7-8206-318EEB61E644] [com.apple.Maps.GeneralMapsWidget(1.0)] Created plugin
2022-04-13 15:10:07.448964-0500 0x42467    Activity    0x6cca7              7792   0    SpringBoard: (RunningBoardServices) observedProcessExitEvents
2022-04-13 15:10:07.449992-0500 0x4245e    Default     0x6c20c              7831   0    callservicesd: [com.apple.calls.callservicesd:Default] Ending transaction for extensionsChangedForCallDirectoryExtensionManager-15. Transaction count is now 0. Ended transaction: <OS_os_transaction: com.apple.calls.callservicesd.CXCallDirectoryNSExtensionManagerDelegate:extensionsChangedForCallDirectoryExtensionManager-15>
2022-04-13 15:10:07.449719-0500 0x423bd    Activity    0x6ccd3              7873   0    installd: (libsystem_containermanager.dylib) container_copy_path
2022-04-13 15:10:07.449831-0500 0x423df    Activity    0x6c277              7799   0    containermanagerd: (libsystem_containermanager.dylib) container_is_new
2022-04-13 15:10:07.450075-0500 0x4245e    Default     0x0                  7831   0    callservicesd: (PlugInKit) [com.apple.PlugInKit:discovery] Annotations changed, re-performing query for continuous discovery, report block = <0x600001c24ab0>.
2022-04-13 15:10:07.449743-0500 0x423bd    Default     0x0                  7873   0    installd: (libsystem_containermanager.dylib) [com.apple.containermanager:unspecified] container_copy_path: success
2022-04-13 15:10:07.449526-0500 0x42463    Default     0x6bd8e              7859   0    pkd: [com.apple.PlugInKit:discovery] [d 0570766B-5E1F-4C52-B20C-D0A845B41BD1] [u 0A907F45-CF7E-46DD-BA1E-8F75BB634CE1] [com.apple.FileProvider.LocalStorage(1.0)] Created plugin
2022-04-13 15:10:07.449183-0500 0x41916    Default     0x6cca7              7792   0    SpringBoard: (SpringBoard) [com.apple.SpringBoard:Common] termination assertion acquired for me.nesslab.com.PerformanceVisibility
2022-04-13 15:10:07.450249-0500 0x4245e    Activity    0x6c20d              7831   0    callservicesd: (PlugInKit) discovery
2022-04-13 15:10:07.449755-0500 0x423bd    Activity    0x6ccd4              7873   0    installd: (libsystem_containermanager.dylib) container_copy_info
2022-04-13 15:10:07.449925-0500 0x423df    Default     0x6ccd4              7799   0    containermanagerd: [com.apple.containermanager:fs] stat [/Users/ness/Library/Developer/CoreSimulator/Devices/5B48DBF1-4B28-46D9-84C9-4B38BC6DF152/data/Containers/Bundle/Application/8A76876E-F2DB-493D-8F4B-2830D63D2F3E/.com.apple.mobile_container_manager.metadata.plist]: exists: 1, isDirectory: 0, fsNode: <MCMFSNode: 0x600003fd4ae0; inode = 32631814, device = 16777231>
2022-04-13 15:10:07.448679-0500 0x42182    Default     0x6c63f              7792   0    SpringBoard: (UserNotificationsUI) [com.apple.UserNotificationsUI:Extensions] Loaded extension com.apple.CalendarNotification.CalendarContentExtension for categories [ com.apple.calendar.notifications.TriggeredEvent, com.apple.calendar.notifications.TriggeredEvent.Snooze, com.apple.calendar.notifications.TriggeredEvent.Directions, com.apple.calendar.notifications.TriggeredEvent.ConferenceCall, com.apple.calendar.notifications.TriggeredEvent.MailOrganizer, com.apple.calendar.notifications.TriggeredEvent.Directions.Snooze, com.apple.calendar.notifications.TriggeredEvent.ConferenceCall.Snooze, com.apple.calendar.notifications.TriggeredEvent.MailOrganizer.Snooze, com.apple.calendar.notifications.TriggeredEvent.Directions.ConferenceCall, com.apple.calendar.notifications.TriggeredEvent.Directions.MailOrganizer, com.apple.calendar.notifications.TriggeredEvent.ConferenceCall.MailOrganizer, com.apple.calendar.notifications.TriggeredEvent.Directions.ConferenceCall.Snooze, com.apple.calendar.notifications.TriggeredEvent.Directions.ConferenceCall.MailOrganizer, com.apple.calendar.notifications.TriggeredEvent.Directi<> ] with attributes: <decode: missing data>
2022-04-13 15:10:07.450323-0500 0x4245e    Default     0x6c20d              7831   0    callservicesd: (PlugInKit) [com.apple.PlugInKit:discovery] [d E32C94BA-BB3E-4B0C-87AF-EC2EDA7F662E] <PKHost:0x600000728a00> Beginning discovery for flags: 0, point: com.apple.callkit.call-directory
2022-04-13 15:10:07.449989-0500 0x423bd    Default     0x0                  7873   0    installd: (libsystem_containermanager.dylib) [com.apple.containermanager:unspecified] container_copy_info: success
2022-04-13 15:10:07.449955-0500 0x423df    Default     0x6ccd4              7799   0    containermanagerd: [com.apple.containermanager:xpc] [501] command=7, client=<com.apple.installd, u=<501/20/501/2/501>, uid=501, pid=7873, sandboxed=0, platform=7 (1/1/1) [(null)]>, error=(none)
2022-04-13 15:10:07.449709-0500 0x4246e    Default     0x6c7fb              7859   0    pkd: [com.apple.PlugInKit:discovery] [d 4AA3C8C7-CACA-4ED8-866F-2841A9CA5811] [u 53D55AE3-0B45-4A25-BD8C-9DED0F224A25] [com.apple.mobileslideshow.PhotosReliveWidget(1.0)] Created plugin
2022-04-13 15:10:07.451222-0500 0x42459    Error       0x6ccb0              7780   0    runningboardd: (RunningBoard) [com.apple.runningboard:process] [xpcservice<com.apple.FileProvider.LocalStorage([daemon<com.apple.FileProvider>:7901])>:7928] pid_resume() returned error 1: Operation not permitted
2022-04-13 15:10:07.448872-0500 0x4247e    Activity    0x6cca6              7792   0    SpringBoard: (PlugInKit) discovery
2022-04-13 15:10:07.450706-0500 0x423be    Default     0x6bd8d              7860   0    searchd: (PlugInKit) [com.apple.PlugInKit:discovery] [d AFA073F4-568E-4D70-82E3-53757F647FC1] <PKHost:0x60000171c740> Completed discovery. Final # of matches: 12
2022-04-13 15:10:07.451395-0500 0x41d4b    Default     0x0                  7784   0    healthd: (HealthDaemon) [com.apple.HealthKit:default] Received distnoted notification "com.apple.LaunchServices.applicationRegistered"
2022-04-13 15:10:07.451241-0500 0x42459    Default     0x6ccb0              7780   0    runningboardd: (RunningBoard) [com.apple.runningboard:process] [xpcservice<com.apple.FileProvider.LocalStorage([daemon<com.apple.FileProvider>:7901])>:7928] Error 45 setting darwin role to UserInteractiveNonFocal: Operation not supported, falling back to setting priority
2022-04-13 15:10:07.449751-0500 0x4247e    Default     0x6cca6              7792   0    SpringBoard: (PlugInKit) [com.apple.PlugInKit:discovery] [d DEDB4D31-2E3A-4198-8FA4-20EF4C3E239C] <PKHost:0x600003437c80> Beginning discovery for flags: 0, point: com.apple.widget-extension
2022-04-13 15:10:07.451638-0500 0x42379    Default     0x0                  7935   0    companionappd: (PlugInKit) [com.apple.PlugInKit:discovery] Annotations changed, re-performing query for continuous discovery, report block = <0x600001621680>.
2022-04-13 15:10:07.449863-0500 0x42463    Default     0x6bd8e              7859   0    pkd: [com.apple.PlugInKit:discovery] [d 0570766B-5E1F-4C52-B20C-D0A845B41BD1] [u 12E631DC-EDDA-41E0-B8D6-24931A9C0739] [com.apple.eventkitui.spotlight(1.0)] Created plugin
2022-04-13 15:10:07.451842-0500 0x423bd    Default     0x0                  7873   0    installd: (MobileSystemServices) 0x16dc6b000 -[MIInstaller performInstallationWithError:]: Installing <MIInstallableBundlePatch ID=me.nesslab.com.PerformanceVisibility; Version=1, ShortVersion=1.0>
2022-04-13 15:10:07.451254-0500 0x42459    Default     0x6ccb0              7780   0    runningboardd: (RunningBoard) [com.apple.runningboard:process] [xpcservice<com.apple.FileProvider.LocalStorage([daemon<com.apple.FileProvider>:7901])>:7928] Set darwin priority to: PRIO_DEFAULT
2022-04-13 15:10:07.450080-0500 0x4246e    Default     0x6c7fb              7859   0    pkd: [com.apple.PlugInKit:discovery] [d 4AA3C8C7-CACA-4ED8-866F-2841A9CA5811] [u FB39BD8E-FB71-4B06-B62A-557ED44CAD88] [com.apple.news.widget(7.2)] Created plugin
2022-04-13 15:10:07.451927-0500 0x423bd    Default     0x0                  7873   0    installd: (MobileInstallation) [com.apple.appinstallation:TransactionLog] me.nesslab.com.PerformanceVisibility:7:1:1:1:Start : Install (Patch Update)
2022-04-13 15:10:07.452128-0500 0x42451    Default     0x0                  7849   0    installcoordinationd: [com.apple.installcoordination:daemon] -[IXSClientConnection _client_coordinatorWithUUID:didUpdateProgress:forPhase:overallProgress:]: Client SpringBoard (pid 7792) was not interested in UUID 296ADE2F-0C14-48B0-8A1F-B9EF4CB3B631
2022-04-13 15:10:07.451262-0500 0x42459    Default     0x6ccb0              7780   0    runningboardd: (RunningBoard) [com.apple.runningboard:process] 7928 Set Darwin GPU to "allow"
2022-04-13 15:10:07.452307-0500 0x420bd    Default     0x0                  7804   0    CoreSimulatorBridge: (InstallCoordination) [com.apple.installcoordination:framework] -[IXAppInstallCoordinator _clientDelegate_didUpdateProgress:forPhase:overallProgress:]: <IXUpdatingAppInstallCoordinator<0x6000024ee900> identifier:me.nesslab.com.PerformanceVisibility uuid:296ADE2F-0C14-48B0-8A1F-B9EF4CB3B631 creator:InstallCoordination Simple SPI>: Got did update progress delegate with percentComplete 30.000000 phase IXCoordinatorProgressPhaseInstalling overallProgress 76.900000
2022-04-13 15:10:07.452022-0500 0x423bd    Default     0x0                  7873   0    installd: (MobileSystemServices) 0x16dc6b000 -[MIInstallableBundlePatch applyPatchWithError:]: Attempting Delta patch update of me.nesslab.com.PerformanceVisibility from 1 (1.0) to 1 (1.0)
2022-04-13 15:10:07.452210-0500 0x42379    Activity    0x6cc81              7935   0    companionappd: (PlugInKit) discovery
2022-04-13 15:10:07.452143-0500 0x42451    Default     0x0                  7849   0    installcoordinationd: [com.apple.installcoordination:daemon] -[IXSClientConnection _client_coordinatorWithUUID:didUpdateProgress:forPhase:overallProgress:]: Client appstored (pid 7842) was not interested in UUID 296ADE2F-0C14-48B0-8A1F-B9EF4CB3B631
2022-04-13 15:10:07.450294-0500 0x42182    Default     0x6c63f              7792   0    SpringBoard: (UserNotificationsUI) [com.apple.UserNotificationsUI:Extensions] Loaded extension com.apple.ShazamKit.ShazamNotificationContentExtension for categories [ com.apple.ShazamNotifications.category.actionable ] with attributes: {
    NSExtensionPointName = "com.apple.usernotifications.content-extension";
    NSExtensionPointVersion = "1.0";
    NSExtensionVersion = "1.0";
    UNNotificationExtensionCategory = "com.apple.ShazamNotifications.category.actionable";
    UNNotificationExtensionCustomSectionIdentifier = "com.apple.ShazamNotifications";
    UNNotificationExtensionDefaultContentHidden = 1;
    UNNotificationExtensionInitialContentSizeRatio = 1;
}
2022-04-13 15:10:07.450674-0500 0x42465    Default     0x6cca6              7859   0    pkd: (CoreServices) [com.apple.launchservices:default] No plugins found to match query {
    NSExtensionPointName = "com.apple.widget-extension";
}
2022-04-13 15:10:07.452332-0500 0x420bd    Default     0x0                  7804   0    CoreSimulatorBridge: (InstallCoordination) [com.apple.installcoordination:framework] -[IXAppInstallCoordinator _clientDelegate_didUpdateProgress:forPhase:overallProgress:]: <IXUpdatingAppInstallCoordinator<0x6000024ee900> identifier:me.nesslab.com.PerformanceVisibility uuid:296ADE2F-0C14-48B0-8A1F-B9EF4CB3B631 creator:InstallCoordination Simple SPI>: Got did update progress delegate with percentComplete 35.000000 phase IXCoordinatorProgressPhaseInstalling overallProgress 78.550000
2022-04-13 15:10:07.452367-0500 0x42379    Default     0x6cc81              7935   0    companionappd: (PlugInKit) [com.apple.PlugInKit:discovery] [d 93506A16-4A12-4CFE-8E83-A8950C75C8D2] <PKHost:0x600000d29e40> Beginning discovery for flags: 0, point: (null)
2022-04-13 15:10:07.452158-0500 0x42451    Default     0x0                  7849   0    installcoordinationd: [com.apple.installcoordination:daemon] -[IXSClientConnection _client_coordinatorWithUUID:didUpdateProgress:forPhase:overallProgress:]: Dispatching _client_coordinatorWithUUID:uuid didUpdateProgress:percentComplete forPhase:phase overallProgress:overallProgress to <IXSClientConnection<0x6000035c4690> client:CoreSimulatorBridge (pid 7804)>
2022-04-13 15:10:07.450773-0500 0x423cb    Default     0x6c20d              7859   0    pkd: (CoreServices) [com.apple.launchservices:default] No plugins found to match query {
    NSExtensionPointName = "com.apple.callkit.call-directory";
}
2022-04-13 15:10:07.452743-0500 0x42417    Default     0x0                  7919   0    Spotlight: (SpringBoardHome) [com.apple.SpringBoard:SelectedApplicationDataSource] Application installs did start: (
    "me.nesslab.com.PerformanceVisibility"
)
2022-04-13 15:10:07.452197-0500 0x42451    Default     0x0                  7849   0    installcoordinationd: [com.apple.installcoordination:daemon] -[IXSClientConnection _client_coordinatorWithUUID:didUpdateProgress:forPhase:overallProgress:]: Client SpringBoard (pid 7792) was not interested in UUID 296ADE2F-0C14-48B0-8A1F-B9EF4CB3B631
2022-04-13 15:10:07.453103-0500 0x41b40    Activity    0x6ccc1              7798   0    locationd: (RunningBoardServices) observedProcessStatesDidChange
2022-04-13 15:10:07.451075-0500 0x42182    Default     0x6c63f              7792   0    SpringBoard: (UserNotificationsUI) [com.apple.UserNotificationsUI:Extensions] Loaded extension com.apple.mobileslideshow.photosnotifications-updates for categories [ updates, updatesLiked, updatesCommented, invitations, invitationsWithJunkReport, suggestedCMMs, expiringCMMs, readyToViewInvitationCMM ] with attributes: {
    NSExtensionPointName = "com.apple.usernotifications.content-extension";
    NSExtensionPointVersion = "1.0";
    NSExtensionVersion = "1.0";
    UNNotificationExtensionCategory =     (
        updates,
        updatesLiked,
        updatesCommented,
        invitations,
        invitationsWithJunkReport,
        suggestedCMMs,
        expiringCMMs,
        readyToViewInvitationCMM
    );
    UNNotificationExtensionInitialContentSizeRatio = "0.02";
}
2022-04-13 15:10:07.453249-0500 0x42417    Default     0x0                  7919   0    Spotlight: (CoreServices) [com.apple.launchservices:appinstallation] LaunchServices observer: Will install (
    "<LSApplicationProxy: 0x600001e64c00> me.nesslab.com.PerformanceVisibility file:///Users/ness/Library/Developer/CoreSimulator/Devices/5B48DBF1-4B28-46D9-84C9-4B38BC6DF152/data/Containers/Bundle/Application/8A76876E-F2DB-493D-8F4B-2830D63D2F3E/PerformanceVisibility.app/ <me.nesslab.com.PerformanceVisibility <installed >:0>"
)
2022-04-13 15:10:07.452206-0500 0x42451    Default     0x0                  7849   0    installcoordinationd: [com.apple.installcoordination:daemon] -[IXSClientConnection _client_coordinatorWithUUID:didUpdateProgress:forPhase:overallProgress:]: Client appstored (pid 7842) was not interested in UUID 296ADE2F-0C14-48B0-8A1F-B9EF4CB3B631
2022-04-13 15:10:07.453405-0500 0x4245f    Default     0x6bd8d              7860   0    searchd: (PlugInKit) [com.apple.PlugInKit:discovery] <PKDiscoveryDriver:0x600002608000> delivering update to host (12 plugins)
2022-04-13 15:10:07.453214-0500 0x41b40    Default     0x6ccc1              7798   0    locationd: (RunningBoardServices) [com.apple.runningboard:monitor] Received state update for 7928
2022-04-13 15:10:07.453548-0500 0x4229d    Default     0x6c20d              7831   0    callservicesd: (PlugInKit) [com.apple.PlugInKit:discovery] [d E32C94BA-BB3E-4B0C-87AF-EC2EDA7F662E] <PKHost:0x600000728a00> Completed discovery. Final # of matches: 0
2022-04-13 15:10:07.452216-0500 0x42451    Default     0x0                  7849   0    installcoordinationd: [com.apple.installcoordination:daemon] -[IXSClientConnection _client_coordinatorWithUUID:didUpdateProgress:forPhase:overallProgress:]: Dispatching _client_coordinatorWithUUID:uuid didUpdateProgress:percentComplete forPhase:phase overallProgress:overallProgress to <IXSClientConnection<0x6000035c4690> client:CoreSimulatorBridge (pid 7804)>
2022-04-13 15:10:07.453508-0500 0x4245f    Activity    0x6bd8f              7860   0    searchd: (ExtensionFoundation) discovering extensions
